<?xml version="1.0"?>
<link_info>
   <banner>TMS320C55x Linker PC v4.4.1</banner>
   <copyright>Copyright (c) 1996-2012 Texas Instruments Incorporated</copyright>
   <link_time>0x5b8cefd9</link_time>
   <output_file>boot_post.out</output_file>
   <entry_point>
      <name>_c_int00</name>
      <address>0x2c7c2</address>
   </entry_point>
   <input_file_list>
      <input_file id="fl-2">
         <path>.\</path>
         <kind>object</kind>
         <file>aic3204_loop_linein.obj</file>
         <name>aic3204_loop_linein.obj</name>
      </input_file>
      <input_file id="fl-3">
         <path>.\</path>
         <kind>object</kind>
         <file>aic3204_test.obj</file>
         <name>aic3204_test.obj</name>
      </input_file>
      <input_file id="fl-4">
         <path>.\</path>
         <kind>object</kind>
         <file>aic3204_tone_headphone.obj</file>
         <name>aic3204_tone_headphone.obj</name>
      </input_file>
      <input_file id="fl-5">
         <path>.\</path>
         <kind>object</kind>
         <file>main.obj</file>
         <name>main.obj</name>
      </input_file>
      <input_file id="fl-6">
         <path>.\</path>
         <kind>object</kind>
         <file>mem_test.obj</file>
         <name>mem_test.obj</name>
      </input_file>
      <input_file id="fl-7">
         <path>.\</path>
         <kind>object</kind>
         <file>oled_test.obj</file>
         <name>oled_test.obj</name>
      </input_file>
      <input_file id="fl-8">
         <path>.\</path>
         <kind>object</kind>
         <file>spiflash_test.obj</file>
         <name>spiflash_test.obj</name>
      </input_file>
      <input_file id="fl-9">
         <path>.\</path>
         <kind>object</kind>
         <file>usb.obj</file>
         <name>usb.obj</name>
      </input_file>
      <input_file id="fl-f">
         <path>C:\Users\tfuglsang\workspace_v8\ezdsp5535_v1\lib\</path>
         <kind>archive</kind>
         <file>ezdsp5535bsl.lib</file>
         <name>ezdsp5535.obj</name>
      </input_file>
      <input_file id="fl-10">
         <path>C:\Users\tfuglsang\workspace_v8\ezdsp5535_v1\lib\</path>
         <kind>archive</kind>
         <file>ezdsp5535bsl.lib</file>
         <name>ezdsp5535_i2c.obj</name>
      </input_file>
      <input_file id="fl-11">
         <path>C:\Users\tfuglsang\workspace_v8\ezdsp5535_v1\lib\</path>
         <kind>archive</kind>
         <file>ezdsp5535bsl.lib</file>
         <name>ezdsp5535_i2s.obj</name>
      </input_file>
      <input_file id="fl-12">
         <path>C:\Users\tfuglsang\workspace_v8\ezdsp5535_v1\lib\</path>
         <kind>archive</kind>
         <file>ezdsp5535bsl.lib</file>
         <name>ezdsp5535_lcd.obj</name>
      </input_file>
      <input_file id="fl-13">
         <path>C:\Users\tfuglsang\workspace_v8\ezdsp5535_v1\lib\</path>
         <kind>archive</kind>
         <file>ezdsp5535bsl.lib</file>
         <name>ezdsp5535_led.obj</name>
      </input_file>
      <input_file id="fl-14">
         <path>C:\Users\tfuglsang\workspace_v8\ezdsp5535_v1\lib\</path>
         <kind>archive</kind>
         <file>ezdsp5535bsl.lib</file>
         <name>ezdsp5535_sar.obj</name>
      </input_file>
      <input_file id="fl-15">
         <path>C:\Users\tfuglsang\workspace_v8\ezdsp5535_v1\lib\</path>
         <kind>archive</kind>
         <file>ezdsp5535bsl.lib</file>
         <name>ezdsp5535_spiflash.obj</name>
      </input_file>
      <input_file id="fl-16">
         <path>C:\Users\tfuglsang\workspace_v8\ezdsp5535_v1\lib\</path>
         <kind>archive</kind>
         <file>ezdsp5535bsl.lib</file>
         <name>ezdsp5535_gpio.obj</name>
      </input_file>
      <input_file id="fl-17">
         <path>C:\Users\tfuglsang\workspace_v8\ezdsp5535_v1\c55xx_csl\ccs_v4.0_examples\cslVC5505\Debug\</path>
         <kind>archive</kind>
         <file>cslVC5505.lib</file>
         <name>vectors.obj</name>
      </input_file>
      <input_file id="fl-18">
         <path>C:\Users\tfuglsang\workspace_v8\ezdsp5535_v1\c55xx_csl\ccs_v4.0_examples\cslVC5505\Debug\</path>
         <kind>archive</kind>
         <file>cslVC5505.lib</file>
         <name>csl_usb.obj</name>
      </input_file>
      <input_file id="fl-19">
         <path>C:\Users\tfuglsang\workspace_v8\ezdsp5535_v1\c55xx_csl\ccs_v4.0_examples\cslVC5505\Debug\</path>
         <kind>archive</kind>
         <file>cslVC5505.lib</file>
         <name>csl_spi.obj</name>
      </input_file>
      <input_file id="fl-1a">
         <path>C:\Users\tfuglsang\workspace_v8\ezdsp5535_v1\c55xx_csl\ccs_v4.0_examples\cslVC5505\Debug\</path>
         <kind>archive</kind>
         <file>cslVC5505.lib</file>
         <name>csl_sar.obj</name>
      </input_file>
      <input_file id="fl-1b">
         <path>C:\Users\tfuglsang\workspace_v8\ezdsp5535_v1\c55xx_csl\ccs_v4.0_examples\cslVC5505\Debug\</path>
         <kind>archive</kind>
         <file>cslVC5505.lib</file>
         <name>csl_pll.obj</name>
      </input_file>
      <input_file id="fl-1c">
         <path>C:\Users\tfuglsang\workspace_v8\ezdsp5535_v1\c55xx_csl\ccs_v4.0_examples\cslVC5505\Debug\</path>
         <kind>archive</kind>
         <file>cslVC5505.lib</file>
         <name>csl_irqplug.obj</name>
      </input_file>
      <input_file id="fl-1d">
         <path>C:\Users\tfuglsang\workspace_v8\ezdsp5535_v1\c55xx_csl\ccs_v4.0_examples\cslVC5505\Debug\</path>
         <kind>archive</kind>
         <file>cslVC5505.lib</file>
         <name>csl_intc.obj</name>
      </input_file>
      <input_file id="fl-1e">
         <path>C:\Users\tfuglsang\workspace_v8\ezdsp5535_v1\c55xx_csl\ccs_v4.0_examples\cslVC5505\Debug\</path>
         <kind>archive</kind>
         <file>cslVC5505.lib</file>
         <name>csl_i2s.obj</name>
      </input_file>
      <input_file id="fl-1f">
         <path>C:\Users\tfuglsang\workspace_v8\ezdsp5535_v1\c55xx_csl\ccs_v4.0_examples\cslVC5505\Debug\</path>
         <kind>archive</kind>
         <file>cslVC5505.lib</file>
         <name>csl_i2c.obj</name>
      </input_file>
      <input_file id="fl-20">
         <path>C:\Users\tfuglsang\workspace_v8\ezdsp5535_v1\c55xx_csl\ccs_v4.0_examples\cslVC5505\Debug\</path>
         <kind>archive</kind>
         <file>cslVC5505.lib</file>
         <name>csl_gpio.obj</name>
      </input_file>
      <input_file id="fl-21">
         <path>C:\ti\ccsv8\tools\compiler\c5500_4.4.1\lib\</path>
         <kind>archive</kind>
         <file>rts55x.lib</file>
         <name>boot.obj</name>
      </input_file>
      <input_file id="fl-22">
         <path>C:\ti\ccsv8\tools\compiler\c5500_4.4.1\lib\</path>
         <kind>archive</kind>
         <file>rts55x.lib</file>
         <name>divul.obj</name>
      </input_file>
      <input_file id="fl-23">
         <path>C:\ti\ccsv8\tools\compiler\c5500_4.4.1\lib\</path>
         <kind>archive</kind>
         <file>rts55x.lib</file>
         <name>exit.obj</name>
      </input_file>
      <input_file id="fl-24">
         <path>C:\ti\ccsv8\tools\compiler\c5500_4.4.1\lib\</path>
         <kind>archive</kind>
         <file>rts55x.lib</file>
         <name>lmpy.obj</name>
      </input_file>
      <input_file id="fl-25">
         <path>C:\ti\ccsv8\tools\compiler\c5500_4.4.1\lib\</path>
         <kind>archive</kind>
         <file>rts55x.lib</file>
         <name>memcpy.obj</name>
      </input_file>
      <input_file id="fl-26">
         <path>C:\ti\ccsv8\tools\compiler\c5500_4.4.1\lib\</path>
         <kind>archive</kind>
         <file>rts55x.lib</file>
         <name>printf.obj</name>
      </input_file>
      <input_file id="fl-27">
         <path>C:\ti\ccsv8\tools\compiler\c5500_4.4.1\lib\</path>
         <kind>archive</kind>
         <file>rts55x.lib</file>
         <name>remul.obj</name>
      </input_file>
      <input_file id="fl-28">
         <path>C:\ti\ccsv8\tools\compiler\c5500_4.4.1\lib\</path>
         <kind>archive</kind>
         <file>rts55x.lib</file>
         <name>vectors.obj</name>
      </input_file>
      <input_file id="fl-29">
         <path>C:\ti\ccsv8\tools\compiler\c5500_4.4.1\lib\</path>
         <kind>archive</kind>
         <file>rts55x.lib</file>
         <name>_lock.obj</name>
      </input_file>
      <input_file id="fl-2a">
         <path>C:\ti\ccsv8\tools\compiler\c5500_4.4.1\lib\</path>
         <kind>archive</kind>
         <file>rts55x.lib</file>
         <name>_printfi.obj</name>
      </input_file>
      <input_file id="fl-2b">
         <path>C:\ti\ccsv8\tools\compiler\c5500_4.4.1\lib\</path>
         <kind>archive</kind>
         <file>rts55x.lib</file>
         <name>args_main.obj</name>
      </input_file>
      <input_file id="fl-2c">
         <path>C:\ti\ccsv8\tools\compiler\c5500_4.4.1\lib\</path>
         <kind>archive</kind>
         <file>rts55x.lib</file>
         <name>atoi.obj</name>
      </input_file>
      <input_file id="fl-2d">
         <path>C:\ti\ccsv8\tools\compiler\c5500_4.4.1\lib\</path>
         <kind>archive</kind>
         <file>rts55x.lib</file>
         <name>autoinit.obj</name>
      </input_file>
      <input_file id="fl-2e">
         <path>C:\ti\ccsv8\tools\compiler\c5500_4.4.1\lib\</path>
         <kind>archive</kind>
         <file>rts55x.lib</file>
         <name>cmpd.obj</name>
      </input_file>
      <input_file id="fl-2f">
         <path>C:\ti\ccsv8\tools\compiler\c5500_4.4.1\lib\</path>
         <kind>archive</kind>
         <file>rts55x.lib</file>
         <name>ctype.obj</name>
      </input_file>
      <input_file id="fl-30">
         <path>C:\ti\ccsv8\tools\compiler\c5500_4.4.1\lib\</path>
         <kind>archive</kind>
         <file>rts55x.lib</file>
         <name>defs.obj</name>
      </input_file>
      <input_file id="fl-31">
         <path>C:\ti\ccsv8\tools\compiler\c5500_4.4.1\lib\</path>
         <kind>archive</kind>
         <file>rts55x.lib</file>
         <name>divd.obj</name>
      </input_file>
      <input_file id="fl-32">
         <path>C:\ti\ccsv8\tools\compiler\c5500_4.4.1\lib\</path>
         <kind>archive</kind>
         <file>rts55x.lib</file>
         <name>fixdi.obj</name>
      </input_file>
      <input_file id="fl-33">
         <path>C:\ti\ccsv8\tools\compiler\c5500_4.4.1\lib\</path>
         <kind>archive</kind>
         <file>rts55x.lib</file>
         <name>fixdli.obj</name>
      </input_file>
      <input_file id="fl-34">
         <path>C:\ti\ccsv8\tools\compiler\c5500_4.4.1\lib\</path>
         <kind>archive</kind>
         <file>rts55x.lib</file>
         <name>fltlid.obj</name>
      </input_file>
      <input_file id="fl-35">
         <path>C:\ti\ccsv8\tools\compiler\c5500_4.4.1\lib\</path>
         <kind>archive</kind>
         <file>rts55x.lib</file>
         <name>fputc.obj</name>
      </input_file>
      <input_file id="fl-36">
         <path>C:\ti\ccsv8\tools\compiler\c5500_4.4.1\lib\</path>
         <kind>archive</kind>
         <file>rts55x.lib</file>
         <name>fputs.obj</name>
      </input_file>
      <input_file id="fl-37">
         <path>C:\ti\ccsv8\tools\compiler\c5500_4.4.1\lib\</path>
         <kind>archive</kind>
         <file>rts55x.lib</file>
         <name>frcmpyd_div.obj</name>
      </input_file>
      <input_file id="fl-38">
         <path>C:\ti\ccsv8\tools\compiler\c5500_4.4.1\lib\</path>
         <kind>archive</kind>
         <file>rts55x.lib</file>
         <name>isinf.obj</name>
      </input_file>
      <input_file id="fl-39">
         <path>C:\ti\ccsv8\tools\compiler\c5500_4.4.1\lib\</path>
         <kind>archive</kind>
         <file>rts55x.lib</file>
         <name>llmpy.obj</name>
      </input_file>
      <input_file id="fl-3a">
         <path>C:\ti\ccsv8\tools\compiler\c5500_4.4.1\lib\</path>
         <kind>archive</kind>
         <file>rts55x.lib</file>
         <name>lowlev.obj</name>
      </input_file>
      <input_file id="fl-3b">
         <path>C:\ti\ccsv8\tools\compiler\c5500_4.4.1\lib\</path>
         <kind>archive</kind>
         <file>rts55x.lib</file>
         <name>ltoa.obj</name>
      </input_file>
      <input_file id="fl-3c">
         <path>C:\ti\ccsv8\tools\compiler\c5500_4.4.1\lib\</path>
         <kind>archive</kind>
         <file>rts55x.lib</file>
         <name>memccpy.obj</name>
      </input_file>
      <input_file id="fl-3d">
         <path>C:\ti\ccsv8\tools\compiler\c5500_4.4.1\lib\</path>
         <kind>archive</kind>
         <file>rts55x.lib</file>
         <name>mpyd.obj</name>
      </input_file>
      <input_file id="fl-3e">
         <path>C:\ti\ccsv8\tools\compiler\c5500_4.4.1\lib\</path>
         <kind>archive</kind>
         <file>rts55x.lib</file>
         <name>negd.obj</name>
      </input_file>
      <input_file id="fl-3f">
         <path>C:\ti\ccsv8\tools\compiler\c5500_4.4.1\lib\</path>
         <kind>archive</kind>
         <file>rts55x.lib</file>
         <name>remli.obj</name>
      </input_file>
      <input_file id="fl-40">
         <path>C:\ti\ccsv8\tools\compiler\c5500_4.4.1\lib\</path>
         <kind>archive</kind>
         <file>rts55x.lib</file>
         <name>subd.obj</name>
      </input_file>
      <input_file id="fl-41">
         <path>C:\ti\ccsv8\tools\compiler\c5500_4.4.1\lib\</path>
         <kind>archive</kind>
         <file>rts55x.lib</file>
         <name>trgdrv.obj</name>
      </input_file>
      <input_file id="fl-42">
         <path>C:\ti\ccsv8\tools\compiler\c5500_4.4.1\lib\</path>
         <kind>archive</kind>
         <file>rts55x.lib</file>
         <name>trgmsg.obj</name>
      </input_file>
      <input_file id="fl-43">
         <path>C:\ti\ccsv8\tools\compiler\c5500_4.4.1\lib\</path>
         <kind>archive</kind>
         <file>rts55x.lib</file>
         <name>udiv.obj</name>
      </input_file>
      <input_file id="fl-44">
         <path>C:\ti\ccsv8\tools\compiler\c5500_4.4.1\lib\</path>
         <kind>archive</kind>
         <file>rts55x.lib</file>
         <name>_io_perm.obj</name>
      </input_file>
      <input_file id="fl-45">
         <path>C:\ti\ccsv8\tools\compiler\c5500_4.4.1\lib\</path>
         <kind>archive</kind>
         <file>rts55x.lib</file>
         <name>addd.obj</name>
      </input_file>
      <input_file id="fl-46">
         <path>C:\ti\ccsv8\tools\compiler\c5500_4.4.1\lib\</path>
         <kind>archive</kind>
         <file>rts55x.lib</file>
         <name>divli.obj</name>
      </input_file>
      <input_file id="fl-47">
         <path>C:\ti\ccsv8\tools\compiler\c5500_4.4.1\lib\</path>
         <kind>archive</kind>
         <file>rts55x.lib</file>
         <name>fflush.obj</name>
      </input_file>
      <input_file id="fl-48">
         <path>C:\ti\ccsv8\tools\compiler\c5500_4.4.1\lib\</path>
         <kind>archive</kind>
         <file>rts55x.lib</file>
         <name>frcmpyd.obj</name>
      </input_file>
      <input_file id="fl-49">
         <path>C:\ti\ccsv8\tools\compiler\c5500_4.4.1\lib\</path>
         <kind>archive</kind>
         <file>rts55x.lib</file>
         <name>fseek.obj</name>
      </input_file>
      <input_file id="fl-4a">
         <path>C:\ti\ccsv8\tools\compiler\c5500_4.4.1\lib\</path>
         <kind>archive</kind>
         <file>rts55x.lib</file>
         <name>setvbuf.obj</name>
      </input_file>
      <input_file id="fl-4b">
         <path>C:\ti\ccsv8\tools\compiler\c5500_4.4.1\lib\</path>
         <kind>archive</kind>
         <file>rts55x.lib</file>
         <name>fopen.obj</name>
      </input_file>
      <input_file id="fl-4c">
         <path>C:\ti\ccsv8\tools\compiler\c5500_4.4.1\lib\</path>
         <kind>archive</kind>
         <file>rts55x.lib</file>
         <name>memory.obj</name>
      </input_file>
      <input_file id="fl-4d">
         <path>C:\ti\ccsv8\tools\compiler\c5500_4.4.1\lib\</path>
         <kind>archive</kind>
         <file>rts55x.lib</file>
         <name>fclose.obj</name>
      </input_file>
      <input_file id="fl-4e">
         <path>C:\ti\ccsv8\tools\compiler\c5500_4.4.1\lib\</path>
         <kind>archive</kind>
         <file>rts55x.lib</file>
         <name>remove.obj</name>
      </input_file>
   </input_file_list>
   <object_component_list>
      <object_component id="oc-74">
         <name>.text</name>
         <load_address>0x20000</load_address>
         <run_address>0x20000</run_address>
         <size>0x21c6</size>
         <input_file_ref idref="fl-18"/>
      </object_component>
      <object_component id="oc-cf">
         <name>.text</name>
         <load_address>0x221c6</load_address>
         <run_address>0x221c6</run_address>
         <size>0x15a4</size>
         <input_file_ref idref="fl-2a"/>
      </object_component>
      <object_component id="oc-39">
         <name>.text</name>
         <load_address>0x2376a</load_address>
         <run_address>0x2376a</run_address>
         <size>0xdf6</size>
         <input_file_ref idref="fl-9"/>
      </object_component>
      <object_component id="oc-9b">
         <name>.text</name>
         <load_address>0x24560</load_address>
         <run_address>0x24560</run_address>
         <size>0xc3c</size>
         <input_file_ref idref="fl-1f"/>
      </object_component>
      <object_component id="oc-80">
         <name>.text</name>
         <load_address>0x2519c</load_address>
         <run_address>0x2519c</run_address>
         <size>0xb18</size>
         <input_file_ref idref="fl-1a"/>
      </object_component>
      <object_component id="oc-94">
         <name>.text</name>
         <load_address>0x25cb4</load_address>
         <run_address>0x25cb4</run_address>
         <size>0x9f3</size>
         <input_file_ref idref="fl-1e"/>
      </object_component>
      <object_component id="oc-3d">
         <name>.text:retain</name>
         <load_address>0x266a7</load_address>
         <run_address>0x266a7</run_address>
         <size>0x799</size>
         <input_file_ref idref="fl-9"/>
      </object_component>
      <object_component id="oc-a1">
         <name>.text</name>
         <load_address>0x26e40</load_address>
         <run_address>0x26e40</run_address>
         <size>0x68d</size>
         <input_file_ref idref="fl-20"/>
      </object_component>
      <object_component id="oc-2d">
         <name>.text</name>
         <load_address>0x274cd</load_address>
         <run_address>0x274cd</run_address>
         <size>0x62b</size>
         <input_file_ref idref="fl-7"/>
      </object_component>
      <object_component id="oc-7a">
         <name>.text</name>
         <load_address>0x27af8</load_address>
         <run_address>0x27af8</run_address>
         <size>0x5cc</size>
         <input_file_ref idref="fl-19"/>
      </object_component>
      <object_component id="oc-8e">
         <name>.text</name>
         <load_address>0x280c4</load_address>
         <run_address>0x280c4</run_address>
         <size>0x554</size>
         <input_file_ref idref="fl-1d"/>
      </object_component>
      <object_component id="oc-111">
         <name>.text</name>
         <load_address>0x28618</load_address>
         <run_address>0x28618</run_address>
         <size>0x543</size>
         <input_file_ref idref="fl-3a"/>
      </object_component>
      <object_component id="oc-12f">
         <name>.text</name>
         <load_address>0x28b5b</load_address>
         <run_address>0x28b5b</run_address>
         <size>0x528</size>
         <input_file_ref idref="fl-41"/>
      </object_component>
      <object_component id="oc-160">
         <name>.text</name>
         <load_address>0x29083</load_address>
         <run_address>0x29083</run_address>
         <size>0x4b5</size>
         <input_file_ref idref="fl-4c"/>
      </object_component>
      <object_component id="oc-eb">
         <name>.text</name>
         <load_address>0x29538</load_address>
         <run_address>0x29538</run_address>
         <size>0x3cc</size>
         <input_file_ref idref="fl-31"/>
      </object_component>
      <object_component id="oc-63">
         <name>.text</name>
         <load_address>0x29904</load_address>
         <run_address>0x29904</run_address>
         <size>0x3bd</size>
         <input_file_ref idref="fl-15"/>
      </object_component>
      <object_component id="oc-85">
         <name>.text</name>
         <load_address>0x29cc1</load_address>
         <run_address>0x29cc1</run_address>
         <size>0x2ad</size>
         <input_file_ref idref="fl-1b"/>
      </object_component>
      <object_component id="oc-15a">
         <name>.text</name>
         <load_address>0x29f6e</load_address>
         <run_address>0x29f6e</run_address>
         <size>0x27f</size>
         <input_file_ref idref="fl-4b"/>
      </object_component>
      <object_component id="oc-1d">
         <name>.text</name>
         <load_address>0x2a1ed</load_address>
         <run_address>0x2a1ed</run_address>
         <size>0x26f</size>
         <input_file_ref idref="fl-4"/>
      </object_component>
      <object_component id="oc-12">
         <name>.text</name>
         <load_address>0x2a45c</load_address>
         <run_address>0x2a45c</run_address>
         <size>0x26d</size>
         <input_file_ref idref="fl-2"/>
      </object_component>
      <object_component id="oc-10d">
         <name>.text</name>
         <load_address>0x2a6c9</load_address>
         <run_address>0x2a6c9</run_address>
         <size>0x25e</size>
         <input_file_ref idref="fl-39"/>
      </object_component>
      <object_component id="oc-142">
         <name>.text</name>
         <load_address>0x2a927</load_address>
         <run_address>0x2a927</run_address>
         <size>0x25a</size>
         <input_file_ref idref="fl-45"/>
      </object_component>
      <object_component id="oc-e1">
         <name>.text</name>
         <load_address>0x2ab81</load_address>
         <run_address>0x2ab81</run_address>
         <size>0x1ea</size>
         <input_file_ref idref="fl-2e"/>
      </object_component>
      <object_component id="oc-57">
         <name>.text</name>
         <load_address>0x2ad6b</load_address>
         <run_address>0x2ad6b</run_address>
         <size>0x1e7</size>
         <input_file_ref idref="fl-13"/>
      </object_component>
      <object_component id="oc-52">
         <name>.text</name>
         <load_address>0x2af52</load_address>
         <run_address>0x2af52</run_address>
         <size>0x192</size>
         <input_file_ref idref="fl-12"/>
      </object_component>
      <object_component id="oc-32">
         <name>.text</name>
         <load_address>0x2b0e4</load_address>
         <run_address>0x2b0e4</run_address>
         <size>0x18b</size>
         <input_file_ref idref="fl-8"/>
      </object_component>
      <object_component id="oc-22">
         <name>.text</name>
         <load_address>0x2b26f</load_address>
         <run_address>0x2b26f</run_address>
         <size>0x180</size>
         <input_file_ref idref="fl-5"/>
      </object_component>
      <object_component id="oc-5c">
         <name>.text</name>
         <load_address>0x2b3ef</load_address>
         <run_address>0x2b3ef</run_address>
         <size>0x17a</size>
         <input_file_ref idref="fl-14"/>
      </object_component>
      <object_component id="oc-100">
         <name>.text</name>
         <load_address>0x2b569</load_address>
         <run_address>0x2b569</run_address>
         <size>0x163</size>
         <input_file_ref idref="fl-36"/>
      </object_component>
      <object_component id="oc-11f">
         <name>.text</name>
         <load_address>0x2b6cc</load_address>
         <run_address>0x2b6cc</run_address>
         <size>0x14c</size>
         <input_file_ref idref="fl-3d"/>
      </object_component>
      <object_component id="oc-4c">
         <name>.text</name>
         <load_address>0x2b818</load_address>
         <run_address>0x2b818</run_address>
         <size>0x107</size>
         <input_file_ref idref="fl-11"/>
      </object_component>
      <object_component id="oc-156">
         <name>.text</name>
         <load_address>0x2b91f</load_address>
         <run_address>0x2b91f</run_address>
         <size>0xe6</size>
         <input_file_ref idref="fl-4a"/>
      </object_component>
      <object_component id="oc-13e">
         <name>.text</name>
         <load_address>0x2ba05</load_address>
         <run_address>0x2ba05</run_address>
         <size>0xdd</size>
         <input_file_ref idref="fl-44"/>
      </object_component>
      <object_component id="oc-14a">
         <name>.text</name>
         <load_address>0x2bae2</load_address>
         <run_address>0x2bae2</run_address>
         <size>0xc2</size>
         <input_file_ref idref="fl-47"/>
      </object_component>
      <object_component id="oc-137">
         <name>.text:CIO_breakpoint</name>
         <load_address>0x2bba4</load_address>
         <run_address>0x2bba4</run_address>
         <size>0xba</size>
         <input_file_ref idref="fl-42"/>
      </object_component>
      <object_component id="oc-17">
         <name>.text</name>
         <load_address>0x2bc5e</load_address>
         <run_address>0x2bc5e</run_address>
         <size>0xb7</size>
         <input_file_ref idref="fl-3"/>
      </object_component>
      <object_component id="oc-27">
         <name>.text</name>
         <load_address>0x2bd15</load_address>
         <run_address>0x2bd15</run_address>
         <size>0xaf</size>
         <input_file_ref idref="fl-6"/>
      </object_component>
      <object_component id="oc-fc">
         <name>.text</name>
         <load_address>0x2bdc4</load_address>
         <run_address>0x2bdc4</run_address>
         <size>0xa6</size>
         <input_file_ref idref="fl-35"/>
      </object_component>
      <object_component id="oc-aa">
         <name>.text</name>
         <load_address>0x2be6a</load_address>
         <run_address>0x2be6a</run_address>
         <size>0xa1</size>
         <input_file_ref idref="fl-22"/>
      </object_component>
      <object_component id="oc-47">
         <name>.text</name>
         <load_address>0x2bf0b</load_address>
         <run_address>0x2bf0b</run_address>
         <size>0x8e</size>
         <input_file_ref idref="fl-10"/>
      </object_component>
      <object_component id="oc-8a">
         <name>.text</name>
         <load_address>0x2bf99</load_address>
         <run_address>0x2bf99</run_address>
         <size>0x8c</size>
         <input_file_ref idref="fl-1c"/>
      </object_component>
      <object_component id="oc-69">
         <name>.text</name>
         <load_address>0x2c025</load_address>
         <run_address>0x2c025</run_address>
         <size>0x87</size>
         <input_file_ref idref="fl-16"/>
      </object_component>
      <object_component id="oc-117">
         <name>.text</name>
         <load_address>0x2c0ac</load_address>
         <run_address>0x2c0ac</run_address>
         <size>0x7d</size>
         <input_file_ref idref="fl-3b"/>
      </object_component>
      <object_component id="oc-167">
         <name>.text</name>
         <load_address>0x2c129</load_address>
         <run_address>0x2c129</run_address>
         <size>0x7b</size>
         <input_file_ref idref="fl-4d"/>
      </object_component>
      <object_component id="oc-14e">
         <name>.text</name>
         <load_address>0x2c1a4</load_address>
         <run_address>0x2c1a4</run_address>
         <size>0x76</size>
         <input_file_ref idref="fl-48"/>
      </object_component>
      <object_component id="oc-105">
         <name>.text</name>
         <load_address>0x2c21a</load_address>
         <run_address>0x2c21a</run_address>
         <size>0x73</size>
         <input_file_ref idref="fl-37"/>
      </object_component>
      <object_component id="oc-c1">
         <name>.text</name>
         <load_address>0x2c28d</load_address>
         <run_address>0x2c28d</run_address>
         <size>0x72</size>
         <input_file_ref idref="fl-27"/>
      </object_component>
      <object_component id="oc-f3">
         <name>.text</name>
         <load_address>0x2c2ff</load_address>
         <run_address>0x2c2ff</run_address>
         <size>0x6f</size>
         <input_file_ref idref="fl-33"/>
      </object_component>
      <object_component id="oc-6f">
         <name>.text</name>
         <load_address>0x2c36e</load_address>
         <run_address>0x2c36e</run_address>
         <size>0x6d</size>
         <input_file_ref idref="fl-17"/>
      </object_component>
      <object_component id="oc-134">
         <name>.text</name>
         <load_address>0x2c3db</load_address>
         <run_address>0x2c3db</run_address>
         <size>0x6d</size>
         <input_file_ref idref="fl-42"/>
      </object_component>
      <object_component id="oc-152">
         <name>.text</name>
         <load_address>0x2c448</load_address>
         <run_address>0x2c448</run_address>
         <size>0x6b</size>
         <input_file_ref idref="fl-49"/>
      </object_component>
      <object_component id="oc-f7">
         <name>.text</name>
         <load_address>0x2c4b3</load_address>
         <run_address>0x2c4b3</run_address>
         <size>0x67</size>
         <input_file_ref idref="fl-34"/>
      </object_component>
      <object_component id="oc-d9">
         <name>.text</name>
         <load_address>0x2c51a</load_address>
         <run_address>0x2c51a</run_address>
         <size>0x5c</size>
         <input_file_ref idref="fl-2c"/>
      </object_component>
      <object_component id="oc-42">
         <name>.text</name>
         <load_address>0x2c576</load_address>
         <run_address>0x2c576</run_address>
         <size>0x54</size>
         <input_file_ref idref="fl-f"/>
      </object_component>
      <object_component id="oc-bd">
         <name>.text</name>
         <load_address>0x2c5ca</load_address>
         <run_address>0x2c5ca</run_address>
         <size>0x50</size>
         <input_file_ref idref="fl-26"/>
      </object_component>
      <object_component id="oc-dd">
         <name>.text</name>
         <load_address>0x2c61a</load_address>
         <run_address>0x2c61a</run_address>
         <size>0x4d</size>
         <input_file_ref idref="fl-2d"/>
      </object_component>
      <object_component id="oc-d5">
         <name>.text</name>
         <load_address>0x2c667</load_address>
         <run_address>0x2c667</run_address>
         <size>0x4b</size>
         <input_file_ref idref="fl-2b"/>
      </object_component>
      <object_component id="oc-127">
         <name>.text</name>
         <load_address>0x2c6b2</load_address>
         <run_address>0x2c6b2</run_address>
         <size>0x4b</size>
         <input_file_ref idref="fl-3f"/>
      </object_component>
      <object_component id="oc-146">
         <name>.text</name>
         <load_address>0x2c6fd</load_address>
         <run_address>0x2c6fd</run_address>
         <size>0x48</size>
         <input_file_ref idref="fl-46"/>
      </object_component>
      <object_component id="oc-b9">
         <name>.text</name>
         <load_address>0x2c745</load_address>
         <run_address>0x2c745</run_address>
         <size>0x3f</size>
         <input_file_ref idref="fl-25"/>
      </object_component>
      <object_component id="oc-ae">
         <name>.text</name>
         <load_address>0x2c784</load_address>
         <run_address>0x2c784</run_address>
         <size>0x3e</size>
         <input_file_ref idref="fl-23"/>
      </object_component>
      <object_component id="oc-10">
         <name>.text</name>
         <load_address>0x2c7c2</load_address>
         <run_address>0x2c7c2</run_address>
         <size>0x34</size>
         <input_file_ref idref="fl-21"/>
      </object_component>
      <object_component id="oc-ef">
         <name>.text</name>
         <load_address>0x2c7f6</load_address>
         <run_address>0x2c7f6</run_address>
         <size>0x2a</size>
         <input_file_ref idref="fl-32"/>
      </object_component>
      <object_component id="oc-13a">
         <name>.text</name>
         <load_address>0x2c820</load_address>
         <run_address>0x2c820</run_address>
         <size>0x2a</size>
         <input_file_ref idref="fl-43"/>
      </object_component>
      <object_component id="oc-11b">
         <name>.text</name>
         <load_address>0x2c84a</load_address>
         <run_address>0x2c84a</run_address>
         <size>0x23</size>
         <input_file_ref idref="fl-3c"/>
      </object_component>
      <object_component id="oc-109">
         <name>.text</name>
         <load_address>0x2c86d</load_address>
         <run_address>0x2c86d</run_address>
         <size>0x1a</size>
         <input_file_ref idref="fl-38"/>
      </object_component>
      <object_component id="oc-12b">
         <name>.text</name>
         <load_address>0x2c887</load_address>
         <run_address>0x2c887</run_address>
         <size>0x14</size>
         <input_file_ref idref="fl-40"/>
      </object_component>
      <object_component id="oc-b5">
         <name>.text</name>
         <load_address>0x2c89b</load_address>
         <run_address>0x2c89b</run_address>
         <size>0x13</size>
         <input_file_ref idref="fl-24"/>
      </object_component>
      <object_component id="oc-c9">
         <name>.text</name>
         <load_address>0x2c8ae</load_address>
         <run_address>0x2c8ae</run_address>
         <size>0x12</size>
         <input_file_ref idref="fl-29"/>
      </object_component>
      <object_component id="oc-123">
         <name>.text</name>
         <load_address>0x2c8c0</load_address>
         <run_address>0x2c8c0</run_address>
         <size>0x10</size>
         <input_file_ref idref="fl-3e"/>
      </object_component>
      <object_component id="oc-16b">
         <name>.text</name>
         <load_address>0x2c8d0</load_address>
         <run_address>0x2c8d0</run_address>
         <size>0xa</size>
         <input_file_ref idref="fl-4e"/>
      </object_component>
      <object_component id="oc-b2">
         <name>.text:CIO_breakpoint</name>
         <load_address>0x2c8da</load_address>
         <run_address>0x2c8da</run_address>
         <size>0x7</size>
         <input_file_ref idref="fl-23"/>
      </object_component>
      <object_component id="oc-c5">
         <name>.text</name>
         <load_address>0x2c8e1</load_address>
         <run_address>0x2c8e1</run_address>
         <size>0x2</size>
         <input_file_ref idref="fl-28"/>
      </object_component>
      <object_component id="oc-a6">
         <name>.stack</name>
         <uninitialized>true</uninitialized>
         <run_address>0xc0</run_address>
         <size>0x0</size>
         <input_file_ref idref="fl-21"/>
      </object_component>
      <object_component id="oc-18c">
         <name>.stack</name>
         <uninitialized>true</uninitialized>
         <run_address>0xc0</run_address>
         <size>0x0</size>
      </object_component>
      <object_component id="oc-16f">
         <name>.sysstack</name>
         <uninitialized>true</uninitialized>
         <run_address>0x20c0</run_address>
         <size>0x0</size>
         <input_file_ref idref="fl-21"/>
      </object_component>
      <object_component id="oc-18e">
         <name>.sysstack</name>
         <uninitialized>true</uninitialized>
         <run_address>0x20c0</run_address>
         <size>0x0</size>
      </object_component>
      <object_component id="oc-28">
         <name>.bss</name>
         <uninitialized>true</uninitialized>
         <run_address>0x50c0</run_address>
         <size>0x800</size>
         <input_file_ref idref="fl-6"/>
      </object_component>
      <object_component id="oc-3a">
         <name>.bss</name>
         <uninitialized>true</uninitialized>
         <run_address>0x58c0</run_address>
         <size>0x66c</size>
         <input_file_ref idref="fl-9"/>
      </object_component>
      <object_component id="oc-33">
         <name>.bss</name>
         <uninitialized>true</uninitialized>
         <run_address>0x5f2c</run_address>
         <size>0x400</size>
         <input_file_ref idref="fl-8"/>
      </object_component>
      <object_component id="oc-75">
         <name>.bss</name>
         <uninitialized>true</uninitialized>
         <run_address>0x632c</run_address>
         <size>0x37c</size>
         <input_file_ref idref="fl-18"/>
      </object_component>
      <object_component id="oc-e7">
         <name>.bss</name>
         <uninitialized>true</uninitialized>
         <run_address>0x66a8</run_address>
         <size>0x232</size>
         <input_file_ref idref="fl-30"/>
      </object_component>
      <object_component id="oc-15b">
         <name>.bss</name>
         <uninitialized>true</uninitialized>
         <run_address>0x68da</run_address>
         <size>0x2</size>
         <input_file_ref idref="fl-4b"/>
      </object_component>
      <object_component id="oc-64">
         <name>.bss</name>
         <uninitialized>true</uninitialized>
         <run_address>0x68dc</run_address>
         <size>0x224</size>
         <input_file_ref idref="fl-15"/>
      </object_component>
      <object_component id="oc-130">
         <name>.bss</name>
         <uninitialized>true</uninitialized>
         <run_address>0x6b00</run_address>
         <size>0x1a0</size>
         <input_file_ref idref="fl-41"/>
      </object_component>
      <object_component id="oc-8f">
         <name>.bss</name>
         <uninitialized>true</uninitialized>
         <run_address>0x6ca0</run_address>
         <size>0x108</size>
         <input_file_ref idref="fl-1d"/>
      </object_component>
      <object_component id="oc-112">
         <name>.bss</name>
         <uninitialized>true</uninitialized>
         <run_address>0x6da8</run_address>
         <size>0xe2</size>
         <input_file_ref idref="fl-3a"/>
      </object_component>
      <object_component id="oc-95">
         <name>.bss</name>
         <uninitialized>true</uninitialized>
         <run_address>0x6e8a</run_address>
         <size>0x54</size>
         <input_file_ref idref="fl-1e"/>
      </object_component>
      <object_component id="oc-9c">
         <name>.bss</name>
         <uninitialized>true</uninitialized>
         <run_address>0x6ee0</run_address>
         <size>0x24</size>
         <input_file_ref idref="fl-1f"/>
      </object_component>
      <object_component id="oc-5d">
         <name>.bss</name>
         <uninitialized>true</uninitialized>
         <run_address>0x6f04</run_address>
         <size>0x10</size>
         <input_file_ref idref="fl-14"/>
      </object_component>
      <object_component id="oc-161">
         <name>.bss</name>
         <uninitialized>true</uninitialized>
         <run_address>0x6f14</run_address>
         <size>0xc</size>
         <input_file_ref idref="fl-4c"/>
      </object_component>
      <object_component id="oc-6a">
         <name>.bss</name>
         <uninitialized>true</uninitialized>
         <run_address>0x6f20</run_address>
         <size>0x8</size>
         <input_file_ref idref="fl-16"/>
      </object_component>
      <object_component id="oc-ca">
         <name>.bss</name>
         <uninitialized>true</uninitialized>
         <run_address>0x6f28</run_address>
         <size>0x8</size>
         <input_file_ref idref="fl-29"/>
      </object_component>
      <object_component id="oc-af">
         <name>.bss</name>
         <uninitialized>true</uninitialized>
         <run_address>0x6f30</run_address>
         <size>0x8</size>
         <input_file_ref idref="fl-23"/>
      </object_component>
      <object_component id="oc-7b">
         <name>.bss</name>
         <uninitialized>true</uninitialized>
         <run_address>0x6f38</run_address>
         <size>0x6</size>
         <input_file_ref idref="fl-19"/>
      </object_component>
      <object_component id="oc-4d">
         <name>.bss</name>
         <uninitialized>true</uninitialized>
         <run_address>0x6f40</run_address>
         <size>0x4</size>
         <input_file_ref idref="fl-11"/>
      </object_component>
      <object_component id="oc-173">
         <name>.const:__ctypes_</name>
         <load_address>0x6f44</load_address>
         <run_address>0x6f44</run_address>
         <size>0x202</size>
         <input_file_ref idref="fl-2f"/>
      </object_component>
      <object_component id="oc-3e">
         <name>.const:.string</name>
         <load_address>0x7148</load_address>
         <run_address>0x7148</run_address>
         <size>0x1ee</size>
         <input_file_ref idref="fl-9"/>
      </object_component>
      <object_component id="oc-35">
         <name>.const:.string</name>
         <load_address>0x7338</load_address>
         <run_address>0x7338</run_address>
         <size>0xba</size>
         <input_file_ref idref="fl-8"/>
      </object_component>
      <object_component id="oc-19">
         <name>.const:.string</name>
         <load_address>0x73f4</load_address>
         <run_address>0x73f4</run_address>
         <size>0x9e</size>
         <input_file_ref idref="fl-3"/>
      </object_component>
      <object_component id="oc-170">
         <name>.const:_$P$T0$1</name>
         <load_address>0x7492</load_address>
         <run_address>0x7492</run_address>
         <size>0x60</size>
         <input_file_ref idref="fl-4"/>
      </object_component>
      <object_component id="oc-d2">
         <name>.const:.string</name>
         <load_address>0x74f4</load_address>
         <run_address>0x74f4</run_address>
         <size>0x48</size>
         <input_file_ref idref="fl-2a"/>
      </object_component>
      <object_component id="oc-d1">
         <name>.const</name>
         <load_address>0x753c</load_address>
         <run_address>0x753c</run_address>
         <size>0x18</size>
         <input_file_ref idref="fl-2a"/>
      </object_component>
      <object_component id="oc-174">
         <name>.const:_initial_approx$1</name>
         <load_address>0x7554</load_address>
         <run_address>0x7554</run_address>
         <size>0x10</size>
         <input_file_ref idref="fl-31"/>
      </object_component>
      <object_component id="oc-171">
         <name>.const:_$P$T0$1</name>
         <load_address>0x7564</load_address>
         <run_address>0x7564</run_address>
         <size>0x8</size>
         <input_file_ref idref="fl-5"/>
      </object_component>
      <object_component id="oc-102">
         <name>.const:.string</name>
         <load_address>0x756c</load_address>
         <run_address>0x756c</run_address>
         <size>0x4</size>
         <input_file_ref idref="fl-36"/>
      </object_component>
      <object_component id="oc-f9">
         <name>.const</name>
         <load_address>0x7570</load_address>
         <run_address>0x7570</run_address>
         <size>0x4</size>
         <input_file_ref idref="fl-34"/>
      </object_component>
      <object_component id="oc-164">
         <name>.sysmem</name>
         <uninitialized>true</uninitialized>
         <run_address>0x30c0</run_address>
         <size>0x0</size>
         <input_file_ref idref="fl-4c"/>
      </object_component>
      <object_component id="oc-18d">
         <name>.sysmem</name>
         <uninitialized>true</uninitialized>
         <run_address>0x30c0</run_address>
         <size>0x0</size>
      </object_component>
      <object_component id="oc-172">
         <name>.switch</name>
         <load_address>0x40408</load_address>
         <run_address>0x40408</run_address>
         <size>0x30</size>
         <input_file_ref idref="fl-18"/>
      </object_component>
      <object_component id="oc-3c">
         <name>.cinit</name>
         <load_address>0x40240</load_address>
         <run_address>0x40240</run_address>
         <size>0xb8</size>
         <input_file_ref idref="fl-9"/>
      </object_component>
      <object_component id="oc-114">
         <name>.cinit</name>
         <load_address>0x402f8</load_address>
         <run_address>0x402f8</run_address>
         <size>0x5a</size>
         <input_file_ref idref="fl-3a"/>
      </object_component>
      <object_component id="oc-e9">
         <name>.cinit</name>
         <load_address>0x40352</load_address>
         <run_address>0x40352</run_address>
         <size>0x54</size>
         <input_file_ref idref="fl-30"/>
      </object_component>
      <object_component id="oc-5f">
         <name>.cinit</name>
         <load_address>0x403a6</load_address>
         <run_address>0x403a6</run_address>
         <size>0x18</size>
         <input_file_ref idref="fl-14"/>
      </object_component>
      <object_component id="oc-cc">
         <name>.cinit</name>
         <load_address>0x403be</load_address>
         <run_address>0x403be</run_address>
         <size>0x14</size>
         <input_file_ref idref="fl-29"/>
      </object_component>
      <object_component id="oc-b1">
         <name>.cinit</name>
         <load_address>0x403d2</load_address>
         <run_address>0x403d2</run_address>
         <size>0x14</size>
         <input_file_ref idref="fl-23"/>
      </object_component>
      <object_component id="oc-97">
         <name>.cinit</name>
         <load_address>0x403e6</load_address>
         <run_address>0x403e6</run_address>
         <size>0x10</size>
         <input_file_ref idref="fl-1e"/>
      </object_component>
      <object_component id="oc-15d">
         <name>.cinit</name>
         <load_address>0x403f6</load_address>
         <run_address>0x403f6</run_address>
         <size>0x8</size>
         <input_file_ref idref="fl-4b"/>
      </object_component>
      <object_component id="oc-163">
         <name>.cinit</name>
         <load_address>0x403fe</load_address>
         <run_address>0x403fe</run_address>
         <size>0x8</size>
         <input_file_ref idref="fl-4c"/>
      </object_component>
      <object_component id="oc-136">
         <name>.cio</name>
         <uninitialized>true</uninitialized>
         <run_address>0x40000</run_address>
         <size>0x240</size>
         <input_file_ref idref="fl-42"/>
      </object_component>
      <object_component id="oc-70">
         <name>vectors</name>
         <load_address>0x4fe00</load_address>
         <run_address>0x4fe00</run_address>
         <size>0x100</size>
         <input_file_ref idref="fl-17"/>
      </object_component>
      <object_component id="oc-11">
         <name>vectors</name>
         <load_address>0x4ff00</load_address>
         <run_address>0x4ff00</run_address>
         <size>0x100</size>
         <input_file_ref idref="fl-28"/>
      </object_component>
      <object_component id="oc-13">
         <name>.debug_info</name>
         <load_address>0x0</load_address>
         <run_address>0x0</run_address>
         <size>0xd7b</size>
         <input_file_ref idref="fl-2"/>
      </object_component>
      <object_component id="oc-18">
         <name>.debug_info</name>
         <load_address>0xd7b</load_address>
         <run_address>0xd7b</run_address>
         <size>0x987</size>
         <input_file_ref idref="fl-3"/>
      </object_component>
      <object_component id="oc-1e">
         <name>.debug_info</name>
         <load_address>0x1702</load_address>
         <run_address>0x1702</run_address>
         <size>0xd79</size>
         <input_file_ref idref="fl-4"/>
      </object_component>
      <object_component id="oc-23">
         <name>.debug_info</name>
         <load_address>0x247b</load_address>
         <run_address>0x247b</run_address>
         <size>0x14b5</size>
         <input_file_ref idref="fl-5"/>
      </object_component>
      <object_component id="oc-29">
         <name>.debug_info</name>
         <load_address>0x3930</load_address>
         <run_address>0x3930</run_address>
         <size>0x6c8</size>
         <input_file_ref idref="fl-6"/>
      </object_component>
      <object_component id="oc-2e">
         <name>.debug_info</name>
         <load_address>0x3ff8</load_address>
         <run_address>0x3ff8</run_address>
         <size>0x1511</size>
         <input_file_ref idref="fl-7"/>
      </object_component>
      <object_component id="oc-34">
         <name>.debug_info</name>
         <load_address>0x5509</load_address>
         <run_address>0x5509</run_address>
         <size>0x9ff</size>
         <input_file_ref idref="fl-8"/>
      </object_component>
      <object_component id="oc-3b">
         <name>.debug_info</name>
         <load_address>0x5f08</load_address>
         <run_address>0x5f08</run_address>
         <size>0x5b68</size>
         <input_file_ref idref="fl-9"/>
      </object_component>
      <object_component id="oc-43">
         <name>.debug_info</name>
         <load_address>0xba70</load_address>
         <run_address>0xba70</run_address>
         <size>0xc88</size>
         <input_file_ref idref="fl-f"/>
      </object_component>
      <object_component id="oc-48">
         <name>.debug_info</name>
         <load_address>0xc6f8</load_address>
         <run_address>0xc6f8</run_address>
         <size>0xa3d</size>
         <input_file_ref idref="fl-10"/>
      </object_component>
      <object_component id="oc-4e">
         <name>.debug_info</name>
         <load_address>0xd135</load_address>
         <run_address>0xd135</run_address>
         <size>0x1522</size>
         <input_file_ref idref="fl-11"/>
      </object_component>
      <object_component id="oc-53">
         <name>.debug_info</name>
         <load_address>0xe657</load_address>
         <run_address>0xe657</run_address>
         <size>0xd76</size>
         <input_file_ref idref="fl-12"/>
      </object_component>
      <object_component id="oc-58">
         <name>.debug_info</name>
         <load_address>0xf3cd</load_address>
         <run_address>0xf3cd</run_address>
         <size>0x107c</size>
         <input_file_ref idref="fl-13"/>
      </object_component>
      <object_component id="oc-5e">
         <name>.debug_info</name>
         <load_address>0x10449</load_address>
         <run_address>0x10449</run_address>
         <size>0x1489</size>
         <input_file_ref idref="fl-14"/>
      </object_component>
      <object_component id="oc-65">
         <name>.debug_info</name>
         <load_address>0x118d2</load_address>
         <run_address>0x118d2</run_address>
         <size>0x1edf</size>
         <input_file_ref idref="fl-15"/>
      </object_component>
      <object_component id="oc-6b">
         <name>.debug_info</name>
         <load_address>0x137b1</load_address>
         <run_address>0x137b1</run_address>
         <size>0x14c3</size>
         <input_file_ref idref="fl-16"/>
      </object_component>
      <object_component id="oc-71">
         <name>.debug_info</name>
         <load_address>0x14c74</load_address>
         <run_address>0x14c74</run_address>
         <size>0x1a4</size>
         <input_file_ref idref="fl-17"/>
      </object_component>
      <object_component id="oc-76">
         <name>.debug_info</name>
         <load_address>0x14e18</load_address>
         <run_address>0x14e18</run_address>
         <size>0xb595</size>
         <input_file_ref idref="fl-18"/>
      </object_component>
      <object_component id="oc-7c">
         <name>.debug_info</name>
         <load_address>0x203ad</load_address>
         <run_address>0x203ad</run_address>
         <size>0x7178</size>
         <input_file_ref idref="fl-19"/>
      </object_component>
      <object_component id="oc-81">
         <name>.debug_info</name>
         <load_address>0x27525</load_address>
         <run_address>0x27525</run_address>
         <size>0x6ebb</size>
         <input_file_ref idref="fl-1a"/>
      </object_component>
      <object_component id="oc-86">
         <name>.debug_info</name>
         <load_address>0x2e3e0</load_address>
         <run_address>0x2e3e0</run_address>
         <size>0x62b5</size>
         <input_file_ref idref="fl-1b"/>
      </object_component>
      <object_component id="oc-8b">
         <name>.debug_info</name>
         <load_address>0x34695</load_address>
         <run_address>0x34695</run_address>
         <size>0x18e</size>
         <input_file_ref idref="fl-1c"/>
      </object_component>
      <object_component id="oc-90">
         <name>.debug_info</name>
         <load_address>0x34823</load_address>
         <run_address>0x34823</run_address>
         <size>0x6f61</size>
         <input_file_ref idref="fl-1d"/>
      </object_component>
      <object_component id="oc-96">
         <name>.debug_info</name>
         <load_address>0x3b784</load_address>
         <run_address>0x3b784</run_address>
         <size>0x710f</size>
         <input_file_ref idref="fl-1e"/>
      </object_component>
      <object_component id="oc-9d">
         <name>.debug_info</name>
         <load_address>0x42893</load_address>
         <run_address>0x42893</run_address>
         <size>0x7424</size>
         <input_file_ref idref="fl-1f"/>
      </object_component>
      <object_component id="oc-a2">
         <name>.debug_info</name>
         <load_address>0x49cb7</load_address>
         <run_address>0x49cb7</run_address>
         <size>0x6ced</size>
         <input_file_ref idref="fl-20"/>
      </object_component>
      <object_component id="oc-a7">
         <name>.debug_info</name>
         <load_address>0x509a4</load_address>
         <run_address>0x509a4</run_address>
         <size>0xe8</size>
         <input_file_ref idref="fl-21"/>
      </object_component>
      <object_component id="oc-ab">
         <name>.debug_info</name>
         <load_address>0x50a8c</load_address>
         <run_address>0x50a8c</run_address>
         <size>0x534</size>
         <input_file_ref idref="fl-22"/>
      </object_component>
      <object_component id="oc-b0">
         <name>.debug_info</name>
         <load_address>0x50fc0</load_address>
         <run_address>0x50fc0</run_address>
         <size>0x5fb</size>
         <input_file_ref idref="fl-23"/>
      </object_component>
      <object_component id="oc-b6">
         <name>.debug_info</name>
         <load_address>0x515bb</load_address>
         <run_address>0x515bb</run_address>
         <size>0xbd</size>
         <input_file_ref idref="fl-24"/>
      </object_component>
      <object_component id="oc-ba">
         <name>.debug_info</name>
         <load_address>0x51678</load_address>
         <run_address>0x51678</run_address>
         <size>0xd1</size>
         <input_file_ref idref="fl-25"/>
      </object_component>
      <object_component id="oc-be">
         <name>.debug_info</name>
         <load_address>0x51749</load_address>
         <run_address>0x51749</run_address>
         <size>0x76c</size>
         <input_file_ref idref="fl-26"/>
      </object_component>
      <object_component id="oc-c2">
         <name>.debug_info</name>
         <load_address>0x51eb5</load_address>
         <run_address>0x51eb5</run_address>
         <size>0x534</size>
         <input_file_ref idref="fl-27"/>
      </object_component>
      <object_component id="oc-c6">
         <name>.debug_info</name>
         <load_address>0x523e9</load_address>
         <run_address>0x523e9</run_address>
         <size>0xbc</size>
         <input_file_ref idref="fl-28"/>
      </object_component>
      <object_component id="oc-cb">
         <name>.debug_info</name>
         <load_address>0x524a5</load_address>
         <run_address>0x524a5</run_address>
         <size>0x5bc</size>
         <input_file_ref idref="fl-29"/>
      </object_component>
      <object_component id="oc-d0">
         <name>.debug_info</name>
         <load_address>0x52a61</load_address>
         <run_address>0x52a61</run_address>
         <size>0x27bd</size>
         <input_file_ref idref="fl-2a"/>
      </object_component>
      <object_component id="oc-d6">
         <name>.debug_info</name>
         <load_address>0x5521e</load_address>
         <run_address>0x5521e</run_address>
         <size>0x586</size>
         <input_file_ref idref="fl-2b"/>
      </object_component>
      <object_component id="oc-da">
         <name>.debug_info</name>
         <load_address>0x557a4</load_address>
         <run_address>0x557a4</run_address>
         <size>0x5a4</size>
         <input_file_ref idref="fl-2c"/>
      </object_component>
      <object_component id="oc-de">
         <name>.debug_info</name>
         <load_address>0x55d48</load_address>
         <run_address>0x55d48</run_address>
         <size>0xcd</size>
         <input_file_ref idref="fl-2d"/>
      </object_component>
      <object_component id="oc-e2">
         <name>.debug_info</name>
         <load_address>0x55e15</load_address>
         <run_address>0x55e15</run_address>
         <size>0x81f</size>
         <input_file_ref idref="fl-2e"/>
      </object_component>
      <object_component id="oc-e5">
         <name>.debug_info</name>
         <load_address>0x56634</load_address>
         <run_address>0x56634</run_address>
         <size>0x498</size>
         <input_file_ref idref="fl-2f"/>
      </object_component>
      <object_component id="oc-e8">
         <name>.debug_info</name>
         <load_address>0x56acc</load_address>
         <run_address>0x56acc</run_address>
         <size>0x57e</size>
         <input_file_ref idref="fl-30"/>
      </object_component>
      <object_component id="oc-ec">
         <name>.debug_info</name>
         <load_address>0x5704a</load_address>
         <run_address>0x5704a</run_address>
         <size>0x7e8</size>
         <input_file_ref idref="fl-31"/>
      </object_component>
      <object_component id="oc-f0">
         <name>.debug_info</name>
         <load_address>0x57832</load_address>
         <run_address>0x57832</run_address>
         <size>0x4cf</size>
         <input_file_ref idref="fl-32"/>
      </object_component>
      <object_component id="oc-f4">
         <name>.debug_info</name>
         <load_address>0x57d01</load_address>
         <run_address>0x57d01</run_address>
         <size>0x534</size>
         <input_file_ref idref="fl-33"/>
      </object_component>
      <object_component id="oc-f8">
         <name>.debug_info</name>
         <load_address>0x58235</load_address>
         <run_address>0x58235</run_address>
         <size>0x549</size>
         <input_file_ref idref="fl-34"/>
      </object_component>
      <object_component id="oc-fd">
         <name>.debug_info</name>
         <load_address>0x5877e</load_address>
         <run_address>0x5877e</run_address>
         <size>0x6aa</size>
         <input_file_ref idref="fl-35"/>
      </object_component>
      <object_component id="oc-101">
         <name>.debug_info</name>
         <load_address>0x58e28</load_address>
         <run_address>0x58e28</run_address>
         <size>0x942</size>
         <input_file_ref idref="fl-36"/>
      </object_component>
      <object_component id="oc-106">
         <name>.debug_info</name>
         <load_address>0x5976a</load_address>
         <run_address>0x5976a</run_address>
         <size>0x53e</size>
         <input_file_ref idref="fl-37"/>
      </object_component>
      <object_component id="oc-10a">
         <name>.debug_info</name>
         <load_address>0x59ca8</load_address>
         <run_address>0x59ca8</run_address>
         <size>0x680</size>
         <input_file_ref idref="fl-38"/>
      </object_component>
      <object_component id="oc-10e">
         <name>.debug_info</name>
         <load_address>0x5a328</load_address>
         <run_address>0x5a328</run_address>
         <size>0x7d4</size>
         <input_file_ref idref="fl-39"/>
      </object_component>
      <object_component id="oc-113">
         <name>.debug_info</name>
         <load_address>0x5aafc</load_address>
         <run_address>0x5aafc</run_address>
         <size>0x144b</size>
         <input_file_ref idref="fl-3a"/>
      </object_component>
      <object_component id="oc-118">
         <name>.debug_info</name>
         <load_address>0x5bf47</load_address>
         <run_address>0x5bf47</run_address>
         <size>0x5ad</size>
         <input_file_ref idref="fl-3b"/>
      </object_component>
      <object_component id="oc-11c">
         <name>.debug_info</name>
         <load_address>0x5c4f4</load_address>
         <run_address>0x5c4f4</run_address>
         <size>0x574</size>
         <input_file_ref idref="fl-3c"/>
      </object_component>
      <object_component id="oc-120">
         <name>.debug_info</name>
         <load_address>0x5ca68</load_address>
         <run_address>0x5ca68</run_address>
         <size>0x55b</size>
         <input_file_ref idref="fl-3d"/>
      </object_component>
      <object_component id="oc-124">
         <name>.debug_info</name>
         <load_address>0x5cfc3</load_address>
         <run_address>0x5cfc3</run_address>
         <size>0x4b7</size>
         <input_file_ref idref="fl-3e"/>
      </object_component>
      <object_component id="oc-128">
         <name>.debug_info</name>
         <load_address>0x5d47a</load_address>
         <run_address>0x5d47a</run_address>
         <size>0x4f2</size>
         <input_file_ref idref="fl-3f"/>
      </object_component>
      <object_component id="oc-12c">
         <name>.debug_info</name>
         <load_address>0x5d96c</load_address>
         <run_address>0x5d96c</run_address>
         <size>0x4de</size>
         <input_file_ref idref="fl-40"/>
      </object_component>
      <object_component id="oc-131">
         <name>.debug_info</name>
         <load_address>0x5de4a</load_address>
         <run_address>0x5de4a</run_address>
         <size>0xed4</size>
         <input_file_ref idref="fl-41"/>
      </object_component>
      <object_component id="oc-135">
         <name>.debug_info</name>
         <load_address>0x5ed1e</load_address>
         <run_address>0x5ed1e</run_address>
         <size>0x744</size>
         <input_file_ref idref="fl-42"/>
      </object_component>
      <object_component id="oc-13b">
         <name>.debug_info</name>
         <load_address>0x5f462</load_address>
         <run_address>0x5f462</run_address>
         <size>0xef</size>
         <input_file_ref idref="fl-43"/>
      </object_component>
      <object_component id="oc-13f">
         <name>.debug_info</name>
         <load_address>0x5f551</load_address>
         <run_address>0x5f551</run_address>
         <size>0x662</size>
         <input_file_ref idref="fl-44"/>
      </object_component>
      <object_component id="oc-143">
         <name>.debug_info</name>
         <load_address>0x5fbb3</load_address>
         <run_address>0x5fbb3</run_address>
         <size>0x5ab</size>
         <input_file_ref idref="fl-45"/>
      </object_component>
      <object_component id="oc-147">
         <name>.debug_info</name>
         <load_address>0x6015e</load_address>
         <run_address>0x6015e</run_address>
         <size>0x4f2</size>
         <input_file_ref idref="fl-46"/>
      </object_component>
      <object_component id="oc-14b">
         <name>.debug_info</name>
         <load_address>0x60650</load_address>
         <run_address>0x60650</run_address>
         <size>0x706</size>
         <input_file_ref idref="fl-47"/>
      </object_component>
      <object_component id="oc-14f">
         <name>.debug_info</name>
         <load_address>0x60d56</load_address>
         <run_address>0x60d56</run_address>
         <size>0x4d2</size>
         <input_file_ref idref="fl-48"/>
      </object_component>
      <object_component id="oc-153">
         <name>.debug_info</name>
         <load_address>0x61228</load_address>
         <run_address>0x61228</run_address>
         <size>0x5f7</size>
         <input_file_ref idref="fl-49"/>
      </object_component>
      <object_component id="oc-157">
         <name>.debug_info</name>
         <load_address>0x6181f</load_address>
         <run_address>0x6181f</run_address>
         <size>0x64a</size>
         <input_file_ref idref="fl-4a"/>
      </object_component>
      <object_component id="oc-15c">
         <name>.debug_info</name>
         <load_address>0x61e69</load_address>
         <run_address>0x61e69</run_address>
         <size>0xa1c</size>
         <input_file_ref idref="fl-4b"/>
      </object_component>
      <object_component id="oc-162">
         <name>.debug_info</name>
         <load_address>0x62885</load_address>
         <run_address>0x62885</run_address>
         <size>0xb97</size>
         <input_file_ref idref="fl-4c"/>
      </object_component>
      <object_component id="oc-168">
         <name>.debug_info</name>
         <load_address>0x6341c</load_address>
         <run_address>0x6341c</run_address>
         <size>0x64f</size>
         <input_file_ref idref="fl-4d"/>
      </object_component>
      <object_component id="oc-16c">
         <name>.debug_info</name>
         <load_address>0x63a6b</load_address>
         <run_address>0x63a6b</run_address>
         <size>0x510</size>
         <input_file_ref idref="fl-4e"/>
      </object_component>
      <object_component id="oc-199">
         <name>.debug_info</name>
         <load_address>0x63f7b</load_address>
         <run_address>0x63f7b</run_address>
         <size>0x6e</size>
      </object_component>
      <object_component id="oc-14">
         <name>.debug_frame</name>
         <load_address>0x0</load_address>
         <run_address>0x0</run_address>
         <size>0xe6</size>
         <input_file_ref idref="fl-2"/>
      </object_component>
      <object_component id="oc-1a">
         <name>.debug_frame</name>
         <load_address>0xe6</load_address>
         <run_address>0xe6</run_address>
         <size>0x11d</size>
         <input_file_ref idref="fl-3"/>
      </object_component>
      <object_component id="oc-1f">
         <name>.debug_frame</name>
         <load_address>0x203</load_address>
         <run_address>0x203</run_address>
         <size>0xe6</size>
         <input_file_ref idref="fl-4"/>
      </object_component>
      <object_component id="oc-24">
         <name>.debug_frame</name>
         <load_address>0x2e9</load_address>
         <run_address>0x2e9</run_address>
         <size>0x103</size>
         <input_file_ref idref="fl-5"/>
      </object_component>
      <object_component id="oc-2a">
         <name>.debug_frame</name>
         <load_address>0x3ec</load_address>
         <run_address>0x3ec</run_address>
         <size>0xe5</size>
         <input_file_ref idref="fl-6"/>
      </object_component>
      <object_component id="oc-2f">
         <name>.debug_frame</name>
         <load_address>0x4d1</load_address>
         <run_address>0x4d1</run_address>
         <size>0xe6</size>
         <input_file_ref idref="fl-7"/>
      </object_component>
      <object_component id="oc-36">
         <name>.debug_frame</name>
         <load_address>0x5b7</load_address>
         <run_address>0x5b7</run_address>
         <size>0xe6</size>
         <input_file_ref idref="fl-8"/>
      </object_component>
      <object_component id="oc-3f">
         <name>.debug_frame</name>
         <load_address>0x69d</load_address>
         <run_address>0x69d</run_address>
         <size>0x3fb</size>
         <input_file_ref idref="fl-9"/>
      </object_component>
      <object_component id="oc-44">
         <name>.debug_frame</name>
         <load_address>0xa98</load_address>
         <run_address>0xa98</run_address>
         <size>0x116</size>
         <input_file_ref idref="fl-f"/>
      </object_component>
      <object_component id="oc-49">
         <name>.debug_frame</name>
         <load_address>0xbae</load_address>
         <run_address>0xbae</run_address>
         <size>0x138</size>
         <input_file_ref idref="fl-10"/>
      </object_component>
      <object_component id="oc-4f">
         <name>.debug_frame</name>
         <load_address>0xce6</load_address>
         <run_address>0xce6</run_address>
         <size>0x171</size>
         <input_file_ref idref="fl-11"/>
      </object_component>
      <object_component id="oc-54">
         <name>.debug_frame</name>
         <load_address>0xe57</load_address>
         <run_address>0xe57</run_address>
         <size>0x13a</size>
         <input_file_ref idref="fl-12"/>
      </object_component>
      <object_component id="oc-59">
         <name>.debug_frame</name>
         <load_address>0xf91</load_address>
         <run_address>0xf91</run_address>
         <size>0x1e3</size>
         <input_file_ref idref="fl-13"/>
      </object_component>
      <object_component id="oc-60">
         <name>.debug_frame</name>
         <load_address>0x1174</load_address>
         <run_address>0x1174</run_address>
         <size>0x102</size>
         <input_file_ref idref="fl-14"/>
      </object_component>
      <object_component id="oc-66">
         <name>.debug_frame</name>
         <load_address>0x1276</load_address>
         <run_address>0x1276</run_address>
         <size>0x15a</size>
         <input_file_ref idref="fl-15"/>
      </object_component>
      <object_component id="oc-6c">
         <name>.debug_frame</name>
         <load_address>0x13d0</load_address>
         <run_address>0x13d0</run_address>
         <size>0x138</size>
         <input_file_ref idref="fl-16"/>
      </object_component>
      <object_component id="oc-77">
         <name>.debug_frame</name>
         <load_address>0x1508</load_address>
         <run_address>0x1508</run_address>
         <size>0x4c2</size>
         <input_file_ref idref="fl-18"/>
      </object_component>
      <object_component id="oc-7d">
         <name>.debug_frame</name>
         <load_address>0x19ca</load_address>
         <run_address>0x19ca</run_address>
         <size>0x1ae</size>
         <input_file_ref idref="fl-19"/>
      </object_component>
      <object_component id="oc-82">
         <name>.debug_frame</name>
         <load_address>0x1b78</load_address>
         <run_address>0x1b78</run_address>
         <size>0x272</size>
         <input_file_ref idref="fl-1a"/>
      </object_component>
      <object_component id="oc-87">
         <name>.debug_frame</name>
         <load_address>0x1dea</load_address>
         <run_address>0x1dea</run_address>
         <size>0x175</size>
         <input_file_ref idref="fl-1b"/>
      </object_component>
      <object_component id="oc-91">
         <name>.debug_frame</name>
         <load_address>0x1f5f</load_address>
         <run_address>0x1f5f</run_address>
         <size>0x2a1</size>
         <input_file_ref idref="fl-1d"/>
      </object_component>
      <object_component id="oc-98">
         <name>.debug_frame</name>
         <load_address>0x2200</load_address>
         <run_address>0x2200</run_address>
         <size>0x197</size>
         <input_file_ref idref="fl-1e"/>
      </object_component>
      <object_component id="oc-9e">
         <name>.debug_frame</name>
         <load_address>0x2397</load_address>
         <run_address>0x2397</run_address>
         <size>0x1ef</size>
         <input_file_ref idref="fl-1f"/>
      </object_component>
      <object_component id="oc-a3">
         <name>.debug_frame</name>
         <load_address>0x2586</load_address>
         <run_address>0x2586</run_address>
         <size>0x224</size>
         <input_file_ref idref="fl-20"/>
      </object_component>
      <object_component id="oc-15">
         <name>.debug_line</name>
         <load_address>0x0</load_address>
         <run_address>0x0</run_address>
         <size>0xf7</size>
         <input_file_ref idref="fl-2"/>
      </object_component>
      <object_component id="oc-1b">
         <name>.debug_line</name>
         <load_address>0xf7</load_address>
         <run_address>0xf7</run_address>
         <size>0x97</size>
         <input_file_ref idref="fl-3"/>
      </object_component>
      <object_component id="oc-20">
         <name>.debug_line</name>
         <load_address>0x18e</load_address>
         <run_address>0x18e</run_address>
         <size>0xbb</size>
         <input_file_ref idref="fl-4"/>
      </object_component>
      <object_component id="oc-25">
         <name>.debug_line</name>
         <load_address>0x249</load_address>
         <run_address>0x249</run_address>
         <size>0xa1</size>
         <input_file_ref idref="fl-5"/>
      </object_component>
      <object_component id="oc-2b">
         <name>.debug_line</name>
         <load_address>0x2ea</load_address>
         <run_address>0x2ea</run_address>
         <size>0x85</size>
         <input_file_ref idref="fl-6"/>
      </object_component>
      <object_component id="oc-30">
         <name>.debug_line</name>
         <load_address>0x36f</load_address>
         <run_address>0x36f</run_address>
         <size>0x28c</size>
         <input_file_ref idref="fl-7"/>
      </object_component>
      <object_component id="oc-37">
         <name>.debug_line</name>
         <load_address>0x5fb</load_address>
         <run_address>0x5fb</run_address>
         <size>0xec</size>
         <input_file_ref idref="fl-8"/>
      </object_component>
      <object_component id="oc-40">
         <name>.debug_line</name>
         <load_address>0x6e7</load_address>
         <run_address>0x6e7</run_address>
         <size>0x88a</size>
         <input_file_ref idref="fl-9"/>
      </object_component>
      <object_component id="oc-45">
         <name>.debug_line</name>
         <load_address>0xf71</load_address>
         <run_address>0xf71</run_address>
         <size>0x85</size>
         <input_file_ref idref="fl-f"/>
      </object_component>
      <object_component id="oc-4a">
         <name>.debug_line</name>
         <load_address>0xff6</load_address>
         <run_address>0xff6</run_address>
         <size>0xaa</size>
         <input_file_ref idref="fl-10"/>
      </object_component>
      <object_component id="oc-50">
         <name>.debug_line</name>
         <load_address>0x10a0</load_address>
         <run_address>0x10a0</run_address>
         <size>0xe9</size>
         <input_file_ref idref="fl-11"/>
      </object_component>
      <object_component id="oc-55">
         <name>.debug_line</name>
         <load_address>0x1189</load_address>
         <run_address>0x1189</run_address>
         <size>0xd9</size>
         <input_file_ref idref="fl-12"/>
      </object_component>
      <object_component id="oc-5a">
         <name>.debug_line</name>
         <load_address>0x1262</load_address>
         <run_address>0x1262</run_address>
         <size>0x192</size>
         <input_file_ref idref="fl-13"/>
      </object_component>
      <object_component id="oc-61">
         <name>.debug_line</name>
         <load_address>0x13f4</load_address>
         <run_address>0x13f4</run_address>
         <size>0xc3</size>
         <input_file_ref idref="fl-14"/>
      </object_component>
      <object_component id="oc-67">
         <name>.debug_line</name>
         <load_address>0x14b7</load_address>
         <run_address>0x14b7</run_address>
         <size>0x1d3</size>
         <input_file_ref idref="fl-15"/>
      </object_component>
      <object_component id="oc-6d">
         <name>.debug_line</name>
         <load_address>0x168a</load_address>
         <run_address>0x168a</run_address>
         <size>0xa3</size>
         <input_file_ref idref="fl-16"/>
      </object_component>
      <object_component id="oc-72">
         <name>.debug_line</name>
         <load_address>0x172d</load_address>
         <run_address>0x172d</run_address>
         <size>0xa8</size>
         <input_file_ref idref="fl-17"/>
      </object_component>
      <object_component id="oc-78">
         <name>.debug_line</name>
         <load_address>0x17d5</load_address>
         <run_address>0x17d5</run_address>
         <size>0x1674</size>
         <input_file_ref idref="fl-18"/>
      </object_component>
      <object_component id="oc-7e">
         <name>.debug_line</name>
         <load_address>0x2e49</load_address>
         <run_address>0x2e49</run_address>
         <size>0x84e</size>
         <input_file_ref idref="fl-19"/>
      </object_component>
      <object_component id="oc-83">
         <name>.debug_line</name>
         <load_address>0x3697</load_address>
         <run_address>0x3697</run_address>
         <size>0x94b</size>
         <input_file_ref idref="fl-1a"/>
      </object_component>
      <object_component id="oc-88">
         <name>.debug_line</name>
         <load_address>0x3fe2</load_address>
         <run_address>0x3fe2</run_address>
         <size>0x6ff</size>
         <input_file_ref idref="fl-1b"/>
      </object_component>
      <object_component id="oc-8c">
         <name>.debug_line</name>
         <load_address>0x46e1</load_address>
         <run_address>0x46e1</run_address>
         <size>0xab</size>
         <input_file_ref idref="fl-1c"/>
      </object_component>
      <object_component id="oc-92">
         <name>.debug_line</name>
         <load_address>0x478c</load_address>
         <run_address>0x478c</run_address>
         <size>0x83c</size>
         <input_file_ref idref="fl-1d"/>
      </object_component>
      <object_component id="oc-99">
         <name>.debug_line</name>
         <load_address>0x4fc8</load_address>
         <run_address>0x4fc8</run_address>
         <size>0x94c</size>
         <input_file_ref idref="fl-1e"/>
      </object_component>
      <object_component id="oc-9f">
         <name>.debug_line</name>
         <load_address>0x5914</load_address>
         <run_address>0x5914</run_address>
         <size>0x96d</size>
         <input_file_ref idref="fl-1f"/>
      </object_component>
      <object_component id="oc-a4">
         <name>.debug_line</name>
         <load_address>0x6281</load_address>
         <run_address>0x6281</run_address>
         <size>0x7c8</size>
         <input_file_ref idref="fl-20"/>
      </object_component>
      <object_component id="oc-a8">
         <name>.debug_line</name>
         <load_address>0x6a49</load_address>
         <run_address>0x6a49</run_address>
         <size>0x54</size>
         <input_file_ref idref="fl-21"/>
      </object_component>
      <object_component id="oc-ac">
         <name>.debug_line</name>
         <load_address>0x6a9d</load_address>
[...]
         <name>_I2C_write</name>
         <value>0x24a3e</value>
         <object_component_ref idref="oc-9b"/>
      </symbol>
      <symbol id="sm-77b">
         <name>_I2C_read</name>
         <value>0x24c82</value>
         <object_component_ref idref="oc-9b"/>
      </symbol>
      <symbol id="sm-77c">
         <name>_I2C_eventDisable</name>
         <value>0x24fd4</value>
         <object_component_ref idref="oc-9b"/>
      </symbol>
      <symbol id="sm-77d">
         <name>_I2C_getEventId</name>
         <value>0x25180</value>
         <object_component_ref idref="oc-9b"/>
      </symbol>
      <symbol id="sm-77e">
         <name>_i2cHandle</name>
         <value>0x6f00</value>
         <object_component_ref idref="oc-9c"/>
      </symbol>
      <symbol id="sm-7c3">
         <name>_GPIO_write</name>
         <value>0x27038</value>
         <object_component_ref idref="oc-a1"/>
      </symbol>
      <symbol id="sm-7c4">
         <name>_GPIO_read</name>
         <value>0x26fb5</value>
         <object_component_ref idref="oc-a1"/>
      </symbol>
      <symbol id="sm-7c5">
         <name>_GPIO_close</name>
         <value>0x26e84</value>
         <object_component_ref idref="oc-a1"/>
      </symbol>
      <symbol id="sm-7c6">
         <name>_GPIO_enableInt</name>
         <value>0x272a1</value>
         <object_component_ref idref="oc-a1"/>
      </symbol>
      <symbol id="sm-7c7">
         <name>_GPIO_clearInt</name>
         <value>0x2732b</value>
         <object_component_ref idref="oc-a1"/>
      </symbol>
      <symbol id="sm-7c8">
         <name>_GPIO_statusBit</name>
         <value>0x273b7</value>
         <object_component_ref idref="oc-a1"/>
      </symbol>
      <symbol id="sm-7c9">
         <name>_GPIO_configBit</name>
         <value>0x270db</value>
         <object_component_ref idref="oc-a1"/>
      </symbol>
      <symbol id="sm-7ca">
         <name>_GPIO_reset</name>
         <value>0x2743e</value>
         <object_component_ref idref="oc-a1"/>
      </symbol>
      <symbol id="sm-7cb">
         <name>_GPIO_getConfig</name>
         <value>0x26f2d</value>
         <object_component_ref idref="oc-a1"/>
      </symbol>
      <symbol id="sm-7cc">
         <name>_GPIO_disableInt</name>
         <value>0x27223</value>
         <object_component_ref idref="oc-a1"/>
      </symbol>
      <symbol id="sm-7cd">
         <name>_GPIO_config</name>
         <value>0x26ea8</value>
         <object_component_ref idref="oc-a1"/>
      </symbol>
      <symbol id="sm-7ce">
         <name>_GPIO_open</name>
         <value>0x26e40</value>
         <object_component_ref idref="oc-a1"/>
      </symbol>
      <symbol id="sm-7da">
         <name>__sysstack</name>
         <value>0x20c0</value>
         <object_component_ref idref="oc-16f"/>
      </symbol>
      <symbol id="sm-7db">
         <name>_c_int00</name>
         <value>0x2c7c2</value>
         <object_component_ref idref="oc-10"/>
      </symbol>
      <symbol id="sm-7dc">
         <name>__stack</name>
         <value>0xc0</value>
         <object_component_ref idref="oc-a6"/>
      </symbol>
      <symbol id="sm-7e7">
         <name>__divul</name>
         <value>0x2be6a</value>
         <object_component_ref idref="oc-aa"/>
      </symbol>
      <symbol id="sm-7f7">
         <name>C$$EXIT</name>
         <value>0x2c8db</value>
         <object_component_ref idref="oc-b2"/>
      </symbol>
      <symbol id="sm-7f8">
         <name>_exit</name>
         <value>0x2c784</value>
         <object_component_ref idref="oc-ae"/>
      </symbol>
      <symbol id="sm-7f9">
         <name>_abort</name>
         <value>0x2c8da</value>
         <object_component_ref idref="oc-b2"/>
      </symbol>
      <symbol id="sm-7fa">
         <name>__cleanup_ptr</name>
         <value>0x6f30</value>
         <object_component_ref idref="oc-af"/>
      </symbol>
      <symbol id="sm-7fb">
         <name>__dtors_ptr</name>
         <value>0x6f34</value>
         <object_component_ref idref="oc-af"/>
      </symbol>
      <symbol id="sm-803">
         <name>__mpyli</name>
         <value>0x2c89b</value>
         <object_component_ref idref="oc-b5"/>
      </symbol>
      <symbol id="sm-804">
         <name>I$$LMPY</name>
         <value>0x2c89b</value>
         <object_component_ref idref="oc-b5"/>
      </symbol>
      <symbol id="sm-80c">
         <name>_memcpy</name>
         <value>0x2c745</value>
         <object_component_ref idref="oc-b9"/>
      </symbol>
      <symbol id="sm-816">
         <name>_printf</name>
         <value>0x2c5ca</value>
         <object_component_ref idref="oc-bd"/>
      </symbol>
      <symbol id="sm-821">
         <name>__remul</name>
         <value>0x2c28d</value>
         <object_component_ref idref="oc-c1"/>
      </symbol>
      <symbol id="sm-82b">
         <name>_Reset</name>
         <value>0x4ff00</value>
         <object_component_ref idref="oc-11"/>
      </symbol>
      <symbol id="sm-839">
         <name>__unlock</name>
         <value>0x6f2c</value>
         <object_component_ref idref="oc-ca"/>
      </symbol>
      <symbol id="sm-83a">
         <name>__lock</name>
         <value>0x6f28</value>
         <object_component_ref idref="oc-ca"/>
      </symbol>
      <symbol id="sm-83b">
         <name>__register_lock</name>
         <value>0x2c8b6</value>
         <object_component_ref idref="oc-c9"/>
      </symbol>
      <symbol id="sm-83c">
         <name>__nop</name>
         <value>0x2c8be</value>
         <object_component_ref idref="oc-c9"/>
      </symbol>
      <symbol id="sm-83d">
         <name>__register_unlock</name>
         <value>0x2c8ae</value>
         <object_component_ref idref="oc-c9"/>
      </symbol>
      <symbol id="sm-84f">
         <name>__printfi</name>
         <value>0x23528</value>
         <object_component_ref idref="oc-cf"/>
      </symbol>
      <symbol id="sm-859">
         <name>__args_main</name>
         <value>0x2c667</value>
         <object_component_ref idref="oc-d5"/>
      </symbol>
      <symbol id="sm-85a">
         <name>__TI_args_main</name>
         <value>0x1</value>
      </symbol>
      <symbol id="sm-864">
         <name>_atoi</name>
         <value>0x2c51a</value>
         <object_component_ref idref="oc-d9"/>
      </symbol>
      <symbol id="sm-86c">
         <name>_auto_init</name>
         <value>0x2c61a</value>
         <object_component_ref idref="oc-dd"/>
      </symbol>
      <symbol id="sm-876">
         <name>__eqld</name>
         <value>0x2acdf</value>
         <object_component_ref idref="oc-e1"/>
      </symbol>
      <symbol id="sm-877">
         <name>__cmpd</name>
         <value>0x2ad13</value>
         <object_component_ref idref="oc-e1"/>
      </symbol>
      <symbol id="sm-878">
         <name>__neqd</name>
         <value>0x2ab81</value>
         <object_component_ref idref="oc-e1"/>
      </symbol>
      <symbol id="sm-879">
         <name>__gtrd</name>
         <value>0x2ac4a</value>
         <object_component_ref idref="oc-e1"/>
      </symbol>
      <symbol id="sm-87a">
         <name>__geqd</name>
         <value>0x2ac95</value>
         <object_component_ref idref="oc-e1"/>
      </symbol>
      <symbol id="sm-87b">
         <name>__leqd</name>
         <value>0x2abfd</value>
         <object_component_ref idref="oc-e1"/>
      </symbol>
      <symbol id="sm-87c">
         <name>__lssd</name>
         <value>0x2abb5</value>
         <object_component_ref idref="oc-e1"/>
      </symbol>
      <symbol id="sm-884">
         <name>__ctypes_</name>
         <value>0x6f44</value>
         <object_component_ref idref="oc-173"/>
      </symbol>
      <symbol id="sm-88e">
         <name>__tmpnams</name>
         <value>0x6798</value>
         <object_component_ref idref="oc-e7"/>
      </symbol>
      <symbol id="sm-88f">
         <name>__ft_end</name>
         <value>0x68d8</value>
         <object_component_ref idref="oc-e7"/>
      </symbol>
      <symbol id="sm-890">
         <name>__ftable</name>
         <value>0x66a8</value>
         <object_component_ref idref="oc-e7"/>
      </symbol>
      <symbol id="sm-89c">
         <name>__divd</name>
         <value>0x29538</value>
         <object_component_ref idref="oc-eb"/>
      </symbol>
      <symbol id="sm-8a6">
         <name>__fixdi</name>
         <value>0x2c7f6</value>
         <object_component_ref idref="oc-ef"/>
      </symbol>
      <symbol id="sm-8b0">
         <name>__fixdli</name>
         <value>0x2c2ff</value>
         <object_component_ref idref="oc-f3"/>
      </symbol>
      <symbol id="sm-8bc">
         <name>__fltlid</name>
         <value>0x2c4b3</value>
         <object_component_ref idref="oc-f7"/>
      </symbol>
      <symbol id="sm-8c6">
         <name>_putchar</name>
         <value>0x2be5b</value>
         <object_component_ref idref="oc-fc"/>
      </symbol>
      <symbol id="sm-8c7">
         <name>_putc</name>
         <value>0x2bdc4</value>
         <object_component_ref idref="oc-fc"/>
      </symbol>
      <symbol id="sm-8c8">
         <name>_fputc</name>
         <value>0x2bdc4</value>
         <object_component_ref idref="oc-fc"/>
      </symbol>
      <symbol id="sm-8d6">
         <name>_puts</name>
         <value>0x2b69e</value>
         <object_component_ref idref="oc-100"/>
      </symbol>
      <symbol id="sm-8d7">
         <name>_fputs</name>
         <value>0x2b569</value>
         <object_component_ref idref="oc-100"/>
      </symbol>
      <symbol id="sm-8e1">
         <name>__frcmpyd_div</name>
         <value>0x2c21a</value>
         <object_component_ref idref="oc-105"/>
      </symbol>
      <symbol id="sm-8eb">
         <name>___isinf</name>
         <value>0x2c86d</value>
         <object_component_ref idref="oc-109"/>
      </symbol>
      <symbol id="sm-8f5">
         <name>__divull</name>
         <value>0x2a7fe</value>
         <object_component_ref idref="oc-10d"/>
      </symbol>
      <symbol id="sm-8f6">
         <name>__mpylli</name>
         <value>0x2a746</value>
         <object_component_ref idref="oc-10d"/>
      </symbol>
      <symbol id="sm-8f7">
         <name>__remlli</name>
         <value>0x2a717</value>
         <object_component_ref idref="oc-10d"/>
      </symbol>
      <symbol id="sm-8f8">
         <name>__divlli</name>
         <value>0x2a8f2</value>
         <object_component_ref idref="oc-10d"/>
      </symbol>
      <symbol id="sm-8f9">
         <name>__remull</name>
         <value>0x2a6c9</value>
         <object_component_ref idref="oc-10d"/>
      </symbol>
      <symbol id="sm-90b">
         <name>_add_device</name>
         <value>0x28a6b</value>
         <object_component_ref idref="oc-111"/>
      </symbol>
      <symbol id="sm-90c">
         <name>_rename</name>
         <value>0x2878d</value>
         <object_component_ref idref="oc-111"/>
      </symbol>
      <symbol id="sm-90d">
         <name>_read</name>
         <value>0x2881c</value>
         <object_component_ref idref="oc-111"/>
      </symbol>
      <symbol id="sm-90e">
         <name>_unlink</name>
         <value>0x2875a</value>
         <object_component_ref idref="oc-111"/>
      </symbol>
      <symbol id="sm-90f">
         <name>_remove_device</name>
         <value>0x287e6</value>
         <object_component_ref idref="oc-111"/>
      </symbol>
      <symbol id="sm-910">
         <name>_open</name>
         <value>0x288ca</value>
         <object_component_ref idref="oc-111"/>
      </symbol>
      <symbol id="sm-911">
         <name>_find_registered_device</name>
         <value>0x289ef</value>
         <object_component_ref idref="oc-111"/>
      </symbol>
      <symbol id="sm-912">
         <name>_lseek</name>
         <value>0x28989</value>
         <object_component_ref idref="oc-111"/>
      </symbol>
      <symbol id="sm-913">
         <name>_close</name>
         <value>0x289f8</value>
         <object_component_ref idref="oc-111"/>
      </symbol>
      <symbol id="sm-914">
         <name>_write</name>
         <value>0x28618</value>
         <object_component_ref idref="oc-111"/>
      </symbol>
      <symbol id="sm-91e">
         <name>_ltoa</name>
         <value>0x2c0ac</value>
         <object_component_ref idref="oc-117"/>
      </symbol>
      <symbol id="sm-929">
         <name>_memccpy</name>
         <value>0x2c84a</value>
         <object_component_ref idref="oc-11b"/>
      </symbol>
      <symbol id="sm-933">
         <name>__mpyd</name>
         <value>0x2b6cc</value>
         <object_component_ref idref="oc-11f"/>
      </symbol>
      <symbol id="sm-93d">
         <name>__negd</name>
         <value>0x2c8c0</value>
         <object_component_ref idref="oc-123"/>
      </symbol>
      <symbol id="sm-947">
         <name>__remli</name>
         <value>0x2c6b2</value>
         <object_component_ref idref="oc-127"/>
      </symbol>
      <symbol id="sm-951">
         <name>__subd</name>
         <value>0x2c887</value>
         <object_component_ref idref="oc-12b"/>
      </symbol>
      <symbol id="sm-95d">
         <name>_HOSTopen</name>
         <value>0x28e66</value>
         <object_component_ref idref="oc-12f"/>
      </symbol>
      <symbol id="sm-95e">
         <name>_HOSTread</name>
         <value>0x28dd9</value>
         <object_component_ref idref="oc-12f"/>
      </symbol>
      <symbol id="sm-95f">
         <name>_HOSTtime</name>
         <value>0x28ccd</value>
         <object_component_ref idref="oc-12f"/>
      </symbol>
      <symbol id="sm-960">
         <name>_getenv</name>
         <value>0x28b5b</value>
         <object_component_ref idref="oc-12f"/>
      </symbol>
      <symbol id="sm-961">
         <name>_HOSTrename</name>
         <value>0x28d2b</value>
         <object_component_ref idref="oc-12f"/>
      </symbol>
      <symbol id="sm-962">
         <name>_HOSTclock</name>
         <value>0x29025</value>
         <object_component_ref idref="oc-12f"/>
      </symbol>
      <symbol id="sm-963">
         <name>_HOSTwrite</name>
         <value>0x28bd6</value>
         <object_component_ref idref="oc-12f"/>
      </symbol>
      <symbol id="sm-964">
         <name>_HOSTlseek</name>
         <value>0x28f05</value>
         <object_component_ref idref="oc-12f"/>
      </symbol>
      <symbol id="sm-965">
         <name>_HOSTunlink</name>
         <value>0x28c63</value>
         <object_component_ref idref="oc-12f"/>
      </symbol>
      <symbol id="sm-966">
         <name>_HOSTclose</name>
         <value>0x28fba</value>
         <object_component_ref idref="oc-12f"/>
      </symbol>
      <symbol id="sm-978">
         <name>C$$IO$$</name>
         <value>0x2bc59</value>
         <object_component_ref idref="oc-137"/>
      </symbol>
      <symbol id="sm-979">
         <name>__CIOBUF_</name>
         <value>0x40000</value>
         <object_component_ref idref="oc-136"/>
      </symbol>
      <symbol id="sm-97a">
         <name>_readmsg</name>
         <value>0x2c3db</value>
         <object_component_ref idref="oc-134"/>
      </symbol>
      <symbol id="sm-97b">
         <name>_writemsg</name>
         <value>0x2bba4</value>
         <object_component_ref idref="oc-137"/>
      </symbol>
      <symbol id="sm-983">
         <name>__remu</name>
         <value>0x2c835</value>
         <object_component_ref idref="oc-13a"/>
      </symbol>
      <symbol id="sm-984">
         <name>__divu</name>
         <value>0x2c820</value>
         <object_component_ref idref="oc-13a"/>
      </symbol>
      <symbol id="sm-985">
         <name>I$$UMOD</name>
         <value>0x2c835</value>
         <object_component_ref idref="oc-13a"/>
      </symbol>
      <symbol id="sm-986">
         <name>I$$UDIV</name>
         <value>0x2c820</value>
         <object_component_ref idref="oc-13a"/>
      </symbol>
      <symbol id="sm-990">
         <name>__rd_ok</name>
         <value>0x2ba85</value>
         <object_component_ref idref="oc-13e"/>
      </symbol>
      <symbol id="sm-991">
         <name>__wrt_ok</name>
         <value>0x2ba05</value>
         <object_component_ref idref="oc-13e"/>
      </symbol>
      <symbol id="sm-99b">
         <name>__addd</name>
         <value>0x2a927</value>
         <object_component_ref idref="oc-142"/>
      </symbol>
      <symbol id="sm-9a5">
         <name>__divli</name>
         <value>0x2c6fd</value>
         <object_component_ref idref="oc-146"/>
      </symbol>
      <symbol id="sm-9af">
         <name>__doflush</name>
         <value>0x2bae2</value>
         <object_component_ref idref="oc-14a"/>
      </symbol>
      <symbol id="sm-9b0">
         <name>_fflush</name>
         <value>0x2bb4b</value>
         <object_component_ref idref="oc-14a"/>
      </symbol>
      <symbol id="sm-9ba">
         <name>__frcmpyd</name>
         <value>0x2c1a4</value>
         <object_component_ref idref="oc-14e"/>
      </symbol>
      <symbol id="sm-9c4">
         <name>_fseek</name>
         <value>0x2c448</value>
         <object_component_ref idref="oc-152"/>
      </symbol>
      <symbol id="sm-9ce">
         <name>_setvbuf</name>
         <value>0x2b91f</value>
         <object_component_ref idref="oc-156"/>
      </symbol>
      <symbol id="sm-9dd">
         <name>__cleanup</name>
         <value>0x2a08f</value>
         <object_component_ref idref="oc-15a"/>
      </symbol>
      <symbol id="sm-9de">
         <name>_fopen</name>
         <value>0x2a1b2</value>
         <object_component_ref idref="oc-15a"/>
      </symbol>
      <symbol id="sm-9df">
         <name>_freopen</name>
         <value>0x2a0e9</value>
         <object_component_ref idref="oc-15a"/>
      </symbol>
      <symbol id="sm-9ef">
         <name>__sys_memory</name>
         <value>0x30c0</value>
         <object_component_ref idref="oc-164"/>
      </symbol>
      <symbol id="sm-9f0">
         <name>_chkheap</name>
         <value>0x2950a</value>
         <object_component_ref idref="oc-160"/>
      </symbol>
      <symbol id="sm-9f1">
         <name>_realloc</name>
         <value>0x292a9</value>
         <object_component_ref idref="oc-160"/>
      </symbol>
      <symbol id="sm-9f2">
         <name>_free_memory</name>
         <value>0x294b4</value>
         <object_component_ref idref="oc-160"/>
      </symbol>
      <symbol id="sm-9f3">
         <name>_max_free</name>
         <value>0x2945a</value>
         <object_component_ref idref="oc-160"/>
      </symbol>
      <symbol id="sm-9f4">
         <name>_free</name>
         <value>0x29083</value>
         <object_component_ref idref="oc-160"/>
      </symbol>
      <symbol id="sm-9f5">
         <name>_calloc</name>
         <value>0x29512</value>
         <object_component_ref idref="oc-160"/>
      </symbol>
      <symbol id="sm-9f6">
         <name>_malloc</name>
         <value>0x291b4</value>
         <object_component_ref idref="oc-160"/>
      </symbol>
      <symbol id="sm-9f7">
         <name>_minit</name>
         <value>0x2914f</value>
         <object_component_ref idref="oc-160"/>
      </symbol>
      <symbol id="sm-a01">
         <name>_fclose</name>
         <value>0x2c129</value>
         <object_component_ref idref="oc-167"/>
      </symbol>
      <symbol id="sm-a0b">
         <name>_remove</name>
         <value>0x2c8d0</value>
         <object_component_ref idref="oc-16b"/>
      </symbol>
   </symbol_table>
</link_info>
