<?xml version="1.0"?>
<link_info>
   <banner>TMS320C55x Linker PC v4.4.1</banner>
   <copyright>Copyright (c) 1996-2012 Texas Instruments Incorporated</copyright>
   <link_time>0x5b8bf864</link_time>
   <output_file>led.out</output_file>
   <entry_point>
      <name>_c_int00</name>
      <address>0x24986</address>
   </entry_point>
   <input_file_list>
      <input_file id="fl-2">
         <path>.\</path>
         <kind>object</kind>
         <file>led_test.obj</file>
         <name>led_test.obj</name>
      </input_file>
      <input_file id="fl-3">
         <path>.\</path>
         <kind>object</kind>
         <file>main.obj</file>
         <name>main.obj</name>
      </input_file>
      <input_file id="fl-9">
         <path>C:\Users\tfuglsang\workspace_v8\ezdsp5535_v1\lib\</path>
         <kind>archive</kind>
         <file>ezdsp5535bsl.lib</file>
         <name>ezdsp5535.obj</name>
      </input_file>
      <input_file id="fl-a">
         <path>C:\Users\tfuglsang\workspace_v8\ezdsp5535_v1\lib\</path>
         <kind>archive</kind>
         <file>ezdsp5535bsl.lib</file>
         <name>ezdsp5535_led.obj</name>
      </input_file>
      <input_file id="fl-b">
         <path>C:\Users\tfuglsang\workspace_v8\ezdsp5535_v1\lib\</path>
         <kind>archive</kind>
         <file>ezdsp5535bsl.lib</file>
         <name>ezdsp5535_gpio.obj</name>
      </input_file>
      <input_file id="fl-c">
         <path>C:\ti\ccsv8\tools\compiler\c5500_4.4.1\lib\</path>
         <kind>archive</kind>
         <file>rts55x.lib</file>
         <name>boot.obj</name>
      </input_file>
      <input_file id="fl-d">
         <path>C:\ti\ccsv8\tools\compiler\c5500_4.4.1\lib\</path>
         <kind>archive</kind>
         <file>rts55x.lib</file>
         <name>exit.obj</name>
      </input_file>
      <input_file id="fl-e">
         <path>C:\ti\ccsv8\tools\compiler\c5500_4.4.1\lib\</path>
         <kind>archive</kind>
         <file>rts55x.lib</file>
         <name>printf.obj</name>
      </input_file>
      <input_file id="fl-f">
         <path>C:\ti\ccsv8\tools\compiler\c5500_4.4.1\lib\</path>
         <kind>archive</kind>
         <file>rts55x.lib</file>
         <name>vectors.obj</name>
      </input_file>
      <input_file id="fl-10">
         <path>C:\ti\ccsv8\tools\compiler\c5500_4.4.1\lib\</path>
         <kind>archive</kind>
         <file>rts55x.lib</file>
         <name>_lock.obj</name>
      </input_file>
      <input_file id="fl-11">
         <path>C:\ti\ccsv8\tools\compiler\c5500_4.4.1\lib\</path>
         <kind>archive</kind>
         <file>rts55x.lib</file>
         <name>_printfi.obj</name>
      </input_file>
      <input_file id="fl-12">
         <path>C:\ti\ccsv8\tools\compiler\c5500_4.4.1\lib\</path>
         <kind>archive</kind>
         <file>rts55x.lib</file>
         <name>args_main.obj</name>
      </input_file>
      <input_file id="fl-13">
         <path>C:\ti\ccsv8\tools\compiler\c5500_4.4.1\lib\</path>
         <kind>archive</kind>
         <file>rts55x.lib</file>
         <name>atoi.obj</name>
      </input_file>
      <input_file id="fl-14">
         <path>C:\ti\ccsv8\tools\compiler\c5500_4.4.1\lib\</path>
         <kind>archive</kind>
         <file>rts55x.lib</file>
         <name>autoinit.obj</name>
      </input_file>
      <input_file id="fl-15">
         <path>C:\ti\ccsv8\tools\compiler\c5500_4.4.1\lib\</path>
         <kind>archive</kind>
         <file>rts55x.lib</file>
         <name>cmpd.obj</name>
      </input_file>
      <input_file id="fl-16">
         <path>C:\ti\ccsv8\tools\compiler\c5500_4.4.1\lib\</path>
         <kind>archive</kind>
         <file>rts55x.lib</file>
         <name>ctype.obj</name>
      </input_file>
      <input_file id="fl-17">
         <path>C:\ti\ccsv8\tools\compiler\c5500_4.4.1\lib\</path>
         <kind>archive</kind>
         <file>rts55x.lib</file>
         <name>defs.obj</name>
      </input_file>
      <input_file id="fl-18">
         <path>C:\ti\ccsv8\tools\compiler\c5500_4.4.1\lib\</path>
         <kind>archive</kind>
         <file>rts55x.lib</file>
         <name>divd.obj</name>
      </input_file>
      <input_file id="fl-19">
         <path>C:\ti\ccsv8\tools\compiler\c5500_4.4.1\lib\</path>
         <kind>archive</kind>
         <file>rts55x.lib</file>
         <name>divul.obj</name>
      </input_file>
      <input_file id="fl-1a">
         <path>C:\ti\ccsv8\tools\compiler\c5500_4.4.1\lib\</path>
         <kind>archive</kind>
         <file>rts55x.lib</file>
         <name>fixdi.obj</name>
      </input_file>
      <input_file id="fl-1b">
         <path>C:\ti\ccsv8\tools\compiler\c5500_4.4.1\lib\</path>
         <kind>archive</kind>
         <file>rts55x.lib</file>
         <name>fixdli.obj</name>
      </input_file>
      <input_file id="fl-1c">
         <path>C:\ti\ccsv8\tools\compiler\c5500_4.4.1\lib\</path>
         <kind>archive</kind>
         <file>rts55x.lib</file>
         <name>fltlid.obj</name>
      </input_file>
      <input_file id="fl-1d">
         <path>C:\ti\ccsv8\tools\compiler\c5500_4.4.1\lib\</path>
         <kind>archive</kind>
         <file>rts55x.lib</file>
         <name>fputc.obj</name>
      </input_file>
      <input_file id="fl-1e">
         <path>C:\ti\ccsv8\tools\compiler\c5500_4.4.1\lib\</path>
         <kind>archive</kind>
         <file>rts55x.lib</file>
         <name>fputs.obj</name>
      </input_file>
      <input_file id="fl-1f">
         <path>C:\ti\ccsv8\tools\compiler\c5500_4.4.1\lib\</path>
         <kind>archive</kind>
         <file>rts55x.lib</file>
         <name>frcmpyd_div.obj</name>
      </input_file>
      <input_file id="fl-20">
         <path>C:\ti\ccsv8\tools\compiler\c5500_4.4.1\lib\</path>
         <kind>archive</kind>
         <file>rts55x.lib</file>
         <name>isinf.obj</name>
      </input_file>
      <input_file id="fl-21">
         <path>C:\ti\ccsv8\tools\compiler\c5500_4.4.1\lib\</path>
         <kind>archive</kind>
         <file>rts55x.lib</file>
         <name>llmpy.obj</name>
      </input_file>
      <input_file id="fl-22">
         <path>C:\ti\ccsv8\tools\compiler\c5500_4.4.1\lib\</path>
         <kind>archive</kind>
         <file>rts55x.lib</file>
         <name>lmpy.obj</name>
      </input_file>
      <input_file id="fl-23">
         <path>C:\ti\ccsv8\tools\compiler\c5500_4.4.1\lib\</path>
         <kind>archive</kind>
         <file>rts55x.lib</file>
         <name>lowlev.obj</name>
      </input_file>
      <input_file id="fl-24">
         <path>C:\ti\ccsv8\tools\compiler\c5500_4.4.1\lib\</path>
         <kind>archive</kind>
         <file>rts55x.lib</file>
         <name>ltoa.obj</name>
      </input_file>
      <input_file id="fl-25">
         <path>C:\ti\ccsv8\tools\compiler\c5500_4.4.1\lib\</path>
         <kind>archive</kind>
         <file>rts55x.lib</file>
         <name>memccpy.obj</name>
      </input_file>
      <input_file id="fl-26">
         <path>C:\ti\ccsv8\tools\compiler\c5500_4.4.1\lib\</path>
         <kind>archive</kind>
         <file>rts55x.lib</file>
         <name>memcpy.obj</name>
      </input_file>
      <input_file id="fl-27">
         <path>C:\ti\ccsv8\tools\compiler\c5500_4.4.1\lib\</path>
         <kind>archive</kind>
         <file>rts55x.lib</file>
         <name>mpyd.obj</name>
      </input_file>
      <input_file id="fl-28">
         <path>C:\ti\ccsv8\tools\compiler\c5500_4.4.1\lib\</path>
         <kind>archive</kind>
         <file>rts55x.lib</file>
         <name>negd.obj</name>
      </input_file>
      <input_file id="fl-29">
         <path>C:\ti\ccsv8\tools\compiler\c5500_4.4.1\lib\</path>
         <kind>archive</kind>
         <file>rts55x.lib</file>
         <name>remli.obj</name>
      </input_file>
      <input_file id="fl-2a">
         <path>C:\ti\ccsv8\tools\compiler\c5500_4.4.1\lib\</path>
         <kind>archive</kind>
         <file>rts55x.lib</file>
         <name>remul.obj</name>
      </input_file>
      <input_file id="fl-2b">
         <path>C:\ti\ccsv8\tools\compiler\c5500_4.4.1\lib\</path>
         <kind>archive</kind>
         <file>rts55x.lib</file>
         <name>subd.obj</name>
      </input_file>
      <input_file id="fl-2c">
         <path>C:\ti\ccsv8\tools\compiler\c5500_4.4.1\lib\</path>
         <kind>archive</kind>
         <file>rts55x.lib</file>
         <name>trgdrv.obj</name>
      </input_file>
      <input_file id="fl-2d">
         <path>C:\ti\ccsv8\tools\compiler\c5500_4.4.1\lib\</path>
         <kind>archive</kind>
         <file>rts55x.lib</file>
         <name>trgmsg.obj</name>
      </input_file>
      <input_file id="fl-2e">
         <path>C:\ti\ccsv8\tools\compiler\c5500_4.4.1\lib\</path>
         <kind>archive</kind>
         <file>rts55x.lib</file>
         <name>udiv.obj</name>
      </input_file>
      <input_file id="fl-2f">
         <path>C:\ti\ccsv8\tools\compiler\c5500_4.4.1\lib\</path>
         <kind>archive</kind>
         <file>rts55x.lib</file>
         <name>_io_perm.obj</name>
      </input_file>
      <input_file id="fl-30">
         <path>C:\ti\ccsv8\tools\compiler\c5500_4.4.1\lib\</path>
         <kind>archive</kind>
         <file>rts55x.lib</file>
         <name>addd.obj</name>
      </input_file>
      <input_file id="fl-31">
         <path>C:\ti\ccsv8\tools\compiler\c5500_4.4.1\lib\</path>
         <kind>archive</kind>
         <file>rts55x.lib</file>
         <name>divli.obj</name>
      </input_file>
      <input_file id="fl-32">
         <path>C:\ti\ccsv8\tools\compiler\c5500_4.4.1\lib\</path>
         <kind>archive</kind>
         <file>rts55x.lib</file>
         <name>fflush.obj</name>
      </input_file>
      <input_file id="fl-33">
         <path>C:\ti\ccsv8\tools\compiler\c5500_4.4.1\lib\</path>
         <kind>archive</kind>
         <file>rts55x.lib</file>
         <name>frcmpyd.obj</name>
      </input_file>
      <input_file id="fl-34">
         <path>C:\ti\ccsv8\tools\compiler\c5500_4.4.1\lib\</path>
         <kind>archive</kind>
         <file>rts55x.lib</file>
         <name>fseek.obj</name>
      </input_file>
      <input_file id="fl-35">
         <path>C:\ti\ccsv8\tools\compiler\c5500_4.4.1\lib\</path>
         <kind>archive</kind>
         <file>rts55x.lib</file>
         <name>setvbuf.obj</name>
      </input_file>
      <input_file id="fl-36">
         <path>C:\ti\ccsv8\tools\compiler\c5500_4.4.1\lib\</path>
         <kind>archive</kind>
         <file>rts55x.lib</file>
         <name>fopen.obj</name>
      </input_file>
      <input_file id="fl-37">
         <path>C:\ti\ccsv8\tools\compiler\c5500_4.4.1\lib\</path>
         <kind>archive</kind>
         <file>rts55x.lib</file>
         <name>memory.obj</name>
      </input_file>
      <input_file id="fl-38">
         <path>C:\ti\ccsv8\tools\compiler\c5500_4.4.1\lib\</path>
         <kind>archive</kind>
         <file>rts55x.lib</file>
         <name>fclose.obj</name>
      </input_file>
      <input_file id="fl-39">
         <path>C:\ti\ccsv8\tools\compiler\c5500_4.4.1\lib\</path>
         <kind>archive</kind>
         <file>rts55x.lib</file>
         <name>remove.obj</name>
      </input_file>
      <input_file id="fl-3a">
         <path>C:\Users\tfuglsang\workspace_v8\ezdsp5535_v1\c55xx_csl\ccs_v4.0_examples\cslVC5505\Debug\</path>
         <kind>archive</kind>
         <file>cslVC5505.lib</file>
         <name>csl_gpio.obj</name>
      </input_file>
   </input_file_list>
   <object_component_list>
      <object_component id="oc-49">
         <name>.text</name>
         <load_address>0x20000</load_address>
         <run_address>0x20000</run_address>
         <size>0x15a4</size>
         <input_file_ref idref="fl-11"/>
      </object_component>
      <object_component id="oc-f9">
         <name>.text</name>
         <load_address>0x215a4</load_address>
         <run_address>0x215a4</run_address>
         <size>0x68d</size>
         <input_file_ref idref="fl-3a"/>
      </object_component>
      <object_component id="oc-93">
         <name>.text</name>
         <load_address>0x21c31</load_address>
         <run_address>0x21c31</run_address>
         <size>0x543</size>
         <input_file_ref idref="fl-23"/>
      </object_component>
      <object_component id="oc-b9">
         <name>.text</name>
         <load_address>0x22174</load_address>
         <run_address>0x22174</run_address>
         <size>0x528</size>
         <input_file_ref idref="fl-2c"/>
      </object_component>
      <object_component id="oc-ea">
         <name>.text</name>
         <load_address>0x2269c</load_address>
         <run_address>0x2269c</run_address>
         <size>0x4b5</size>
         <input_file_ref idref="fl-37"/>
      </object_component>
      <object_component id="oc-65">
         <name>.text</name>
         <load_address>0x22b51</load_address>
         <run_address>0x22b51</run_address>
         <size>0x3cc</size>
         <input_file_ref idref="fl-18"/>
      </object_component>
      <object_component id="oc-e4">
         <name>.text</name>
         <load_address>0x22f1d</load_address>
         <run_address>0x22f1d</run_address>
         <size>0x27f</size>
         <input_file_ref idref="fl-36"/>
      </object_component>
      <object_component id="oc-8b">
         <name>.text</name>
         <load_address>0x2319c</load_address>
         <run_address>0x2319c</run_address>
         <size>0x25e</size>
         <input_file_ref idref="fl-21"/>
      </object_component>
      <object_component id="oc-cc">
         <name>.text</name>
         <load_address>0x233fa</load_address>
         <run_address>0x233fa</run_address>
         <size>0x25a</size>
         <input_file_ref idref="fl-30"/>
      </object_component>
      <object_component id="oc-5b">
         <name>.text</name>
         <load_address>0x23654</load_address>
         <run_address>0x23654</run_address>
         <size>0x1ea</size>
         <input_file_ref idref="fl-15"/>
      </object_component>
      <object_component id="oc-25">
         <name>.text</name>
         <load_address>0x2383e</load_address>
         <run_address>0x2383e</run_address>
         <size>0x1e7</size>
         <input_file_ref idref="fl-a"/>
      </object_component>
      <object_component id="oc-7e">
         <name>.text</name>
         <load_address>0x23a25</load_address>
         <run_address>0x23a25</run_address>
         <size>0x163</size>
         <input_file_ref idref="fl-1e"/>
      </object_component>
      <object_component id="oc-a5">
         <name>.text</name>
         <load_address>0x23b88</load_address>
         <run_address>0x23b88</run_address>
         <size>0x14c</size>
         <input_file_ref idref="fl-27"/>
      </object_component>
      <object_component id="oc-e0">
         <name>.text</name>
         <load_address>0x23cd4</load_address>
         <run_address>0x23cd4</run_address>
         <size>0xe6</size>
         <input_file_ref idref="fl-35"/>
      </object_component>
      <object_component id="oc-c8">
         <name>.text</name>
         <load_address>0x23dba</load_address>
         <run_address>0x23dba</run_address>
         <size>0xdd</size>
         <input_file_ref idref="fl-2f"/>
      </object_component>
      <object_component id="oc-d4">
         <name>.text</name>
         <load_address>0x23e97</load_address>
         <run_address>0x23e97</run_address>
         <size>0xc2</size>
         <input_file_ref idref="fl-32"/>
      </object_component>
      <object_component id="oc-c1">
         <name>.text:CIO_breakpoint</name>
         <load_address>0x23f59</load_address>
         <run_address>0x23f59</run_address>
         <size>0xba</size>
         <input_file_ref idref="fl-2d"/>
      </object_component>
      <object_component id="oc-12">
         <name>.text</name>
         <load_address>0x24013</load_address>
         <run_address>0x24013</run_address>
         <size>0xa7</size>
         <input_file_ref idref="fl-2"/>
      </object_component>
      <object_component id="oc-7a">
         <name>.text</name>
         <load_address>0x240ba</load_address>
         <run_address>0x240ba</run_address>
         <size>0xa6</size>
         <input_file_ref idref="fl-1d"/>
      </object_component>
      <object_component id="oc-69">
         <name>.text</name>
         <load_address>0x24160</load_address>
         <run_address>0x24160</run_address>
         <size>0xa1</size>
         <input_file_ref idref="fl-19"/>
      </object_component>
      <object_component id="oc-2a">
         <name>.text</name>
         <load_address>0x24201</load_address>
         <run_address>0x24201</run_address>
         <size>0x87</size>
         <input_file_ref idref="fl-b"/>
      </object_component>
      <object_component id="oc-99">
         <name>.text</name>
         <load_address>0x24288</load_address>
         <run_address>0x24288</run_address>
         <size>0x7d</size>
         <input_file_ref idref="fl-24"/>
      </object_component>
      <object_component id="oc-f1">
         <name>.text</name>
         <load_address>0x24305</load_address>
         <run_address>0x24305</run_address>
         <size>0x7b</size>
         <input_file_ref idref="fl-38"/>
      </object_component>
      <object_component id="oc-d8">
         <name>.text</name>
         <load_address>0x24380</load_address>
         <run_address>0x24380</run_address>
         <size>0x76</size>
         <input_file_ref idref="fl-33"/>
      </object_component>
      <object_component id="oc-83">
         <name>.text</name>
         <load_address>0x243f6</load_address>
         <run_address>0x243f6</run_address>
         <size>0x73</size>
         <input_file_ref idref="fl-1f"/>
      </object_component>
      <object_component id="oc-b1">
         <name>.text</name>
         <load_address>0x24469</load_address>
         <run_address>0x24469</run_address>
         <size>0x72</size>
         <input_file_ref idref="fl-2a"/>
      </object_component>
      <object_component id="oc-71">
         <name>.text</name>
         <load_address>0x244db</load_address>
         <run_address>0x244db</run_address>
         <size>0x6f</size>
         <input_file_ref idref="fl-1b"/>
      </object_component>
      <object_component id="oc-be">
         <name>.text</name>
         <load_address>0x2454a</load_address>
         <run_address>0x2454a</run_address>
         <size>0x6d</size>
         <input_file_ref idref="fl-2d"/>
      </object_component>
      <object_component id="oc-dc">
         <name>.text</name>
         <load_address>0x245b7</load_address>
         <run_address>0x245b7</run_address>
         <size>0x6b</size>
         <input_file_ref idref="fl-34"/>
      </object_component>
      <object_component id="oc-75">
         <name>.text</name>
         <load_address>0x24622</load_address>
         <run_address>0x24622</run_address>
         <size>0x67</size>
         <input_file_ref idref="fl-1c"/>
      </object_component>
      <object_component id="oc-53">
         <name>.text</name>
         <load_address>0x24689</load_address>
         <run_address>0x24689</run_address>
         <size>0x5c</size>
         <input_file_ref idref="fl-13"/>
      </object_component>
      <object_component id="oc-18">
         <name>.text</name>
         <load_address>0x246e5</load_address>
         <run_address>0x246e5</run_address>
         <size>0x55</size>
         <input_file_ref idref="fl-3"/>
      </object_component>
      <object_component id="oc-20">
         <name>.text</name>
         <load_address>0x2473a</load_address>
         <run_address>0x2473a</run_address>
         <size>0x54</size>
         <input_file_ref idref="fl-9"/>
      </object_component>
      <object_component id="oc-3b">
         <name>.text</name>
         <load_address>0x2478e</load_address>
         <run_address>0x2478e</run_address>
         <size>0x50</size>
         <input_file_ref idref="fl-e"/>
      </object_component>
      <object_component id="oc-57">
         <name>.text</name>
         <load_address>0x247de</load_address>
         <run_address>0x247de</run_address>
         <size>0x4d</size>
         <input_file_ref idref="fl-14"/>
      </object_component>
      <object_component id="oc-4f">
         <name>.text</name>
         <load_address>0x2482b</load_address>
         <run_address>0x2482b</run_address>
         <size>0x4b</size>
         <input_file_ref idref="fl-12"/>
      </object_component>
      <object_component id="oc-ad">
         <name>.text</name>
         <load_address>0x24876</load_address>
         <run_address>0x24876</run_address>
         <size>0x4b</size>
         <input_file_ref idref="fl-29"/>
      </object_component>
      <object_component id="oc-d0">
         <name>.text</name>
         <load_address>0x248c1</load_address>
         <run_address>0x248c1</run_address>
         <size>0x48</size>
         <input_file_ref idref="fl-31"/>
      </object_component>
      <object_component id="oc-a1">
         <name>.text</name>
         <load_address>0x24909</load_address>
         <run_address>0x24909</run_address>
         <size>0x3f</size>
         <input_file_ref idref="fl-26"/>
      </object_component>
      <object_component id="oc-34">
         <name>.text</name>
         <load_address>0x24948</load_address>
         <run_address>0x24948</run_address>
         <size>0x3e</size>
         <input_file_ref idref="fl-d"/>
      </object_component>
      <object_component id="oc-10">
         <name>.text</name>
         <load_address>0x24986</load_address>
         <run_address>0x24986</run_address>
         <size>0x34</size>
         <input_file_ref idref="fl-c"/>
      </object_component>
      <object_component id="oc-6d">
         <name>.text</name>
         <load_address>0x249ba</load_address>
         <run_address>0x249ba</run_address>
         <size>0x2a</size>
         <input_file_ref idref="fl-1a"/>
      </object_component>
      <object_component id="oc-c4">
         <name>.text</name>
         <load_address>0x249e4</load_address>
         <run_address>0x249e4</run_address>
         <size>0x2a</size>
         <input_file_ref idref="fl-2e"/>
      </object_component>
      <object_component id="oc-9d">
         <name>.text</name>
         <load_address>0x24a0e</load_address>
         <run_address>0x24a0e</run_address>
         <size>0x23</size>
         <input_file_ref idref="fl-25"/>
      </object_component>
      <object_component id="oc-87">
         <name>.text</name>
         <load_address>0x24a31</load_address>
         <run_address>0x24a31</run_address>
         <size>0x1a</size>
         <input_file_ref idref="fl-20"/>
      </object_component>
      <object_component id="oc-b5">
         <name>.text</name>
         <load_address>0x24a4b</load_address>
         <run_address>0x24a4b</run_address>
         <size>0x14</size>
         <input_file_ref idref="fl-2b"/>
      </object_component>
      <object_component id="oc-8f">
         <name>.text</name>
         <load_address>0x24a5f</load_address>
         <run_address>0x24a5f</run_address>
         <size>0x13</size>
         <input_file_ref idref="fl-22"/>
      </object_component>
      <object_component id="oc-43">
         <name>.text</name>
         <load_address>0x24a72</load_address>
         <run_address>0x24a72</run_address>
         <size>0x12</size>
         <input_file_ref idref="fl-10"/>
      </object_component>
      <object_component id="oc-a9">
         <name>.text</name>
         <load_address>0x24a84</load_address>
         <run_address>0x24a84</run_address>
         <size>0x10</size>
         <input_file_ref idref="fl-28"/>
      </object_component>
      <object_component id="oc-f5">
         <name>.text</name>
         <load_address>0x24a94</load_address>
         <run_address>0x24a94</run_address>
         <size>0xa</size>
         <input_file_ref idref="fl-39"/>
      </object_component>
      <object_component id="oc-38">
         <name>.text:CIO_breakpoint</name>
         <load_address>0x24a9e</load_address>
         <run_address>0x24a9e</run_address>
         <size>0x7</size>
         <input_file_ref idref="fl-d"/>
      </object_component>
      <object_component id="oc-3f">
         <name>.text</name>
         <load_address>0x24aa5</load_address>
         <run_address>0x24aa5</run_address>
         <size>0x2</size>
         <input_file_ref idref="fl-f"/>
      </object_component>
      <object_component id="oc-30">
         <name>.stack</name>
         <uninitialized>true</uninitialized>
         <run_address>0xc0</run_address>
         <size>0x0</size>
         <input_file_ref idref="fl-c"/>
      </object_component>
      <object_component id="oc-118">
         <name>.stack</name>
         <uninitialized>true</uninitialized>
         <run_address>0xc0</run_address>
         <size>0x0</size>
      </object_component>
      <object_component id="oc-fe">
         <name>.sysstack</name>
         <uninitialized>true</uninitialized>
         <run_address>0x20c0</run_address>
         <size>0x0</size>
         <input_file_ref idref="fl-c"/>
      </object_component>
      <object_component id="oc-11a">
         <name>.sysstack</name>
         <uninitialized>true</uninitialized>
         <run_address>0x20c0</run_address>
         <size>0x0</size>
      </object_component>
      <object_component id="oc-61">
         <name>.bss</name>
         <uninitialized>true</uninitialized>
         <run_address>0x50c0</run_address>
         <size>0x232</size>
         <input_file_ref idref="fl-17"/>
      </object_component>
      <object_component id="oc-ba">
         <name>.bss</name>
         <uninitialized>true</uninitialized>
         <run_address>0x52f2</run_address>
         <size>0x1a0</size>
         <input_file_ref idref="fl-2c"/>
      </object_component>
      <object_component id="oc-19">
         <name>.bss</name>
         <uninitialized>true</uninitialized>
         <run_address>0x5492</run_address>
         <size>0x2</size>
         <input_file_ref idref="fl-3"/>
      </object_component>
      <object_component id="oc-94">
         <name>.bss</name>
         <uninitialized>true</uninitialized>
         <run_address>0x5494</run_address>
         <size>0xe2</size>
         <input_file_ref idref="fl-23"/>
      </object_component>
      <object_component id="oc-e5">
         <name>.bss</name>
         <uninitialized>true</uninitialized>
         <run_address>0x5576</run_address>
         <size>0x2</size>
         <input_file_ref idref="fl-36"/>
      </object_component>
      <object_component id="oc-eb">
         <name>.bss</name>
         <uninitialized>true</uninitialized>
         <run_address>0x5578</run_address>
         <size>0xc</size>
         <input_file_ref idref="fl-37"/>
      </object_component>
      <object_component id="oc-2b">
         <name>.bss</name>
         <uninitialized>true</uninitialized>
         <run_address>0x5584</run_address>
         <size>0x8</size>
         <input_file_ref idref="fl-b"/>
      </object_component>
      <object_component id="oc-44">
         <name>.bss</name>
         <uninitialized>true</uninitialized>
         <run_address>0x558c</run_address>
         <size>0x8</size>
         <input_file_ref idref="fl-10"/>
      </object_component>
      <object_component id="oc-35">
         <name>.bss</name>
         <uninitialized>true</uninitialized>
         <run_address>0x5594</run_address>
         <size>0x8</size>
         <input_file_ref idref="fl-d"/>
      </object_component>
      <object_component id="oc-ff">
         <name>.const:__ctypes_</name>
         <load_address>0x559c</load_address>
         <run_address>0x559c</run_address>
         <size>0x202</size>
         <input_file_ref idref="fl-16"/>
      </object_component>
      <object_component id="oc-1c">
         <name>.const:.string</name>
         <load_address>0x57a0</load_address>
         <run_address>0x57a0</run_address>
         <size>0xba</size>
         <input_file_ref idref="fl-3"/>
      </object_component>
      <object_component id="oc-14">
         <name>.const:.string</name>
         <load_address>0x585c</load_address>
         <run_address>0x585c</run_address>
         <size>0x7e</size>
         <input_file_ref idref="fl-2"/>
      </object_component>
      <object_component id="oc-4c">
         <name>.const:.string</name>
         <load_address>0x58dc</load_address>
         <run_address>0x58dc</run_address>
         <size>0x48</size>
         <input_file_ref idref="fl-11"/>
      </object_component>
      <object_component id="oc-4b">
         <name>.const</name>
         <load_address>0x5924</load_address>
         <run_address>0x5924</run_address>
         <size>0x18</size>
         <input_file_ref idref="fl-11"/>
      </object_component>
      <object_component id="oc-100">
         <name>.const:_initial_approx$1</name>
         <load_address>0x593c</load_address>
         <run_address>0x593c</run_address>
         <size>0x10</size>
         <input_file_ref idref="fl-18"/>
      </object_component>
      <object_component id="oc-80">
         <name>.const:.string</name>
         <load_address>0x594c</load_address>
         <run_address>0x594c</run_address>
         <size>0x4</size>
         <input_file_ref idref="fl-1e"/>
      </object_component>
      <object_component id="oc-77">
         <name>.const</name>
         <load_address>0x5950</load_address>
         <run_address>0x5950</run_address>
         <size>0x4</size>
         <input_file_ref idref="fl-1c"/>
      </object_component>
      <object_component id="oc-ee">
         <name>.sysmem</name>
         <uninitialized>true</uninitialized>
         <run_address>0x30c0</run_address>
         <size>0x0</size>
         <input_file_ref idref="fl-37"/>
      </object_component>
      <object_component id="oc-119">
         <name>.sysmem</name>
         <uninitialized>true</uninitialized>
         <run_address>0x30c0</run_address>
         <size>0x0</size>
      </object_component>
      <object_component id="oc-96">
         <name>.cinit</name>
         <load_address>0x40240</load_address>
         <run_address>0x40240</run_address>
         <size>0x5a</size>
         <input_file_ref idref="fl-23"/>
      </object_component>
      <object_component id="oc-63">
         <name>.cinit</name>
         <load_address>0x4029a</load_address>
         <run_address>0x4029a</run_address>
         <size>0x54</size>
         <input_file_ref idref="fl-17"/>
      </object_component>
      <object_component id="oc-46">
         <name>.cinit</name>
         <load_address>0x402ee</load_address>
         <run_address>0x402ee</run_address>
         <size>0x14</size>
         <input_file_ref idref="fl-10"/>
      </object_component>
      <object_component id="oc-37">
         <name>.cinit</name>
         <load_address>0x40302</load_address>
         <run_address>0x40302</run_address>
         <size>0x14</size>
         <input_file_ref idref="fl-d"/>
      </object_component>
      <object_component id="oc-1b">
         <name>.cinit</name>
         <load_address>0x40316</load_address>
         <run_address>0x40316</run_address>
         <size>0x8</size>
         <input_file_ref idref="fl-3"/>
      </object_component>
      <object_component id="oc-e7">
         <name>.cinit</name>
         <load_address>0x4031e</load_address>
         <run_address>0x4031e</run_address>
         <size>0x8</size>
         <input_file_ref idref="fl-36"/>
      </object_component>
      <object_component id="oc-ed">
         <name>.cinit</name>
         <load_address>0x40326</load_address>
         <run_address>0x40326</run_address>
         <size>0x8</size>
         <input_file_ref idref="fl-37"/>
      </object_component>
      <object_component id="oc-c0">
         <name>.cio</name>
         <uninitialized>true</uninitialized>
         <run_address>0x40000</run_address>
         <size>0x240</size>
         <input_file_ref idref="fl-2d"/>
      </object_component>
      <object_component id="oc-11">
         <name>vectors</name>
         <load_address>0x4fe00</load_address>
         <run_address>0x4fe00</run_address>
         <size>0x100</size>
         <input_file_ref idref="fl-f"/>
      </object_component>
      <object_component id="oc-13">
         <name>.debug_info</name>
         <load_address>0x0</load_address>
         <run_address>0x0</run_address>
         <size>0x8a5</size>
         <input_file_ref idref="fl-2"/>
      </object_component>
      <object_component id="oc-1a">
         <name>.debug_info</name>
         <load_address>0x8a5</load_address>
         <run_address>0x8a5</run_address>
         <size>0x613</size>
         <input_file_ref idref="fl-3"/>
      </object_component>
      <object_component id="oc-21">
         <name>.debug_info</name>
         <load_address>0xeb8</load_address>
         <run_address>0xeb8</run_address>
         <size>0xc88</size>
         <input_file_ref idref="fl-9"/>
      </object_component>
      <object_component id="oc-26">
         <name>.debug_info</name>
         <load_address>0x1b40</load_address>
         <run_address>0x1b40</run_address>
         <size>0x107c</size>
         <input_file_ref idref="fl-a"/>
      </object_component>
      <object_component id="oc-2c">
         <name>.debug_info</name>
         <load_address>0x2bbc</load_address>
         <run_address>0x2bbc</run_address>
         <size>0x14c3</size>
         <input_file_ref idref="fl-b"/>
      </object_component>
      <object_component id="oc-31">
         <name>.debug_info</name>
         <load_address>0x407f</load_address>
         <run_address>0x407f</run_address>
         <size>0xe8</size>
         <input_file_ref idref="fl-c"/>
      </object_component>
      <object_component id="oc-36">
         <name>.debug_info</name>
         <load_address>0x4167</load_address>
         <run_address>0x4167</run_address>
         <size>0x5fb</size>
         <input_file_ref idref="fl-d"/>
      </object_component>
      <object_component id="oc-3c">
         <name>.debug_info</name>
         <load_address>0x4762</load_address>
         <run_address>0x4762</run_address>
         <size>0x76c</size>
         <input_file_ref idref="fl-e"/>
      </object_component>
      <object_component id="oc-40">
         <name>.debug_info</name>
         <load_address>0x4ece</load_address>
         <run_address>0x4ece</run_address>
         <size>0xbc</size>
         <input_file_ref idref="fl-f"/>
      </object_component>
      <object_component id="oc-45">
         <name>.debug_info</name>
         <load_address>0x4f8a</load_address>
         <run_address>0x4f8a</run_address>
         <size>0x5bc</size>
         <input_file_ref idref="fl-10"/>
      </object_component>
      <object_component id="oc-4a">
         <name>.debug_info</name>
         <load_address>0x5546</load_address>
         <run_address>0x5546</run_address>
         <size>0x27bd</size>
         <input_file_ref idref="fl-11"/>
      </object_component>
      <object_component id="oc-50">
         <name>.debug_info</name>
         <load_address>0x7d03</load_address>
         <run_address>0x7d03</run_address>
         <size>0x586</size>
         <input_file_ref idref="fl-12"/>
      </object_component>
      <object_component id="oc-54">
         <name>.debug_info</name>
         <load_address>0x8289</load_address>
         <run_address>0x8289</run_address>
         <size>0x5a4</size>
         <input_file_ref idref="fl-13"/>
      </object_component>
      <object_component id="oc-58">
         <name>.debug_info</name>
         <load_address>0x882d</load_address>
         <run_address>0x882d</run_address>
         <size>0xcd</size>
         <input_file_ref idref="fl-14"/>
      </object_component>
      <object_component id="oc-5c">
         <name>.debug_info</name>
         <load_address>0x88fa</load_address>
         <run_address>0x88fa</run_address>
         <size>0x81f</size>
         <input_file_ref idref="fl-15"/>
      </object_component>
      <object_component id="oc-5f">
         <name>.debug_info</name>
         <load_address>0x9119</load_address>
         <run_address>0x9119</run_address>
         <size>0x498</size>
         <input_file_ref idref="fl-16"/>
      </object_component>
      <object_component id="oc-62">
         <name>.debug_info</name>
         <load_address>0x95b1</load_address>
         <run_address>0x95b1</run_address>
         <size>0x57e</size>
         <input_file_ref idref="fl-17"/>
      </object_component>
      <object_component id="oc-66">
         <name>.debug_info</name>
         <load_address>0x9b2f</load_address>
         <run_address>0x9b2f</run_address>
         <size>0x7e8</size>
         <input_file_ref idref="fl-18"/>
      </object_component>
      <object_component id="oc-6a">
         <name>.debug_info</name>
         <load_address>0xa317</load_address>
         <run_address>0xa317</run_address>
         <size>0x534</size>
         <input_file_ref idref="fl-19"/>
      </object_component>
      <object_component id="oc-6e">
         <name>.debug_info</name>
         <load_address>0xa84b</load_address>
         <run_address>0xa84b</run_address>
         <size>0x4cf</size>
         <input_file_ref idref="fl-1a"/>
      </object_component>
      <object_component id="oc-72">
         <name>.debug_info</name>
         <load_address>0xad1a</load_address>
         <run_address>0xad1a</run_address>
         <size>0x534</size>
         <input_file_ref idref="fl-1b"/>
      </object_component>
      <object_component id="oc-76">
         <name>.debug_info</name>
         <load_address>0xb24e</load_address>
         <run_address>0xb24e</run_address>
         <size>0x549</size>
         <input_file_ref idref="fl-1c"/>
      </object_component>
      <object_component id="oc-7b">
         <name>.debug_info</name>
         <load_address>0xb797</load_address>
         <run_address>0xb797</run_address>
         <size>0x6aa</size>
         <input_file_ref idref="fl-1d"/>
      </object_component>
      <object_component id="oc-7f">
         <name>.debug_info</name>
         <load_address>0xbe41</load_address>
         <run_address>0xbe41</run_address>
         <size>0x942</size>
         <input_file_ref idref="fl-1e"/>
      </object_component>
      <object_component id="oc-84">
         <name>.debug_info</name>
         <load_address>0xc783</load_address>
         <run_address>0xc783</run_address>
         <size>0x53e</size>
         <input_file_ref idref="fl-1f"/>
      </object_component>
      <object_component id="oc-88">
         <name>.debug_info</name>
         <load_address>0xccc1</load_address>
         <run_address>0xccc1</run_address>
         <size>0x680</size>
         <input_file_ref idref="fl-20"/>
      </object_component>
      <object_component id="oc-8c">
         <name>.debug_info</name>
         <load_address>0xd341</load_address>
         <run_address>0xd341</run_address>
         <size>0x7d4</size>
         <input_file_ref idref="fl-21"/>
      </object_component>
      <object_component id="oc-90">
         <name>.debug_info</name>
         <load_address>0xdb15</load_address>
         <run_address>0xdb15</run_address>
         <size>0xbd</size>
         <input_file_ref idref="fl-22"/>
      </object_component>
      <object_component id="oc-95">
         <name>.debug_info</name>
         <load_address>0xdbd2</load_address>
         <run_address>0xdbd2</run_address>
         <size>0x144b</size>
         <input_file_ref idref="fl-23"/>
      </object_component>
      <object_component id="oc-9a">
         <name>.debug_info</name>
         <load_address>0xf01d</load_address>
         <run_address>0xf01d</run_address>
         <size>0x5ad</size>
         <input_file_ref idref="fl-24"/>
      </object_component>
      <object_component id="oc-9e">
         <name>.debug_info</name>
         <load_address>0xf5ca</load_address>
         <run_address>0xf5ca</run_address>
         <size>0x574</size>
         <input_file_ref idref="fl-25"/>
      </object_component>
      <object_component id="oc-a2">
         <name>.debug_info</name>
         <load_address>0xfb3e</load_address>
         <run_address>0xfb3e</run_address>
         <size>0xd1</size>
         <input_file_ref idref="fl-26"/>
      </object_component>
      <object_component id="oc-a6">
         <name>.debug_info</name>
         <load_address>0xfc0f</load_address>
         <run_address>0xfc0f</run_address>
         <size>0x55b</size>
         <input_file_ref idref="fl-27"/>
      </object_component>
      <object_component id="oc-aa">
         <name>.debug_info</name>
         <load_address>0x1016a</load_address>
         <run_address>0x1016a</run_address>
         <size>0x4b7</size>
         <input_file_ref idref="fl-28"/>
      </object_component>
      <object_component id="oc-ae">
         <name>.debug_info</name>
         <load_address>0x10621</load_address>
         <run_address>0x10621</run_address>
         <size>0x4f2</size>
         <input_file_ref idref="fl-29"/>
      </object_component>
      <object_component id="oc-b2">
         <name>.debug_info</name>
         <load_address>0x10b13</load_address>
         <run_address>0x10b13</run_address>
         <size>0x534</size>
         <input_file_ref idref="fl-2a"/>
      </object_component>
      <object_component id="oc-b6">
         <name>.debug_info</name>
         <load_address>0x11047</load_address>
         <run_address>0x11047</run_address>
         <size>0x4de</size>
         <input_file_ref idref="fl-2b"/>
      </object_component>
      <object_component id="oc-bb">
         <name>.debug_info</name>
         <load_address>0x11525</load_address>
         <run_address>0x11525</run_address>
         <size>0xed4</size>
         <input_file_ref idref="fl-2c"/>
      </object_component>
      <object_component id="oc-bf">
         <name>.debug_info</name>
         <load_address>0x123f9</load_address>
         <run_address>0x123f9</run_address>
         <size>0x744</size>
         <input_file_ref idref="fl-2d"/>
      </object_component>
      <object_component id="oc-c5">
         <name>.debug_info</name>
         <load_address>0x12b3d</load_address>
         <run_address>0x12b3d</run_address>
         <size>0xef</size>
         <input_file_ref idref="fl-2e"/>
      </object_component>
      <object_component id="oc-c9">
         <name>.debug_info</name>
         <load_address>0x12c2c</load_address>
         <run_address>0x12c2c</run_address>
         <size>0x662</size>
         <input_file_ref idref="fl-2f"/>
      </object_component>
      <object_component id="oc-cd">
         <name>.debug_info</name>
         <load_address>0x1328e</load_address>
         <run_address>0x1328e</run_address>
         <size>0x5ab</size>
         <input_file_ref idref="fl-30"/>
      </object_component>
      <object_component id="oc-d1">
         <name>.debug_info</name>
         <load_address>0x13839</load_address>
         <run_address>0x13839</run_address>
         <size>0x4f2</size>
         <input_file_ref idref="fl-31"/>
      </object_component>
      <object_component id="oc-d5">
         <name>.debug_info</name>
         <load_address>0x13d2b</load_address>
         <run_address>0x13d2b</run_address>
         <size>0x706</size>
         <input_file_ref idref="fl-32"/>
      </object_component>
      <object_component id="oc-d9">
         <name>.debug_info</name>
         <load_address>0x14431</load_address>
         <run_address>0x14431</run_address>
         <size>0x4d2</size>
         <input_file_ref idref="fl-33"/>
      </object_component>
      <object_component id="oc-dd">
         <name>.debug_info</name>
         <load_address>0x14903</load_address>
         <run_address>0x14903</run_address>
         <size>0x5f7</size>
         <input_file_ref idref="fl-34"/>
      </object_component>
      <object_component id="oc-e1">
         <name>.debug_info</name>
         <load_address>0x14efa</load_address>
         <run_address>0x14efa</run_address>
         <size>0x64a</size>
         <input_file_ref idref="fl-35"/>
      </object_component>
      <object_component id="oc-e6">
         <name>.debug_info</name>
         <load_address>0x15544</load_address>
         <run_address>0x15544</run_address>
         <size>0xa1c</size>
         <input_file_ref idref="fl-36"/>
      </object_component>
      <object_component id="oc-ec">
         <name>.debug_info</name>
         <load_address>0x15f60</load_address>
         <run_address>0x15f60</run_address>
         <size>0xb97</size>
         <input_file_ref idref="fl-37"/>
      </object_component>
      <object_component id="oc-f2">
         <name>.debug_info</name>
         <load_address>0x16af7</load_address>
         <run_address>0x16af7</run_address>
         <size>0x64f</size>
         <input_file_ref idref="fl-38"/>
      </object_component>
      <object_component id="oc-f6">
         <name>.debug_info</name>
         <load_address>0x17146</load_address>
         <run_address>0x17146</run_address>
         <size>0x510</size>
         <input_file_ref idref="fl-39"/>
      </object_component>
      <object_component id="oc-fa">
         <name>.debug_info</name>
         <load_address>0x17656</load_address>
         <run_address>0x17656</run_address>
         <size>0x6ced</size>
         <input_file_ref idref="fl-3a"/>
      </object_component>
      <object_component id="oc-122">
         <name>.debug_info</name>
         <load_address>0x1e343</load_address>
         <run_address>0x1e343</run_address>
         <size>0x6e</size>
      </object_component>
      <object_component id="oc-15">
         <name>.debug_frame</name>
         <load_address>0x0</load_address>
         <run_address>0x0</run_address>
         <size>0xe5</size>
         <input_file_ref idref="fl-2"/>
      </object_component>
      <object_component id="oc-1d">
         <name>.debug_frame</name>
         <load_address>0xe5</load_address>
         <run_address>0xe5</run_address>
         <size>0xfb</size>
         <input_file_ref idref="fl-3"/>
      </object_component>
      <object_component id="oc-22">
         <name>.debug_frame</name>
         <load_address>0x1e0</load_address>
         <run_address>0x1e0</run_address>
         <size>0x116</size>
         <input_file_ref idref="fl-9"/>
      </object_component>
      <object_component id="oc-27">
         <name>.debug_frame</name>
         <load_address>0x2f6</load_address>
         <run_address>0x2f6</run_address>
         <size>0x1e3</size>
         <input_file_ref idref="fl-a"/>
      </object_component>
      <object_component id="oc-2d">
         <name>.debug_frame</name>
         <load_address>0x4d9</load_address>
         <run_address>0x4d9</run_address>
         <size>0x138</size>
         <input_file_ref idref="fl-b"/>
      </object_component>
      <object_component id="oc-fb">
         <name>.debug_frame</name>
         <load_address>0x611</load_address>
         <run_address>0x611</run_address>
         <size>0x224</size>
         <input_file_ref idref="fl-3a"/>
      </object_component>
      <object_component id="oc-16">
         <name>.debug_line</name>
         <load_address>0x0</load_address>
         <run_address>0x0</run_address>
         <size>0x92</size>
         <input_file_ref idref="fl-2"/>
      </object_component>
      <object_component id="oc-1e">
         <name>.debug_line</name>
         <load_address>0x92</load_address>
         <run_address>0x92</run_address>
         <size>0x67</size>
         <input_file_ref idref="fl-3"/>
      </object_component>
      <object_component id="oc-23">
         <name>.debug_line</name>
         <load_address>0xf9</load_address>
         <run_address>0xf9</run_address>
         <size>0x85</size>
         <input_file_ref idref="fl-9"/>
      </object_component>
      <object_component id="oc-28">
         <name>.debug_line</name>
         <load_address>0x17e</load_address>
         <run_address>0x17e</run_address>
         <size>0x192</size>
         <input_file_ref idref="fl-a"/>
      </object_component>
      <object_component id="oc-2e">
         <name>.debug_line</name>
         <load_address>0x310</load_address>
         <run_address>0x310</run_address>
         <size>0xa3</size>
         <input_file_ref idref="fl-b"/>
      </object_component>
      <object_component id="oc-32">
         <name>.debug_line</name>
         <load_address>0x3b3</load_address>
         <run_address>0x3b3</run_address>
         <size>0x54</size>
         <input_file_ref idref="fl-c"/>
      </object_component>
      <object_component id="oc-39">
         <name>.debug_line</name>
         <load_address>0x407</load_address>
         <run_address>0x407</run_address>
         <size>0x51</size>
         <input_file_ref idref="fl-d"/>
      </object_component>
      <object_component id="oc-3d">
         <name>.debug_line</name>
         <load_address>0x458</load_address>
         <run_address>0x458</run_address>
         <size>0x69</size>
         <input_file_ref idref="fl-e"/>
      </object_component>
      <object_component id="oc-41">
         <name>.debug_line</name>
         <load_address>0x4c1</load_address>
         <run_address>0x4c1</run_address>
         <size>0x37</size>
         <input_file_ref idref="fl-f"/>
      </object_component>
      <object_component id="oc-47">
         <name>.debug_line</name>
         <load_address>0x4f8</load_address>
         <run_address>0x4f8</run_address>
         <size>0x57</size>
         <input_file_ref idref="fl-10"/>
      </object_component>
      <object_component id="oc-4d">
         <name>.debug_line</name>
         <load_address>0x54f</load_address>
         <run_address>0x54f</run_address>
         <size>0x328</size>
         <input_file_ref idref="fl-11"/>
      </object_component>
      <object_component id="oc-51">
         <name>.debug_line</name>
         <load_address>0x877</load_address>
         <run_address>0x877</run_address>
         <size>0x41</size>
         <input_file_ref idref="fl-12"/>
      </object_component>
      <object_component id="oc-55">
         <name>.debug_line</name>
         <load_address>0x8b8</load_address>
         <run_address>0x8b8</run_address>
         <size>0x46</size>
         <input_file_ref idref="fl-13"/>
      </object_component>
      <object_component id="oc-59">
         <name>.debug_line</name>
         <load_address>0x8fe</load_address>
         <run_address>0x8fe</run_address>
         <size>0x55</size>
         <input_file_ref idref="fl-14"/>
      </object_component>
      <object_component id="oc-5d">
         <name>.debug_line</name>
         <load_address>0x953</load_address>
         <run_address>0x953</run_address>
         <size>0xad</size>
         <input_file_ref idref="fl-15"/>
      </object_component>
      <object_component id="oc-67">
         <name>.debug_line</name>
         <load_address>0xa00</load_address>
         <run_address>0xa00</run_address>
         <size>0x5b</size>
         <input_file_ref idref="fl-18"/>
      </object_component>
      <object_component id="oc-6b">
         <name>.debug_line</name>
         <load_address>0xa5b</load_address>
         <run_address>0xa5b</run_address>
         <size>0x44</size>
         <input_file_ref idref="fl-19"/>
      </object_component>
      <object_component id="oc-6f">
         <name>.debug_line</name>
         <load_address>0xa9f</load_address>
         <run_address>0xa9f</run_address>
         <size>0x3d</size>
         <input_file_ref idref="fl-1a"/>
      </object_component>
      <object_component id="oc-73">
         <name>.debug_line</name>
         <load_address>0xadc</load_address>
         <run_address>0xadc</run_address>
         <size>0x3d</size>
         <input_file_ref idref="fl-1b"/>
      </object_component>
      <object_component id="oc-78">
         <name>.debug_line</name>
         <load_address>0xb19</load_address>
         <run_address>0xb19</run_address>
         <size>0x44</size>
         <input_file_ref idref="fl-1c"/>
      </object_component>
      <object_component id="oc-7c">
         <name>.debug_line</name>
         <load_address>0xb5d</load_address>
         <run_address>0xb5d</run_address>
         <size>0x56</size>
         <input_file_ref idref="fl-1d"/>
      </object_component>
      <object_component id="oc-81">
         <name>.debug_line</name>
         <load_address>0xbb3</load_address>
         <run_address>0xbb3</run_address>
         <size>0xa8</size>
         <input_file_ref idref="fl-1e"/>
      </object_component>
      <object_component id="oc-85">
         <name>.debug_line</name>
         <load_address>0xc5b</load_address>
         <run_address>0xc5b</run_address>
         <size>0x40</size>
         <input_file_ref idref="fl-1f"/>
      </object_component>
      <object_component id="oc-89">
         <name>.debug_line</name>
         <load_address>0xc9b</load_address>
         <run_address>0xc9b</run_address>
         <size>0x38</size>
         <input_file_ref idref="fl-20"/>
      </object_component>
      <object_component id="oc-8d">
         <name>.debug_line</name>
         <load_address>0xcd3</load_address>
         <run_address>0xcd3</run_address>
         <size>0xa8</size>
         <input_file_ref idref="fl-21"/>
      </object_component>
      <object_component id="oc-91">
         <name>.debug_line</name>
         <load_address>0xd7b</load_address>
         <run_address>0xd7b</run_address>
         <size>0x3c</size>
         <input_file_ref idref="fl-22"/>
      </object_component>
      <object_component id="oc-97">
         <name>.debug_line</name>
         <load_address>0xdb7</load_address>
         <run_address>0xdb7</run_address>
         <size>0x1b0</size>
         <input_file_ref idref="fl-23"/>
      </object_component>
      <object_component id="oc-9b">
         <name>.debug_line</name>
         <load_address>0xf67</load_address>
         <run_address>0xf67</run_address>
         <size>0x40</size>
         <input_file_ref idref="fl-24"/>
      </object_component>
      <object_component id="oc-9f">
         <name>.debug_line</name>
         <load_address>0xfa7</load_address>
         <run_address>0xfa7</run_address>
         <size>0x3c</size>
         <input_file_ref idref="fl-25"/>
      </object_component>
      <object_component id="oc-a3">
         <name>.debug_line</name>
         <load_address>0xfe3</load_address>
         <run_address>0xfe3</run_address>
         <size>0x4d</size>
         <input_file_ref idref="fl-26"/>
      </object_component>
      <object_component id="oc-a7">
         <name>.debug_line</name>
         <load_address>0x1030</load_address>
         <run_address>0x1030</run_address>
         <size>0x3c</size>
         <input_file_ref idref="fl-27"/>
      </object_component>
      <object_component id="oc-ab">
         <name>.debug_line</name>
         <load_address>0x106c</load_address>
         <run_address>0x106c</run_address>
         <size>0x37</size>
         <input_file_ref idref="fl-28"/>
      </object_component>
      <object_component id="oc-af">
         <name>.debug_line</name>
         <load_address>0x10a3</load_address>
         <run_address>0x10a3</run_address>
         <size>0x3c</size>
         <input_file_ref idref="fl-29"/>
      </object_component>
      <object_component id="oc-b3">
         <name>.debug_line</name>
         <load_address>0x10df</load_address>
         <run_address>0x10df</run_address>
         <size>0x44</size>
         <input_file_ref idref="fl-2a"/>
      </object_component>
      <object_component id="oc-b7">
         <name>.debug_line</name>
         <load_address>0x1123</load_address>
         <run_address>0x1123</run_address>
         <size>0x37</size>
         <input_file_ref idref="fl-2b"/>
      </object_component>
      <object_component id="oc-bc">
         <name>.debug_line</name>
         <load_address>0x115a</load_address>
         <run_address>0x115a</run_address>
         <size>0x15d</size>
         <input_file_ref idref="fl-2c"/>
      </object_component>
      <object_component id="oc-c2">
         <name>.debug_line</name>
         <load_address>0x12b7</load_address>
         <run_address>0x12b7</run_address>
         <size>0x6a</size>
         <input_file_ref idref="fl-2d"/>
      </object_component>
      <object_component id="oc-c6">
         <name>.debug_line</name>
         <load_address>0x1321</load_address>
         <run_address>0x1321</run_address>
         <size>0x58</size>
         <input_file_ref idref="fl-2e"/>
      </object_component>
      <object_component id="oc-ca">
         <name>.debug_line</name>
         <load_address>0x1379</load_address>
         <run_address>0x1379</run_address>
         <size>0x57</size>
         <input_file_ref idref="fl-2f"/>
      </object_component>
      <object_component id="oc-ce">
         <name>.debug_line</name>
         <load_address>0x13d0</load_address>
         <run_address>0x13d0</run_address>
         <size>0x5c</size>
         <input_file_ref idref="fl-30"/>
      </object_component>
      <object_component id="oc-d2">
         <name>.debug_line</name>
         <load_address>0x142c</load_address>
         <run_address>0x142c</run_address>
         <size>0x3c</size>
         <input_file_ref idref="fl-31"/>
      </object_component>
      <object_component id="oc-d6">
         <name>.debug_line</name>
         <load_address>0x1468</load_address>
         <run_address>0x1468</run_address>
         <size>0x5b</size>
         <input_file_ref idref="fl-32"/>
      </object_component>
      <object_component id="oc-da">
         <name>.debug_line</name>
         <load_address>0x14c3</load_address>
         <run_address>0x14c3</run_address>
         <size>0x3a</size>
         <input_file_ref idref="fl-33"/>
      </object_component>
      <object_component id="oc-de">
         <name>.debug_line</name>
         <load_address>0x14fd</load_address>
         <run_address>0x14fd</run_address>
         <size>0x3c</size>
         <input_file_ref idref="fl-34"/>
      </object_component>
      <object_component id="oc-e2">
         <name>.debug_line</name>
         <load_address>0x1539</load_address>
         <run_address>0x1539</run_address>
         <size>0x3f</size>
         <input_file_ref idref="fl-35"/>
      </object_component>
      <object_component id="oc-e8">
         <name>.debug_line</name>
         <load_address>0x1578</load_address>
         <run_address>0x1578</run_address>
         <size>0xd7</size>
         <input_file_ref idref="fl-36"/>
      </object_component>
      <object_component id="oc-ef">
         <name>.debug_line</name>
         <load_address>0x164f</load_address>
         <run_address>0x164f</run_address>
         <size>0x112</size>
         <input_file_ref idref="fl-37"/>
      </object_component>
      <object_component id="oc-f3">
         <name>.debug_line</name>
         <load_address>0x1761</load_address>
         <run_address>0x1761</run_address>
         <size>0x3d</size>
         <input_file_ref idref="fl-38"/>
      </object_component>
      <object_component id="oc-f7">
         <name>.debug_line</name>
         <load_address>0x179e</load_address>
         <run_address>0x179e</run_address>
         <size>0x39</size>
         <input_file_ref idref="fl-39"/>
      </object_component>
      <object_component id="oc-fc">
         <name>.debug_line</name>
         <load_address>0x17d7</load_address>
         <run_address>0x17d7</run_address>
         <size>0x7c8</size>
         <input_file_ref idref="fl-3a"/>
      </object_component>
      <object_component id="oc-17">
         <name>.debug_abbrev</name>
         <load_address>0x0</load_address>
         <run_address>0x0</run_address>
         <size>0x102</size>
         <input_file_ref idref="fl-2"/>
      </object_component>
      <object_component id="oc-1f">
         <name>.debug_abbrev</name>
         <load_address>0x102</load_address>
         <run_address>0x102</run_address>
         <size>0xd7</size>
         <input_file_ref idref="fl-3"/>
      </object_component>
      <object_component id="oc-24">
         <name>.debug_abbrev</name>
         <load_address>0x1d9</load_address>
         <run_address>0x1d9</run_address>
         <size>0x12d</size>
         <input_file_ref idref="fl-9"/>
      </object_component>
      <object_component id="oc-29">
         <name>.debug_abbrev</name>
         <load_address>0x306</load_address>
         <run_address>0x306</run_address>
         <size>0x130</size>
         <input_file_ref idref="fl-a"/>
      </object_component>
      <object_component id="oc-2f">
         <name>.debug_abbrev</name>
         <load_address>0x436</load_address>
         <run_address>0x436</run_address>
         <size>0x122</size>
         <input_file_ref idref="fl-b"/>
      </object_component>
      <object_component id="oc-33">
         <name>.debug_abbrev</name>
         <load_address>0x558</load_address>
         <run_address>0x558</run_address>
         <size>0x3a</size>
         <input_file_ref idref="fl-c"/>
      </object_component>
      <object_component id="oc-3a">
         <name>.debug_abbrev</name>
         <load_address>0x592</load_address>
         <run_address>0x592</run_address>
         <size>0xf7</size>
         <input_file_ref idref="fl-d"/>
      </object_component>
      <object_component id="oc-3e">
         <name>.debug_abbrev</name>
         <load_address>0x689</load_address>
         <run_address>0x689</run_address>
         <size>0x145</size>
         <input_file_ref idref="fl-e"/>
      </object_component>
      <object_component id="oc-42">
         <name>.debug_abbrev</name>
         <load_address>0x7ce</load_address>
         <run_address>0x7ce</run_address>
         <size>0x26</size>
         <input_file_ref idref="fl-f"/>
      </object_component>
      <object_component id="oc-48">
         <name>.debug_abbrev</name>
         <load_address>0x7f4</load_address>
         <run_address>0x7f4</run_address>
         <size>0x9f</size>
         <input_file_ref idref="fl-10"/>
      </object_component>
      <object_component id="oc-4e">
         <name>.debug_abbrev</name>
         <load_address>0x893</load_address>
         <run_address>0x893</run_address>
         <size>0x1f8</size>
         <input_file_ref idref="fl-11"/>
      </object_component>
      <object_component id="oc-52">
         <name>.debug_abbrev</name>
         <load_address>0xa8b</load_address>
         <run_address>0xa8b</run_address>
         <size>0xec</size>
         <input_file_ref idref="fl-12"/>
      </object_component>
      <object_component id="oc-56">
         <name>.debug_abbrev</name>
         <load_address>0xb77</load_address>
         <run_address>0xb77</run_address>
         <size>0xd5</size>
         <input_file_ref idref="fl-13"/>
      </object_component>
      <object_component id="oc-5a">
         <name>.debug_abbrev</name>
         <load_address>0xc4c</load_address>
         <run_address>0xc4c</run_address>
         <size>0x44</size>
         <input_file_ref idref="fl-14"/>
      </object_component>
      <object_component id="oc-5e">
         <name>.debug_abbrev</name>
         <load_address>0xc90</load_address>
         <run_address>0xc90</run_address>
         <size>0xb7</size>
         <input_file_ref idref="fl-15"/>
      </object_component>
      <object_component id="oc-60">
         <name>.debug_abbrev</name>
         <load_address>0xd47</load_address>
         <run_address>0xd47</run_address>
         <size>0x68</size>
         <input_file_ref idref="fl-16"/>
      </object_component>
      <object_component id="oc-64">
         <name>.debug_abbrev</name>
         <load_address>0xdaf</load_address>
         <run_address>0xdaf</run_address>
         <size>0x83</size>
         <input_file_ref idref="fl-17"/>
      </object_component>
      <object_component id="oc-68">
         <name>.debug_abbrev</name>
         <load_address>0xe32</load_address>
         <run_address>0xe32</run_address>
         <size>0x112</size>
         <input_file_ref idref="fl-18"/>
      </object_component>
      <object_component id="oc-6c">
         <name>.debug_abbrev</name>
         <load_address>0xf44</load_address>
         <run_address>0xf44</run_address>
         <size>0xb5</size>
         <input_file_ref idref="fl-19"/>
      </object_component>
      <object_component id="oc-70">
         <name>.debug_abbrev</name>
         <load_address>0xff9</load_address>
         <run_address>0xff9</run_address>
         <size>0x8f</size>
         <input_file_ref idref="fl-1a"/>
      </object_component>
      <object_component id="oc-74">
         <name>.debug_abbrev</name>
         <load_address>0x1088</load_address>
         <run_address>0x1088</run_address>
         <size>0xb7</size>
         <input_file_ref idref="fl-1b"/>
      </object_component>
      <object_component id="oc-79">
         <name>.debug_abbrev</name>
         <load_address>0x113f</load_address>
         <run_address>0x113f</run_address>
         <size>0xc2</size>
         <input_file_ref idref="fl-1c"/>
      </object_component>
      <object_component id="oc-7d">
         <name>.debug_abbrev</name>
         <load_address>0x1201</load_address>
         <run_address>0x1201</run_address>
         <size>0x103</size>
         <input_file_ref idref="fl-1d"/>
      </object_component>
      <object_component id="oc-82">
         <name>.debug_abbrev</name>
         <load_address>0x1304</load_address>
         <run_address>0x1304</run_address>
         <size>0x140</size>
         <input_file_ref idref="fl-1e"/>
      </object_component>
      <object_component id="oc-86">
         <name>.debug_abbrev</name>
         <load_address>0x1444</load_address>
         <run_address>0x1444</run_address>
         <size>0x9a</size>
         <input_file_ref idref="fl-1f"/>
      </object_component>
      <object_component id="oc-8a">
         <name>.debug_abbrev</name>
         <load_address>0x14de</load_address>
         <run_address>0x14de</run_address>
         <size>0xd0</size>
         <input_file_ref idref="fl-20"/>
      </object_component>
      <object_component id="oc-8e">
         <name>.debug_abbrev</name>
         <load_address>0x15ae</load_address>
         <run_address>0x15ae</run_address>
         <size>0xb7</size>
         <input_file_ref idref="fl-21"/>
      </object_component>
      <object_component id="oc-92">
         <name>.debug_abbrev</name>
         <load_address>0x1665</load_address>
         <run_address>0x1665</run_address>
         <size>0x38</size>
         <input_file_ref idref="fl-22"/>
      </object_component>
      <object_component id="oc-98">
         <name>.debug_abbrev</name>
         <load_address>0x169d</load_address>
         <run_address>0x169d</run_address>
         <size>0x225</size>
         <input_file_ref idref="fl-23"/>
      </object_component>
      <object_component id="oc-9c">
         <name>.debug_abbrev</name>
         <load_address>0x18c2</load_address>
         <run_address>0x18c2</run_address>
         <size>0xec</size>
         <input_file_ref idref="fl-24"/>
      </object_component>
      <object_component id="oc-a0">
         <name>.debug_abbrev</name>
         <load_address>0x19ae</load_address>
         <run_address>0x19ae</run_address>
         <size>0xb7</size>
         <input_file_ref idref="fl-25"/>
      </object_component>
      <object_component id="oc-a4">
         <name>.debug_abbrev</name>
         <load_address>0x1a65</load_address>
         <run_address>0x1a65</run_address>
         <size>0x38</size>
         <input_file_ref idref="fl-26"/>
      </object_component>
      <object_component id="oc-a8">
         <name>.debug_abbrev</name>
         <load_address>0x1a9d</load_address>
         <run_address>0x1a9d</run_address>
         <size>0xdc</size>
         <input_file_ref idref="fl-27"/>
      </object_component>
      <object_component id="oc-ac">
         <name>.debug_abbrev</name>
         <load_address>0x1b79</load_address>
         <run_address>0x1b79</run_address>
         <size>0x81</size>
         <input_file_ref idref="fl-28"/>
      </object_component>
      <object_component id="oc-b0">
         <name>.debug_abbrev</name>
         <load_address>0x1bfa</load_address>
         <run_address>0x1bfa</run_address>
         <size>0xa6</size>
         <input_file_ref idref="fl-29"/>
      </object_component>
      <object_component id="oc-b4">
         <name>.debug_abbrev</name>
         <load_address>0x1ca0</load_address>
         <run_address>0x1ca0</run_address>
         <size>0xb5</size>
         <input_file_ref idref="fl-2a"/>
      </object_component>
      <object_component id="oc-b8">
         <name>.debug_abbrev</name>
         <load_address>0x1d55</load_address>
         <run_address>0x1d55</run_address>
         <size>0x8f</size>
         <input_file_ref idref="fl-2b"/>
      </object_component>
      <object_component id="oc-bd">
         <name>.debug_abbrev</name>
         <load_address>0x1de4</load_address>
         <run_address>0x1de4</run_address>
         <size>0x15a</size>
         <input_file_ref idref="fl-2c"/>
      </object_component>
      <object_component id="oc-c3">
         <name>.debug_abbrev</name>
         <load_address>0x1f3e</load_address>
         <run_address>0x1f3e</run_address>
         <size>0xde</size>
         <input_file_ref idref="fl-2d"/>
      </object_component>
      <object_component id="oc-c7">
         <name>.debug_abbrev</name>
         <load_address>0x201c</load_address>
         <run_address>0x201c</run_address>
         <size>0x38</size>
         <input_file_ref idref="fl-2e"/>
      </object_component>
      <object_component id="oc-cb">
         <name>.debug_abbrev</name>
         <load_address>0x2054</load_address>
         <run_address>0x2054</run_address>
         <size>0xd1</size>
         <input_file_ref idref="fl-2f"/>
      </object_component>
      <object_component id="oc-cf">
         <name>.debug_abbrev</name>
         <load_address>0x2125</load_address>
         <run_address>0x2125</run_address>
         <size>0xd4</size>
         <input_file_ref idref="fl-30"/>
      </object_component>
      <object_component id="oc-d3">
         <name>.debug_abbrev</name>
         <load_address>0x21f9</load_address>
         <run_address>0x21f9</run_address>
         <size>0xa6</size>
         <input_file_ref idref="fl-31"/>
      </object_component>
      <object_component id="oc-d7">
         <name>.debug_abbrev</name>
         <load_address>0x229f</load_address>
         <run_address>0x229f</run_address>
         <size>0x136</size>
         <input_file_ref idref="fl-32"/>
      </object_component>
      <object_component id="oc-db">
         <name>.debug_abbrev</name>
         <load_address>0x23d5</load_address>
         <run_address>0x23d5</run_address>
         <size>0x81</size>
         <input_file_ref idref="fl-33"/>
      </object_component>
      <object_component id="oc-df">
         <name>.debug_abbrev</name>
         <load_address>0x2456</load_address>
         <run_address>0x2456</run_address>
         <size>0xd1</size>
         <input_file_ref idref="fl-34"/>
      </object_component>
      <object_component id="oc-e3">
         <name>.debug_abbrev</name>
         <load_address>0x2527</load_address>
         <run_address>0x2527</run_address>
         <size>0x10b</size>
         <input_file_ref idref="fl-35"/>
      </object_component>
      <object_component id="oc-e9">
         <name>.debug_abbrev</name>
         <load_address>0x2632</load_address>
         <run_address>0x2632</run_address>
         <size>0x1a2</size>
         <input_file_ref idref="fl-36"/>
      </object_component>
      <object_component id="oc-f0">
         <name>.debug_abbrev</name>
         <load_address>0x27d4</load_address>
         <run_address>0x27d4</run_address>
         <size>0x1de</size>
         <input_file_ref idref="fl-37"/>
      </object_component>
      <object_component id="oc-f4">
         <name>.debug_abbrev</name>
         <load_address>0x29b2</load_address>
         <run_address>0x29b2</run_address>
         <size>0x118</size>
         <input_file_ref idref="fl-38"/>
      </object_component>
      <object_component id="oc-f8">
         <name>.debug_abbrev</name>
         <load_address>0x2aca</load_address>
         <run_address>0x2aca</run_address>
         <size>0xbf</size>
         <input_file_ref idref="fl-39"/>
      </object_component>
      <object_component id="oc-fd">
         <name>.debug_abbrev</name>
         <load_address>0x2b89</load_address>
         <run_address>0x2b89</run_address>
         <size>0x1a7</size>
         <input_file_ref idref="fl-3a"/>
      </object_component>
      <object_component id="oc-123">
         <name>.debug_abbrev</name>
         <load_address>0x2d30</load_address>
         <run_address>0x2d30</run_address>
         <size>0xd</size>
      </object_component>
   </object_component_list>
   <logical_group_list>
      <logical_group id="lg-11c">
         <name>.text</name>
         <load_address>0x20000</load_address>
         <run_address>0x20000</run_address>
         <size>0x4aa8</size>
         <contents>
            <object_component_ref idref="oc-49"/>
            <object_component_ref idref="oc-f9"/>
            <object_component_ref idref="oc-93"/>
            <object_component_ref idref="oc-b9"/>
            <object_component_ref idref="oc-ea"/>
            <object_component_ref idref="oc-65"/>
            <object_component_ref idref="oc-e4"/>
            <object_component_ref idref="oc-8b"/>
            <object_component_ref idref="oc-cc"/>
            <object_component_ref idref="oc-5b"/>
            <object_component_ref idref="oc-25"/>
            <object_component_ref idref="oc-7e"/>
            <object_component_ref idref="oc-a5"/>
            <object_component_ref idref="oc-e0"/>
            <object_component_ref idref="oc-c8"/>
            <object_component_ref idref="oc-d4"/>
            <object_component_ref idref="oc-c1"/>
            <object_component_ref idref="oc-12"/>
            <object_component_ref idref="oc-7a"/>
            <object_component_ref idref="oc-69"/>
            <object_component_ref idref="oc-2a"/>
            <object_component_ref idref="oc-99"/>
            <object_component_ref idref="oc-f1"/>
            <object_component_ref idref="oc-d8"/>
            <object_component_ref idref="oc-83"/>
            <object_component_ref idref="oc-b1"/>
            <object_component_ref idref="oc-71"/>
            <object_component_ref idref="oc-be"/>
            <object_component_ref idref="oc-dc"/>
            <object_component_ref idref="oc-75"/>
            <object_component_ref idref="oc-53"/>
            <object_component_ref idref="oc-18"/>
            <object_component_ref idref="oc-20"/>
            <object_component_ref idref="oc-3b"/>
            <object_component_ref idref="oc-57"/>
            <object_component_ref idref="oc-4f"/>
            <object_component_ref idref="oc-ad"/>
            <object_component_ref idref="oc-d0"/>
            <object_component_ref idref="oc-a1"/>
            <object_component_ref idref="oc-34"/>
            <object_component_ref idref="oc-10"/>
            <object_component_ref idref="oc-6d"/>
            <object_component_ref idref="oc-c4"/>
            <object_component_ref idref="oc-9d"/>
            <object_component_ref idref="oc-87"/>
            <object_component_ref idref="oc-b5"/>
            <object_component_ref idref="oc-8f"/>
            <object_component_ref idref="oc-43"/>
            <object_component_ref idref="oc-a9"/>
            <object_component_ref idref="oc-f5"/>
            <object_component_ref idref="oc-38"/>
            <object_component_ref idref="oc-3f"/>
         </contents>
      </logical_group>
      <split_section id="lg-2">
         <name>.text</name>
         <contents>
            <logical_group_ref idref="lg-11c"/>
         </contents>
      </split_section>
      <logical_group id="lg-3">
         <name>.stack</name>
         <run_address>0xc0</run_address>
         <size>0x2000</size>
         <contents>
            <object_component_ref idref="oc-30"/>
            <object_component_ref idref="oc-118"/>
         </contents>
      </logical_group>
      <logical_group id="lg-4">
         <name>.sysstack</name>
         <run_address>0x20c0</run_address>
         <size>0x1000</size>
         <contents>
            <object_component_ref idref="oc-fe"/>
            <object_component_ref idref="oc-11a"/>
         </contents>
      </logical_group>
      <logical_group id="lg-5">
         <name>.data</name>
         <run_address>0xc0</run_address>
         <size>0x0</size>
         <contents>
         </contents>
      </logical_group>
      <logical_group id="lg-11d">
         <name>.bss</name>
         <run_address>0x50c0</run_address>
         <size>0x4dc</size>
         <contents>
            <object_component_ref idref="oc-61"/>
            <object_component_ref idref="oc-ba"/>
            <object_component_ref idref="oc-19"/>
            <object_component_ref idref="oc-94"/>
            <object_component_ref idref="oc-e5"/>
            <object_component_ref idref="oc-eb"/>
            <object_component_ref idref="oc-2b"/>
            <object_component_ref idref="oc-44"/>
            <object_component_ref idref="oc-35"/>
         </contents>
      </logical_group>
      <split_section id="lg-6">
         <name>.bss</name>
         <contents>
            <logical_group_ref idref="lg-11d"/>
         </contents>
      </split_section>
      <logical_group id="lg-11e">
         <name>.const.1</name>
         <load_address>0x559c</load_address>
         <run_address>0x559c</run_address>
         <size>0x202</size>
[...]
      </symbol>
      <symbol id="sm-c4">
         <name>_EZDSP5535_GPIO_getInput</name>
         <value>0x2426a</value>
         <object_component_ref idref="oc-2a"/>
      </symbol>
      <symbol id="sm-c5">
         <name>_EZDSP5535_GPIO_setOutput</name>
         <value>0x24250</value>
         <object_component_ref idref="oc-2a"/>
      </symbol>
      <symbol id="sm-c6">
         <name>_GpioObj</name>
         <value>0x5584</value>
         <object_component_ref idref="oc-2b"/>
      </symbol>
      <symbol id="sm-c7">
         <name>_hGpio</name>
         <value>0x5588</value>
         <object_component_ref idref="oc-2b"/>
      </symbol>
      <symbol id="sm-c8">
         <name>_EZDSP5535_GPIO_init</name>
         <value>0x24201</value>
         <object_component_ref idref="oc-2a"/>
      </symbol>
      <symbol id="sm-d4">
         <name>__sysstack</name>
         <value>0x20c0</value>
         <object_component_ref idref="oc-fe"/>
      </symbol>
      <symbol id="sm-d5">
         <name>_c_int00</name>
         <value>0x24986</value>
         <object_component_ref idref="oc-10"/>
      </symbol>
      <symbol id="sm-d6">
         <name>__stack</name>
         <value>0xc0</value>
         <object_component_ref idref="oc-30"/>
      </symbol>
      <symbol id="sm-e6">
         <name>C$$EXIT</name>
         <value>0x24a9f</value>
         <object_component_ref idref="oc-38"/>
      </symbol>
      <symbol id="sm-e7">
         <name>_exit</name>
         <value>0x24948</value>
         <object_component_ref idref="oc-34"/>
      </symbol>
      <symbol id="sm-e8">
         <name>_abort</name>
         <value>0x24a9e</value>
         <object_component_ref idref="oc-38"/>
      </symbol>
      <symbol id="sm-e9">
         <name>__cleanup_ptr</name>
         <value>0x5594</value>
         <object_component_ref idref="oc-35"/>
      </symbol>
      <symbol id="sm-ea">
         <name>__dtors_ptr</name>
         <value>0x5598</value>
         <object_component_ref idref="oc-35"/>
      </symbol>
      <symbol id="sm-f4">
         <name>_printf</name>
         <value>0x2478e</value>
         <object_component_ref idref="oc-3b"/>
      </symbol>
      <symbol id="sm-fe">
         <name>_Reset</name>
         <value>0x4fe00</value>
         <object_component_ref idref="oc-11"/>
      </symbol>
      <symbol id="sm-10c">
         <name>__unlock</name>
         <value>0x5590</value>
         <object_component_ref idref="oc-44"/>
      </symbol>
      <symbol id="sm-10d">
         <name>__lock</name>
         <value>0x558c</value>
         <object_component_ref idref="oc-44"/>
      </symbol>
      <symbol id="sm-10e">
         <name>__register_lock</name>
         <value>0x24a7a</value>
         <object_component_ref idref="oc-43"/>
      </symbol>
      <symbol id="sm-10f">
         <name>__nop</name>
         <value>0x24a82</value>
         <object_component_ref idref="oc-43"/>
      </symbol>
      <symbol id="sm-110">
         <name>__register_unlock</name>
         <value>0x24a72</value>
         <object_component_ref idref="oc-43"/>
      </symbol>
      <symbol id="sm-122">
         <name>__printfi</name>
         <value>0x21362</value>
         <object_component_ref idref="oc-49"/>
      </symbol>
      <symbol id="sm-12c">
         <name>__args_main</name>
         <value>0x2482b</value>
         <object_component_ref idref="oc-4f"/>
      </symbol>
      <symbol id="sm-12d">
         <name>__TI_args_main</name>
         <value>0x1</value>
      </symbol>
      <symbol id="sm-137">
         <name>_atoi</name>
         <value>0x24689</value>
         <object_component_ref idref="oc-53"/>
      </symbol>
      <symbol id="sm-13f">
         <name>_auto_init</name>
         <value>0x247de</value>
         <object_component_ref idref="oc-57"/>
      </symbol>
      <symbol id="sm-149">
         <name>__eqld</name>
         <value>0x237b2</value>
         <object_component_ref idref="oc-5b"/>
      </symbol>
      <symbol id="sm-14a">
         <name>__cmpd</name>
         <value>0x237e6</value>
         <object_component_ref idref="oc-5b"/>
      </symbol>
      <symbol id="sm-14b">
         <name>__neqd</name>
         <value>0x23654</value>
         <object_component_ref idref="oc-5b"/>
      </symbol>
      <symbol id="sm-14c">
         <name>__gtrd</name>
         <value>0x2371d</value>
         <object_component_ref idref="oc-5b"/>
      </symbol>
      <symbol id="sm-14d">
         <name>__geqd</name>
         <value>0x23768</value>
         <object_component_ref idref="oc-5b"/>
      </symbol>
      <symbol id="sm-14e">
         <name>__leqd</name>
         <value>0x236d0</value>
         <object_component_ref idref="oc-5b"/>
      </symbol>
      <symbol id="sm-14f">
         <name>__lssd</name>
         <value>0x23688</value>
         <object_component_ref idref="oc-5b"/>
      </symbol>
      <symbol id="sm-157">
         <name>__ctypes_</name>
         <value>0x559c</value>
         <object_component_ref idref="oc-ff"/>
      </symbol>
      <symbol id="sm-161">
         <name>__tmpnams</name>
         <value>0x51b0</value>
         <object_component_ref idref="oc-61"/>
      </symbol>
      <symbol id="sm-162">
         <name>__ft_end</name>
         <value>0x52f0</value>
         <object_component_ref idref="oc-61"/>
      </symbol>
      <symbol id="sm-163">
         <name>__ftable</name>
         <value>0x50c0</value>
         <object_component_ref idref="oc-61"/>
      </symbol>
      <symbol id="sm-16f">
         <name>__divd</name>
         <value>0x22b51</value>
         <object_component_ref idref="oc-65"/>
      </symbol>
      <symbol id="sm-17a">
         <name>__divul</name>
         <value>0x24160</value>
         <object_component_ref idref="oc-69"/>
      </symbol>
      <symbol id="sm-184">
         <name>__fixdi</name>
         <value>0x249ba</value>
         <object_component_ref idref="oc-6d"/>
      </symbol>
      <symbol id="sm-18e">
         <name>__fixdli</name>
         <value>0x244db</value>
         <object_component_ref idref="oc-71"/>
      </symbol>
      <symbol id="sm-19a">
         <name>__fltlid</name>
         <value>0x24622</value>
         <object_component_ref idref="oc-75"/>
      </symbol>
      <symbol id="sm-1a4">
         <name>_putchar</name>
         <value>0x24151</value>
         <object_component_ref idref="oc-7a"/>
      </symbol>
      <symbol id="sm-1a5">
         <name>_putc</name>
         <value>0x240ba</value>
         <object_component_ref idref="oc-7a"/>
      </symbol>
      <symbol id="sm-1a6">
         <name>_fputc</name>
         <value>0x240ba</value>
         <object_component_ref idref="oc-7a"/>
      </symbol>
      <symbol id="sm-1b4">
         <name>_puts</name>
         <value>0x23b5a</value>
         <object_component_ref idref="oc-7e"/>
      </symbol>
      <symbol id="sm-1b5">
         <name>_fputs</name>
         <value>0x23a25</value>
         <object_component_ref idref="oc-7e"/>
      </symbol>
      <symbol id="sm-1bf">
         <name>__frcmpyd_div</name>
         <value>0x243f6</value>
         <object_component_ref idref="oc-83"/>
      </symbol>
      <symbol id="sm-1c9">
         <name>___isinf</name>
         <value>0x24a31</value>
         <object_component_ref idref="oc-87"/>
      </symbol>
      <symbol id="sm-1d3">
         <name>__divull</name>
         <value>0x232d1</value>
         <object_component_ref idref="oc-8b"/>
      </symbol>
      <symbol id="sm-1d4">
         <name>__mpylli</name>
         <value>0x23219</value>
         <object_component_ref idref="oc-8b"/>
      </symbol>
      <symbol id="sm-1d5">
         <name>__remlli</name>
         <value>0x231ea</value>
         <object_component_ref idref="oc-8b"/>
      </symbol>
      <symbol id="sm-1d6">
         <name>__divlli</name>
         <value>0x233c5</value>
         <object_component_ref idref="oc-8b"/>
      </symbol>
      <symbol id="sm-1d7">
         <name>__remull</name>
         <value>0x2319c</value>
         <object_component_ref idref="oc-8b"/>
      </symbol>
      <symbol id="sm-1df">
         <name>__mpyli</name>
         <value>0x24a5f</value>
         <object_component_ref idref="oc-8f"/>
      </symbol>
      <symbol id="sm-1e0">
         <name>I$$LMPY</name>
         <value>0x24a5f</value>
         <object_component_ref idref="oc-8f"/>
      </symbol>
      <symbol id="sm-1f2">
         <name>_add_device</name>
         <value>0x22084</value>
         <object_component_ref idref="oc-93"/>
      </symbol>
      <symbol id="sm-1f3">
         <name>_rename</name>
         <value>0x21da6</value>
         <object_component_ref idref="oc-93"/>
      </symbol>
      <symbol id="sm-1f4">
         <name>_read</name>
         <value>0x21e35</value>
         <object_component_ref idref="oc-93"/>
      </symbol>
      <symbol id="sm-1f5">
         <name>_unlink</name>
         <value>0x21d73</value>
         <object_component_ref idref="oc-93"/>
      </symbol>
      <symbol id="sm-1f6">
         <name>_remove_device</name>
         <value>0x21dff</value>
         <object_component_ref idref="oc-93"/>
      </symbol>
      <symbol id="sm-1f7">
         <name>_open</name>
         <value>0x21ee3</value>
         <object_component_ref idref="oc-93"/>
      </symbol>
      <symbol id="sm-1f8">
         <name>_find_registered_device</name>
         <value>0x22008</value>
         <object_component_ref idref="oc-93"/>
      </symbol>
      <symbol id="sm-1f9">
         <name>_lseek</name>
         <value>0x21fa2</value>
         <object_component_ref idref="oc-93"/>
      </symbol>
      <symbol id="sm-1fa">
         <name>_close</name>
         <value>0x22011</value>
         <object_component_ref idref="oc-93"/>
      </symbol>
      <symbol id="sm-1fb">
         <name>_write</name>
         <value>0x21c31</value>
         <object_component_ref idref="oc-93"/>
      </symbol>
      <symbol id="sm-205">
         <name>_ltoa</name>
         <value>0x24288</value>
         <object_component_ref idref="oc-99"/>
      </symbol>
      <symbol id="sm-210">
         <name>_memccpy</name>
         <value>0x24a0e</value>
         <object_component_ref idref="oc-9d"/>
      </symbol>
      <symbol id="sm-218">
         <name>_memcpy</name>
         <value>0x24909</value>
         <object_component_ref idref="oc-a1"/>
      </symbol>
      <symbol id="sm-222">
         <name>__mpyd</name>
         <value>0x23b88</value>
         <object_component_ref idref="oc-a5"/>
      </symbol>
      <symbol id="sm-22c">
         <name>__negd</name>
         <value>0x24a84</value>
         <object_component_ref idref="oc-a9"/>
      </symbol>
      <symbol id="sm-236">
         <name>__remli</name>
         <value>0x24876</value>
         <object_component_ref idref="oc-ad"/>
      </symbol>
      <symbol id="sm-241">
         <name>__remul</name>
         <value>0x24469</value>
         <object_component_ref idref="oc-b1"/>
      </symbol>
      <symbol id="sm-24b">
         <name>__subd</name>
         <value>0x24a4b</value>
         <object_component_ref idref="oc-b5"/>
      </symbol>
      <symbol id="sm-257">
         <name>_HOSTopen</name>
         <value>0x2247f</value>
         <object_component_ref idref="oc-b9"/>
      </symbol>
      <symbol id="sm-258">
         <name>_HOSTread</name>
         <value>0x223f2</value>
         <object_component_ref idref="oc-b9"/>
      </symbol>
      <symbol id="sm-259">
         <name>_HOSTtime</name>
         <value>0x222e6</value>
         <object_component_ref idref="oc-b9"/>
      </symbol>
      <symbol id="sm-25a">
         <name>_getenv</name>
         <value>0x22174</value>
         <object_component_ref idref="oc-b9"/>
      </symbol>
      <symbol id="sm-25b">
         <name>_HOSTrename</name>
         <value>0x22344</value>
         <object_component_ref idref="oc-b9"/>
      </symbol>
      <symbol id="sm-25c">
         <name>_HOSTclock</name>
         <value>0x2263e</value>
         <object_component_ref idref="oc-b9"/>
      </symbol>
      <symbol id="sm-25d">
         <name>_HOSTwrite</name>
         <value>0x221ef</value>
         <object_component_ref idref="oc-b9"/>
      </symbol>
      <symbol id="sm-25e">
         <name>_HOSTlseek</name>
         <value>0x2251e</value>
         <object_component_ref idref="oc-b9"/>
      </symbol>
      <symbol id="sm-25f">
         <name>_HOSTunlink</name>
         <value>0x2227c</value>
         <object_component_ref idref="oc-b9"/>
      </symbol>
      <symbol id="sm-260">
         <name>_HOSTclose</name>
         <value>0x225d3</value>
         <object_component_ref idref="oc-b9"/>
      </symbol>
      <symbol id="sm-272">
         <name>C$$IO$$</name>
         <value>0x2400e</value>
         <object_component_ref idref="oc-c1"/>
      </symbol>
      <symbol id="sm-273">
         <name>__CIOBUF_</name>
         <value>0x40000</value>
         <object_component_ref idref="oc-c0"/>
      </symbol>
      <symbol id="sm-274">
         <name>_readmsg</name>
         <value>0x2454a</value>
         <object_component_ref idref="oc-be"/>
      </symbol>
      <symbol id="sm-275">
         <name>_writemsg</name>
         <value>0x23f59</value>
         <object_component_ref idref="oc-c1"/>
      </symbol>
      <symbol id="sm-27d">
         <name>__remu</name>
         <value>0x249f9</value>
         <object_component_ref idref="oc-c4"/>
      </symbol>
      <symbol id="sm-27e">
         <name>__divu</name>
         <value>0x249e4</value>
         <object_component_ref idref="oc-c4"/>
      </symbol>
      <symbol id="sm-27f">
         <name>I$$UMOD</name>
         <value>0x249f9</value>
         <object_component_ref idref="oc-c4"/>
      </symbol>
      <symbol id="sm-280">
         <name>I$$UDIV</name>
         <value>0x249e4</value>
         <object_component_ref idref="oc-c4"/>
      </symbol>
      <symbol id="sm-28a">
         <name>__rd_ok</name>
         <value>0x23e3a</value>
         <object_component_ref idref="oc-c8"/>
      </symbol>
      <symbol id="sm-28b">
         <name>__wrt_ok</name>
         <value>0x23dba</value>
         <object_component_ref idref="oc-c8"/>
      </symbol>
      <symbol id="sm-295">
         <name>__addd</name>
         <value>0x233fa</value>
         <object_component_ref idref="oc-cc"/>
      </symbol>
      <symbol id="sm-29f">
         <name>__divli</name>
         <value>0x248c1</value>
         <object_component_ref idref="oc-d0"/>
      </symbol>
      <symbol id="sm-2a9">
         <name>__doflush</name>
         <value>0x23e97</value>
         <object_component_ref idref="oc-d4"/>
      </symbol>
      <symbol id="sm-2aa">
         <name>_fflush</name>
         <value>0x23f00</value>
         <object_component_ref idref="oc-d4"/>
      </symbol>
      <symbol id="sm-2b4">
         <name>__frcmpyd</name>
         <value>0x24380</value>
         <object_component_ref idref="oc-d8"/>
      </symbol>
      <symbol id="sm-2be">
         <name>_fseek</name>
         <value>0x245b7</value>
         <object_component_ref idref="oc-dc"/>
      </symbol>
      <symbol id="sm-2c8">
         <name>_setvbuf</name>
         <value>0x23cd4</value>
         <object_component_ref idref="oc-e0"/>
      </symbol>
      <symbol id="sm-2d7">
         <name>__cleanup</name>
         <value>0x2303e</value>
         <object_component_ref idref="oc-e4"/>
      </symbol>
      <symbol id="sm-2d8">
         <name>_fopen</name>
         <value>0x23161</value>
         <object_component_ref idref="oc-e4"/>
      </symbol>
      <symbol id="sm-2d9">
         <name>_freopen</name>
         <value>0x23098</value>
         <object_component_ref idref="oc-e4"/>
      </symbol>
      <symbol id="sm-2e9">
         <name>__sys_memory</name>
         <value>0x30c0</value>
         <object_component_ref idref="oc-ee"/>
      </symbol>
      <symbol id="sm-2ea">
         <name>_chkheap</name>
         <value>0x22b23</value>
         <object_component_ref idref="oc-ea"/>
      </symbol>
      <symbol id="sm-2eb">
         <name>_realloc</name>
         <value>0x228c2</value>
         <object_component_ref idref="oc-ea"/>
      </symbol>
      <symbol id="sm-2ec">
         <name>_free_memory</name>
         <value>0x22acd</value>
         <object_component_ref idref="oc-ea"/>
      </symbol>
      <symbol id="sm-2ed">
         <name>_max_free</name>
         <value>0x22a73</value>
         <object_component_ref idref="oc-ea"/>
      </symbol>
      <symbol id="sm-2ee">
         <name>_free</name>
         <value>0x2269c</value>
         <object_component_ref idref="oc-ea"/>
      </symbol>
      <symbol id="sm-2ef">
         <name>_calloc</name>
         <value>0x22b2b</value>
         <object_component_ref idref="oc-ea"/>
      </symbol>
      <symbol id="sm-2f0">
         <name>_malloc</name>
         <value>0x227cd</value>
         <object_component_ref idref="oc-ea"/>
      </symbol>
      <symbol id="sm-2f1">
         <name>_minit</name>
         <value>0x22768</value>
         <object_component_ref idref="oc-ea"/>
      </symbol>
      <symbol id="sm-2fb">
         <name>_fclose</name>
         <value>0x24305</value>
         <object_component_ref idref="oc-f1"/>
      </symbol>
      <symbol id="sm-305">
         <name>_remove</name>
         <value>0x24a94</value>
         <object_component_ref idref="oc-f5"/>
      </symbol>
      <symbol id="sm-34a">
         <name>_GPIO_write</name>
         <value>0x2179c</value>
         <object_component_ref idref="oc-f9"/>
      </symbol>
      <symbol id="sm-34b">
         <name>_GPIO_read</name>
         <value>0x21719</value>
         <object_component_ref idref="oc-f9"/>
      </symbol>
      <symbol id="sm-34c">
         <name>_GPIO_close</name>
         <value>0x215e8</value>
         <object_component_ref idref="oc-f9"/>
      </symbol>
      <symbol id="sm-34d">
         <name>_GPIO_enableInt</name>
         <value>0x21a05</value>
         <object_component_ref idref="oc-f9"/>
      </symbol>
      <symbol id="sm-34e">
         <name>_GPIO_clearInt</name>
         <value>0x21a8f</value>
         <object_component_ref idref="oc-f9"/>
      </symbol>
      <symbol id="sm-34f">
         <name>_GPIO_statusBit</name>
         <value>0x21b1b</value>
         <object_component_ref idref="oc-f9"/>
      </symbol>
      <symbol id="sm-350">
         <name>_GPIO_configBit</name>
         <value>0x2183f</value>
         <object_component_ref idref="oc-f9"/>
      </symbol>
      <symbol id="sm-351">
         <name>_GPIO_reset</name>
         <value>0x21ba2</value>
         <object_component_ref idref="oc-f9"/>
      </symbol>
      <symbol id="sm-352">
         <name>_GPIO_getConfig</name>
         <value>0x21691</value>
         <object_component_ref idref="oc-f9"/>
      </symbol>
      <symbol id="sm-353">
         <name>_GPIO_disableInt</name>
         <value>0x21987</value>
         <object_component_ref idref="oc-f9"/>
      </symbol>
      <symbol id="sm-354">
         <name>_GPIO_config</name>
         <value>0x2160c</value>
         <object_component_ref idref="oc-f9"/>
      </symbol>
      <symbol id="sm-355">
         <name>_GPIO_open</name>
         <value>0x215a4</value>
         <object_component_ref idref="oc-f9"/>
      </symbol>
   </symbol_table>
</link_info>
