******************************************************************************
              TMS320C55x Linker PC v4.4.1                      
******************************************************************************
>> Linked Sun Sep 02 16:28:48 2018

OUTPUT FILE NAME:   <switch.out>
ENTRY POINT SYMBOL: "_c_int00"  address: 0002565d


MEMORY CONFIGURATION

         name            origin    length      used     unused   attr    fill
                        (bytes)   (bytes)    (bytes)   (bytes)
----------------------  --------  ---------  --------  --------  ----  --------
PAGE 0:
  MMR                   00000000   000000c0  00000000  000000c0  RWIX
  DARAM0                000000c0   0000ff40  000058e6  0000a65a  RWIX
  SARAM0                00010000   00010000  00000000  00010000  RWIX
  SARAM1                00020000   00020000  0000577f  0001a881  RWIX
  SARAM2                00040000   0000fe00  00000358  0000faa8  RWIX
  VECS                  0004fe00   00000200  00000100  00000100  RWIX
  PDROM                 00ff8000   00008000  00000000  00008000  R IX

PAGE 2:
  IOPORT                00000000   00020000  00000000  00020000  RWI 


SECTION ALLOCATION MAP
(Addresses surrounded by []'s are displayed for convenience only!)

output                                                          attributes/
section   page  orgn(bytes) orgn(words) len(bytes) len(words)   input sections
--------  ----  ----------- ----------- ---------- ----------   --------------
.pinit       0   [ 00040000 ]  00020000          *   00000000   UNINITIALIZED

.stack       0   [ 000000c0 ]  00000060          *   00001000   UNINITIALIZED
                 [ 000000c0 ]  00000060          *   00001000   --HOLE--

.data        0   [ 000000c0 ]  00000060          *   00000000   UNINITIALIZED

.sysstack 
*            0   [ 000020c0 ]  00001060          *   00000800   UNINITIALIZED
                 [ 000020c0 ]  00001060          *   00000800   --HOLE--

.sysmem      0   [ 000030c0 ]  00001860          *   00001000   UNINITIALIZED
                 [ 000030c0 ]  00001860          *   00001000   --HOLE--

.bss         0   [ 000050c0 ]  00002860          *   00000278   UNINITIALIZED
                 [ 000050c0 ]  00002860          *   00000119   rts55x.lib : defs.obj (.bss)
                 [ 000052f2 ]  00002979          *   000000d0              : trgdrv.obj (.bss)
                 [ 00005492 ]  00002a49          *   00000001   main.obj (.bss)
                 [ 00005494 ]  00002a4a          *   00000071   rts55x.lib : lowlev.obj (.bss)
                 [ 00005576 ]  00002abb          *   00000001              : fopen.obj (.bss)
                 [ 00005578 ]  00002abc          *   00000008   ezdsp5535bsl.lib : ezdsp5535_sar.obj (.bss)
                 [ 00005588 ]  00002ac4          *   00000006   rts55x.lib : memory.obj (.bss)
                 [ 00005594 ]  00002aca          *   00000004   ezdsp5535bsl.lib : ezdsp5535_gpio.obj (.bss)
                 [ 0000559c ]  00002ace          *   00000004   rts55x.lib : _lock.obj (.bss)
                 [ 000055a4 ]  00002ad2          *   00000004              : exit.obj (.bss)
                 [ 000055ac ]  00002ad6          *   00000002   switch_test.obj (.bss)

.const.1     0   [ 000055b0 ]  00002ad8          *   00000101   
                 [ 000055b0 ]  00002ad8          *   00000101   rts55x.lib : ctype.obj (.const:__ctypes_)

.const.2     0   [ 000057b4 ]  00002bda          *   00000061   
                 [ 000057b4 ]  00002bda          *   00000061   main.obj (.const:.string)

.const.3     0   [ 00005878 ]  00002c3c          *   0000005d   
                 [ 00005878 ]  00002c3c          *   0000005d   switch_test.obj (.const:.string)

.const.4     0   [ 00005934 ]  00002c9a          *   0000003c   
                 [ 00005934 ]  00002c9a          *   00000024   rts55x.lib : _printfi.obj (.const:.string)
                 [ 0000597c ]  00002cbe          *   0000000c              : _printfi.obj (.const)
                 [ 00005994 ]  00002cca          *   00000008              : divd.obj (.const:_initial_approx$1)
                 [ 000059a4 ]  00002cd2          *   00000002              : fputs.obj (.const:.string)
                 [ 000059a8 ]  00002cd4          *   00000002              : fltlid.obj (.const)

.text        0     00020000  [ 00010000 ] 0000577f          *   
                   00020000  [ 00010000 ] 000015a4          *   rts55x.lib : _printfi.obj (.text)
                   000215a4  [ 00010ad2 ] 00000b18          *   cslVC5505.lib : csl_sar.obj (.text)
                   000220bc  [ 0001105e ] 0000068d          *                 : csl_gpio.obj (.text)
                   00022749  [ 000113a4+] 00000543          *   rts55x.lib : lowlev.obj (.text)
                   00022c8c  [ 00011646 ] 00000528          *              : trgdrv.obj (.text)
                   000231b4  [ 000118da ] 000004b5          *              : memory.obj (.text)
                   00023669  [ 00011b34+] 000003cc          *              : divd.obj (.text)
                   00023a35  [ 00011d1a+] 0000027f          *              : fopen.obj (.text)
                   00023cb4  [ 00011e5a ] 0000025e          *              : llmpy.obj (.text)
                   00023f12  [ 00011f89 ] 0000025a          *              : addd.obj (.text)
                   0002416c  [ 000120b6 ] 000001ea          *              : cmpd.obj (.text)
                   00024356  [ 000121ab ] 000001e7          *   ezdsp5535bsl.lib : ezdsp5535_led.obj (.text)
                   0002453d  [ 0001229e+] 0000017a          *                    : ezdsp5535_sar.obj (.text)
                   000246b7  [ 0001235b+] 00000163          *   rts55x.lib : fputs.obj (.text)
                   0002481a  [ 0001240d ] 0000014c          *              : mpyd.obj (.text)
                   00024966  [ 000124b3 ] 000000ec          *   switch_test.obj (.text)
                   00024a52  [ 00012529 ] 000000e6          *   rts55x.lib : setvbuf.obj (.text)
                   00024b38  [ 0001259c ] 000000dd          *              : _io_perm.obj (.text)
                   00024c15  [ 0001260a+] 000000c2          *              : fflush.obj (.text)
                   00024cd7  [ 0001266b+] 000000ba          *              : trgmsg.obj (.text:CIO_breakpoint)
                   00024d91  [ 000126c8+] 000000a6          *              : fputc.obj (.text)
                   00024e37  [ 0001271b+] 000000a1          *              : divul.obj (.text)
                   00024ed8  [ 0001276c ] 00000087          *   ezdsp5535bsl.lib : ezdsp5535_gpio.obj (.text)
                   00024f5f  [ 000127af+] 0000007d          *   rts55x.lib : ltoa.obj (.text)
                   00024fdc  [ 000127ee ] 0000007b          *              : fclose.obj (.text)
                   00025057  [ 0001282b+] 00000076          *              : frcmpyd.obj (.text)
                   000250cd  [ 00012866+] 00000073          *              : frcmpyd_div.obj (.text)
                   00025140  [ 000128a0 ] 00000072          *              : remul.obj (.text)
                   000251b2  [ 000128d9 ] 0000006f          *              : fixdli.obj (.text)
                   00025221  [ 00012910+] 0000006d          *              : trgmsg.obj (.text)
                   0002528e  [ 00012947 ] 0000006b          *              : fseek.obj (.text)
                   000252f9  [ 0001297c+] 00000067          *              : fltlid.obj (.text)
                   00025360  [ 000129b0 ] 0000005c          *              : atoi.obj (.text)
                   000253bc  [ 000129de ] 00000055          *   main.obj (.text)
                   00025411  [ 00012a08+] 00000054          *   ezdsp5535bsl.lib : ezdsp5535.obj (.text)
                   00025465  [ 00012a32+] 00000050          *   rts55x.lib : printf.obj (.text)
                   000254b5  [ 00012a5a+] 0000004d          *              : autoinit.obj (.text)
                   00025502  [ 00012a81 ] 0000004b          *              : args_main.obj (.text)
                   0002554d  [ 00012aa6+] 0000004b          *              : remli.obj (.text)
                   00025598  [ 00012acc ] 00000048          *              : divli.obj (.text)
                   000255e0  [ 00012af0 ] 0000003f          *              : memcpy.obj (.text)
                   0002561f  [ 00012b0f+] 0000003e          *              : exit.obj (.text)
                   0002565d  [ 00012b2e+] 00000034          *              : boot.obj (.text)
                   00025691  [ 00012b48+] 0000002a          *              : fixdi.obj (.text)
                   000256bb  [ 00012b5d+] 0000002a          *              : udiv.obj (.text)
                   000256e5  [ 00012b72+] 00000023          *              : memccpy.obj (.text)
                   00025708  [ 00012b84 ] 0000001a          *              : isinf.obj (.text)
                   00025722  [ 00012b91 ] 00000014          *              : subd.obj (.text)
                   00025736  [ 00012b9b ] 00000013          *              : lmpy.obj (.text)
                   00025749  [ 00012ba4+] 00000012          *              : _lock.obj (.text)
                   0002575b  [ 00012bad+] 00000010          *              : negd.obj (.text)
                   0002576b  [ 00012bb5+] 0000000a          *              : remove.obj (.text)
                   00025775  [ 00012bba+] 00000007          *              : exit.obj (.text:CIO_breakpoint)
                   0002577c  [ 00012bbe ] 00000002          *              : vectors.obj (.text)
                   0002577e  [ 00012bbf ] 00000001          *   --HOLE-- [fill = 20]

.cio         0   [ 00040000 ]  00020000          *   00000120   UNINITIALIZED
                 [ 00040000 ]  00020000          *   00000120   rts55x.lib : trgmsg.obj (.cio)

.cinit       0   [ 00040240 ]  00020120          *   0000008c   
                 [ 00040240 ]  00020120          *   0000002d   rts55x.lib : lowlev.obj (.cinit)
                 [ 0004029a ]  0002014d          *   0000002a              : defs.obj (.cinit)
                 [ 000402ee ]  00020177          *   0000000c   ezdsp5535bsl.lib : ezdsp5535_sar.obj (.cinit)
                 [ 00040306 ]  00020183          *   0000000a   rts55x.lib : _lock.obj (.cinit)
                 [ 0004031a ]  0002018d          *   0000000a              : exit.obj (.cinit)
                 [ 0004032e ]  00020197          *   00000008   switch_test.obj (.cinit)
                 [ 0004033e ]  0002019f          *   00000004   main.obj (.cinit)
                 [ 00040346 ]  000201a3          *   00000004   rts55x.lib : fopen.obj (.cinit)
                 [ 0004034e ]  000201a7          *   00000004              : memory.obj (.cinit)
                 [ 00040356 ]  000201ab          *   00000001   --HOLE-- [fill = 0]

vectors      0     0004fe00  [ 00027f00 ] 00000100          *   
                   0004fe00  [ 00027f00 ] 00000100          *   rts55x.lib : vectors.obj (vectors)


GLOBAL SYMBOLS: SORTED ALPHABETICALLY BY Name 

abs. value/
byte addr   word addr   name
---------   ---------   ----
00000002                $TI_capability$C5500$CallingConvention
00000002                $TI_capability$C5500$MemoryModel
00000001                $TI_capability_requires_rev3
ffffffff                .bss
ffffffff                .data
ffffffff                .text
00025776                C$$EXIT
00024d8c                C$$IO$$
00025736                I$$LMPY
000256bb                I$$UDIV
000256d0                I$$UMOD
00024f41                _EZDSP5535_GPIO_getInput
00024ed8                _EZDSP5535_GPIO_init
00024f03                _EZDSP5535_GPIO_setDirection
00024f27                _EZDSP5535_GPIO_setOutput
0002438c                _EZDSP5535_LED_getall
00024356                _EZDSP5535_LED_init
00024481                _EZDSP5535_LED_off
0002444c                _EZDSP5535_LED_on
000243de                _EZDSP5535_LED_setall
000244b4                _EZDSP5535_LED_toggle
00024603                _EZDSP5535_SAR_getKey
0002453d                _EZDSP5535_SAR_init
0002450f                _EZDSP5535_XF_get
00024504                _EZDSP5535_XF_off
000244f9                _EZDSP5535_XF_on
0002451e                _EZDSP5535_XF_toggle
00025457                _EZDSP5535_init
00025411                _EZDSP5535_wait
00025445                _EZDSP5535_waitusec
000225a7                _GPIO_clearInt
00022100                _GPIO_close
00022124                _GPIO_config
00022357                _GPIO_configBit
0002249f                _GPIO_disableInt
0002251d                _GPIO_enableInt
000221a9                _GPIO_getConfig
000220bc                _GPIO_open
00022231                _GPIO_read
000226ba                _GPIO_reset
00022633                _GPIO_statusBit
000222b4                _GPIO_write
            00002aca    _GpioObj
00023156                _HOSTclock
000230eb                _HOSTclose
00023036                _HOSTlseek
00022f97                _HOSTopen
00022f0a                _HOSTread
00022e5c                _HOSTrename
00022dfe                _HOSTtime
00022d94                _HOSTunlink
00022d07                _HOSTwrite
0004fe00                _Reset
00021b27                _SAR_A2DMeasParamSet
00021fa1                _SAR_GPODirSet
0002169e                _SAR_chanClose
00021722                _SAR_chanConfig
00021a1e                _SAR_chanCycSet
00021621                _SAR_chanInit
0002163c                _SAR_chanOpen
0002180a                _SAR_chanSetup
00021601                _SAR_deInit
00021798                _SAR_getConfig
0002207d                _SAR_getStatus
000215a4                _SAR_init
00021ae6                _SAR_readData
00021a6d                _SAR_startConversion
00021a9f                _SAR_stopConversion
            00002ac0    _SarHandle
            00002abc    _SarObj
000253bc                _StopTest
            00002a49    _TestFail
            00020000    __CIOBUF_
            00001060    __STACK_END
00002000                __STACK_SIZE
00002000                __SYSMEM_SIZE
00001000                __SYSSTACK_SIZE
00000001                __TI_args_main
ffffffff                ___binit__
ffffffff                ___bss__
ffffffff                ___c_args__
            00020120    ___cinit__
ffffffff                ___data__
ffffffff                ___edata__
ffffffff                ___end__
ffffffff                ___etext__
00025708                ___isinf
ffffffff                ___pinit__
ffffffff                ___text__
00023f12                __addd
00025502                __args_main
00023b56                __cleanup
            00002ad2    __cleanup_ptr
000242fe                __cmpd
            00002ad8    __ctypes_
00023669                __divd
00025598                __divli
00023edd                __divlli
000256bb                __divu
00024e37                __divul
00023de9                __divull
00024c15                __doflush
            00002ad4    __dtors_ptr
000242ca                __eqld
00025691                __fixdi
000251b2                __fixdli
000252f9                __fltlid
00025057                __frcmpyd
000250cd                __frcmpyd_div
            00002978    __ft_end
            00002860    __ftable
00024280                __geqd
00024235                __gtrd
000241e8                __leqd
            00002ace    __lock
000241a0                __lssd
0002481a                __mpyd
00025736                __mpyli
00023d31                __mpylli
0002575b                __negd
0002416c                __neqd
00025759                __nop
00021362                __printfi
00024bb8                __rd_ok
00025751                __register_lock
00025749                __register_unlock
0002554d                __remli
00023d02                __remlli
000256d0                __remu
00025140                __remul
00023cb4                __remull
            00000060    __stack
00025722                __subd
            00001860    __sys_memory
            00001060    __sysstack
            000028d8    __tmpnams
            00002ad0    __unlock
00024b38                __wrt_ok
00025775                _abort
00022b9c                _add_device
00025360                _atoi
000254b5                _auto_init
0002565d                _c_int00
00023643                _calloc
0002363b                _chkheap
00022b29                _close
0002561f                _exit
00024fdc                _fclose
00024c7e                _fflush
00022b20                _find_registered_device
00023c79                _fopen
00024d91                _fputc
000246b7                _fputs
000231b4                _free
000235e5                _free_memory
00023bb0                _freopen
0002528e                _fseek
00022c8c                _getenv
            00002acc    _hGpio
            00002ac2    _keyCnt1
            00002ac3    _keyCnt2
00022aba                _lseek
00024f5f                _ltoa
000253be                _main
000232e5                _malloc
0002358b                _max_free
000256e5                _memccpy
000255e0                _memcpy
00023280                _minit
000229fb                _open
            00002abf    _preKey
00025465                _printf
00024d91                _putc
00024e28                _putchar
000247ec                _puts
0002294d                _read
00025221                _readmsg
000233da                _realloc
0002576b                _remove
00022917                _remove_device
000228be                _rename
00024a52                _setvbuf
            00002ad6    _sw1State
            00002ad7    _sw2State
00024966                _switch_test
0002288b                _unlink
00022749                _write
00024cd7                _writemsg
ffffffff                binit
            00020120    cinit
ffffffff                edata
ffffffff                end
ffffffff                etext
ffffffff                pinit


GLOBAL SYMBOLS: SORTED BY Symbol Address 

abs. value/
byte addr   word addr   name
---------   ---------   ----
00000001                $TI_capability_requires_rev3
00000001                __TI_args_main
00000002                $TI_capability$C5500$CallingConvention
00000002                $TI_capability$C5500$MemoryModel
            00000060    __stack
00001000                __SYSSTACK_SIZE
00002000                __STACK_SIZE
00002000                __SYSMEM_SIZE
            00001060    __STACK_END
            00001060    __sysstack
            00001860    __sys_memory
            00002860    __ftable
            000028d8    __tmpnams
            00002978    __ft_end
            00002a49    _TestFail
            00002abc    _SarObj
            00002abf    _preKey
            00002ac0    _SarHandle
            00002ac2    _keyCnt1
            00002ac3    _keyCnt2
            00002aca    _GpioObj
            00002acc    _hGpio
            00002ace    __lock
            00002ad0    __unlock
            00002ad2    __cleanup_ptr
            00002ad4    __dtors_ptr
            00002ad6    _sw1State
            00002ad7    _sw2State
            00002ad8    __ctypes_
00021362                __printfi
000215a4                _SAR_init
00021601                _SAR_deInit
00021621                _SAR_chanInit
0002163c                _SAR_chanOpen
0002169e                _SAR_chanClose
00021722                _SAR_chanConfig
00021798                _SAR_getConfig
0002180a                _SAR_chanSetup
00021a1e                _SAR_chanCycSet
00021a6d                _SAR_startConversion
00021a9f                _SAR_stopConversion
00021ae6                _SAR_readData
00021b27                _SAR_A2DMeasParamSet
00021fa1                _SAR_GPODirSet
0002207d                _SAR_getStatus
000220bc                _GPIO_open
00022100                _GPIO_close
00022124                _GPIO_config
000221a9                _GPIO_getConfig
00022231                _GPIO_read
000222b4                _GPIO_write
00022357                _GPIO_configBit
0002249f                _GPIO_disableInt
0002251d                _GPIO_enableInt
000225a7                _GPIO_clearInt
00022633                _GPIO_statusBit
000226ba                _GPIO_reset
00022749                _write
0002288b                _unlink
000228be                _rename
00022917                _remove_device
0002294d                _read
000229fb                _open
00022aba                _lseek
00022b20                _find_registered_device
00022b29                _close
00022b9c                _add_device
00022c8c                _getenv
00022d07                _HOSTwrite
00022d94                _HOSTunlink
00022dfe                _HOSTtime
00022e5c                _HOSTrename
00022f0a                _HOSTread
00022f97                _HOSTopen
00023036                _HOSTlseek
000230eb                _HOSTclose
00023156                _HOSTclock
000231b4                _free
00023280                _minit
000232e5                _malloc
000233da                _realloc
0002358b                _max_free
000235e5                _free_memory
0002363b                _chkheap
00023643                _calloc
00023669                __divd
00023b56                __cleanup
00023bb0                _freopen
00023c79                _fopen
00023cb4                __remull
00023d02                __remlli
00023d31                __mpylli
00023de9                __divull
00023edd                __divlli
00023f12                __addd
0002416c                __neqd
000241a0                __lssd
000241e8                __leqd
00024235                __gtrd
00024280                __geqd
000242ca                __eqld
000242fe                __cmpd
00024356                _EZDSP5535_LED_init
0002438c                _EZDSP5535_LED_getall
000243de                _EZDSP5535_LED_setall
0002444c                _EZDSP5535_LED_on
00024481                _EZDSP5535_LED_off
000244b4                _EZDSP5535_LED_toggle
000244f9                _EZDSP5535_XF_on
00024504                _EZDSP5535_XF_off
0002450f                _EZDSP5535_XF_get
0002451e                _EZDSP5535_XF_toggle
0002453d                _EZDSP5535_SAR_init
00024603                _EZDSP5535_SAR_getKey
000246b7                _fputs
000247ec                _puts
0002481a                __mpyd
00024966                _switch_test
00024a52                _setvbuf
00024b38                __wrt_ok
00024bb8                __rd_ok
00024c15                __doflush
00024c7e                _fflush
00024cd7                _writemsg
00024d8c                C$$IO$$
00024d91                _fputc
00024d91                _putc
00024e28                _putchar
00024e37                __divul
00024ed8                _EZDSP5535_GPIO_init
00024f03                _EZDSP5535_GPIO_setDirection
00024f27                _EZDSP5535_GPIO_setOutput
00024f41                _EZDSP5535_GPIO_getInput
00024f5f                _ltoa
00024fdc                _fclose
00025057                __frcmpyd
000250cd                __frcmpyd_div
00025140                __remul
000251b2                __fixdli
00025221                _readmsg
0002528e                _fseek
000252f9                __fltlid
00025360                _atoi
000253bc                _StopTest
000253be                _main
00025411                _EZDSP5535_wait
00025445                _EZDSP5535_waitusec
00025457                _EZDSP5535_init
00025465                _printf
000254b5                _auto_init
00025502                __args_main
0002554d                __remli
00025598                __divli
000255e0                _memcpy
0002561f                _exit
0002565d                _c_int00
00025691                __fixdi
000256bb                I$$UDIV
000256bb                __divu
000256d0                I$$UMOD
000256d0                __remu
000256e5                _memccpy
00025708                ___isinf
00025722                __subd
00025736                I$$LMPY
00025736                __mpyli
00025749                __register_unlock
00025751                __register_lock
00025759                __nop
0002575b                __negd
0002576b                _remove
00025775                _abort
00025776                C$$EXIT
            00020000    __CIOBUF_
            00020120    ___cinit__
            00020120    cinit
0004fe00                _Reset
ffffffff                .bss
ffffffff                .data
ffffffff                .text
ffffffff                ___binit__
ffffffff                ___bss__
ffffffff                ___c_args__
ffffffff                ___data__
ffffffff                ___edata__
ffffffff                ___end__
ffffffff                ___etext__
ffffffff                ___pinit__
ffffffff                ___text__
ffffffff                binit
ffffffff                edata
ffffffff                end
ffffffff                etext
ffffffff                pinit

[194 symbols]
