******************************************************************************
              TMS320C55x Linker PC v4.4.1                      
******************************************************************************
>> Linked Sun Sep 02 17:04:21 2018

OUTPUT FILE NAME:   <aic3204.out>
ENTRY POINT SYMBOL: "_c_int00"  address: 00005e45


MEMORY CONFIGURATION

         name            origin    length      used     unused   attr    fill
                        (bytes)   (bytes)    (bytes)   (bytes)
----------------------  --------  ---------  --------  --------  ----  --------
  RAM                   00000100   0000feff  00006e03  000090fc  R IX
  ROM                   00010000   0000ffff  00000550  0000faaf  RWIX
  VECS                  00ffff00   00000100  00000100  00000000  R IX


SECTION ALLOCATION MAP
(Addresses surrounded by []'s are displayed for convenience only!)

output                                                          attributes/
section   page  orgn(bytes) orgn(words) len(bytes) len(words)   input sections
--------  ----  ----------- ----------- ---------- ----------   --------------
.pinit       0   [ 00010000 ]  00008000          *   00000000   UNINITIALIZED

.text        0     00000100  [ 00000080 ] 00005e67          *   
                   00000100  [ 00000080 ] 000015a4          *   rts55x.lib : _printfi.obj (.text)
                   000016a4  [ 00000b52 ] 00000c3c          *   cslVC5505.lib : csl_i2c.obj (.text)
                   000022e0  [ 00001170 ] 000009f3          *                 : csl_i2s.obj (.text)
                   00002cd3  [ 00001669+] 00000543          *   rts55x.lib : lowlev.obj (.text)
                   00003216  [ 0000190b ] 00000528          *              : trgdrv.obj (.text)
                   0000373e  [ 00001b9f ] 000004b5          *              : memory.obj (.text)
                   00003bf3  [ 00001df9+] 000003cc          *              : divd.obj (.text)
                   00003fbf  [ 00001fdf+] 0000027f          *              : fopen.obj (.text)
                   0000423e  [ 0000211f ] 0000026f          *   aic3204_tone_headphone.obj (.text)
                   000044ad  [ 00002256+] 0000025e          *   rts55x.lib : llmpy.obj (.text)
                   0000470b  [ 00002385+] 0000025d          *   aic3204_loop_linein.obj (.text)
                   00004968  [ 000024b4 ] 0000025a          *   rts55x.lib : addd.obj (.text)
                   00004bc2  [ 000025e1 ] 000001ea          *              : cmpd.obj (.text)
                   00004dac  [ 000026d6 ] 00000163          *              : fputs.obj (.text)
                   00004f0f  [ 00002787+] 0000014c          *              : mpyd.obj (.text)
                   0000505b  [ 0000282d+] 00000107          *   ezdsp5535bsl.lib : ezdsp5535_i2s.obj (.text)
                   00005162  [ 000028b1 ] 000000e6          *   rts55x.lib : setvbuf.obj (.text)
                   00005248  [ 00002924 ] 000000dd          *              : _io_perm.obj (.text)
                   00005325  [ 00002992+] 000000c4          *   aic3204_test.obj (.text)
                   000053e9  [ 000029f4+] 000000c2          *   rts55x.lib : fflush.obj (.text)
                   000054ab  [ 00002a55+] 000000ba          *              : trgmsg.obj (.text:CIO_breakpoint)
                   00005565  [ 00002ab2+] 000000a6          *              : fputc.obj (.text)
                   0000560b  [ 00002b05+] 000000a1          *              : divul.obj (.text)
                   000056ac  [ 00002b56 ] 0000008e          *   ezdsp5535bsl.lib : ezdsp5535_i2c.obj (.text)
                   0000573a  [ 00002b9d ] 0000007d          *   rts55x.lib : ltoa.obj (.text)
                   000057b7  [ 00002bdb+] 0000007b          *              : fclose.obj (.text)
                   00005832  [ 00002c19 ] 00000076          *              : frcmpyd.obj (.text)
                   000058a8  [ 00002c54 ] 00000073          *              : frcmpyd_div.obj (.text)
                   0000591b  [ 00002c8d+] 00000072          *              : remul.obj (.text)
                   0000598d  [ 00002cc6+] 0000006f          *              : fixdli.obj (.text)
                   000059fc  [ 00002cfe ] 0000006d          *              : trgmsg.obj (.text)
                   00005a69  [ 00002d34+] 0000006b          *              : fseek.obj (.text)
                   00005ad4  [ 00002d6a ] 00000067          *              : fltlid.obj (.text)
                   00005b3b  [ 00002d9d+] 00000062          *   main.obj (.text)
                   00005b9d  [ 00002dce+] 0000005c          *   rts55x.lib : atoi.obj (.text)
                   00005bf9  [ 00002dfc+] 00000054          *   ezdsp5535bsl.lib : ezdsp5535.obj (.text)
                   00005c4d  [ 00002e26+] 00000050          *   rts55x.lib : printf.obj (.text)
                   00005c9d  [ 00002e4e+] 0000004d          *              : autoinit.obj (.text)
                   00005cea  [ 00002e75 ] 0000004b          *              : args_main.obj (.text)
                   00005d35  [ 00002e9a+] 0000004b          *              : remli.obj (.text)
                   00005d80  [ 00002ec0 ] 00000048          *              : divli.obj (.text)
                   00005dc8  [ 00002ee4 ] 0000003f          *              : memcpy.obj (.text)
                   00005e07  [ 00002f03+] 0000003e          *              : exit.obj (.text)
                   00005e45  [ 00002f22+] 00000034          *              : boot.obj (.text)
                   00005e79  [ 00002f3c+] 0000002a          *              : fixdi.obj (.text)
                   00005ea3  [ 00002f51+] 0000002a          *              : udiv.obj (.text)
                   00005ecd  [ 00002f66+] 00000023          *              : memccpy.obj (.text)
                   00005ef0  [ 00002f78 ] 0000001a          *              : isinf.obj (.text)
                   00005f0a  [ 00002f85 ] 00000014          *              : subd.obj (.text)
                   00005f1e  [ 00002f8f ] 00000013          *              : lmpy.obj (.text)
                   00005f31  [ 00002f98+] 00000012          *              : _lock.obj (.text)
                   00005f43  [ 00002fa1+] 00000010          *              : negd.obj (.text)
                   00005f53  [ 00002fa9+] 0000000a          *              : remove.obj (.text)
                   00005f5d  [ 00002fae+] 00000007          *              : exit.obj (.text:CIO_breakpoint)
                   00005f64  [ 00002fb2 ] 00000002          *              : vectors.obj (.text)
                   00005f66  [ 00002fb3 ] 00000001          *   --HOLE-- [fill = 20]

.cinit       0   [ 00005f68 ]  00002fb4          *   00000080   
                 [ 00005f68 ]  00002fb4          *   0000002d   rts55x.lib : lowlev.obj (.cinit)
                 [ 00005fc2 ]  00002fe1          *   0000002a              : defs.obj (.cinit)
                 [ 00006016 ]  0000300b          *   0000000a              : _lock.obj (.cinit)
                 [ 0000602a ]  00003015          *   0000000a              : exit.obj (.cinit)
                 [ 0000603e ]  0000301f          *   00000008   cslVC5505.lib : csl_i2s.obj (.cinit)
                 [ 0000604e ]  00003027          *   00000004   main.obj (.cinit)
                 [ 00006056 ]  0000302b          *   00000004   rts55x.lib : fopen.obj (.cinit)
                 [ 0000605e ]  0000302f          *   00000004              : memory.obj (.cinit)
                 [ 00006066 ]  00003033          *   00000001   --HOLE-- [fill = 0]

.const       0   [ 00006068 ]  00003034          *   0000022e   
                 [ 00006068 ]  00003034          *   00000101   rts55x.lib : ctype.obj (.const:__ctypes_)
                 [ 0000626a ]  00003135          *   00000001   --HOLE-- [fill = 0]
                 [ 0000626c ]  00003136          *   00000067   main.obj (.const:.string)
                 [ 0000633a ]  0000319d          *   00000001   --HOLE-- [fill = 0]
                 [ 0000633c ]  0000319e          *   00000057   aic3204_test.obj (.const:.string)
                 [ 000063ea ]  000031f5          *   00000030   aic3204_tone_headphone.obj (.const:_$P$T0$1)
                 [ 0000644a ]  00003225          *   00000001   --HOLE-- [fill = 0]
                 [ 0000644c ]  00003226          *   00000024   rts55x.lib : _printfi.obj (.const:.string)
                 [ 00006494 ]  0000324a          *   0000000c              : _printfi.obj (.const)
                 [ 000064ac ]  00003256          *   00000008              : divd.obj (.const:_initial_approx$1)
                 [ 000064bc ]  0000325e          *   00000002              : fputs.obj (.const:.string)
                 [ 000064c0 ]  00003260          *   00000002              : fltlid.obj (.const)

.sysmem      0   [ 000064c4 ]  00003262          *   00000200   UNINITIALIZED
                 [ 000064c4 ]  00003262          *   00000200   --HOLE--

.cio         0   [ 000068c8 ]  00003464          *   00000120   UNINITIALIZED
                 [ 000068c8 ]  00003464          *   00000120   rts55x.lib : trgmsg.obj (.cio)

.stack       0   [ 00006b08 ]  00003584          *   00000100   UNINITIALIZED
                 [ 00006b08 ]  00003584          *   00000100   --HOLE--

.sysstack 
*            0   [ 00006d08 ]  00003684          *   00000100   UNINITIALIZED
                 [ 00006d08 ]  00003684          *   00000100   --HOLE--

.data        0   [ 00010000 ]  00008000          *   00000000   UNINITIALIZED

.bss         0   [ 00010000 ]  00008000          *   000002a8   UNINITIALIZED
                 [ 00010000 ]  00008000          *   00000119   rts55x.lib : defs.obj (.bss)
                 [ 00010232 ]  00008119          *   000000d0              : trgdrv.obj (.bss)
                 [ 000103d2 ]  000081e9          *   00000001   main.obj (.bss)
                 [ 000103d4 ]  000081ea          *   00000071   rts55x.lib : lowlev.obj (.bss)
                 [ 000104b6 ]  0000825b          *   0000002a   cslVC5505.lib : csl_i2s.obj (.bss)
                 [ 0001050a ]  00008285          *   00000001   rts55x.lib : fopen.obj (.bss)
                 [ 0001050c ]  00008286          *   00000012   cslVC5505.lib : csl_i2c.obj (.bss)
                 [ 00010530 ]  00008298          *   00000006   rts55x.lib : memory.obj (.bss)
                 [ 0001053c ]  0000829e          *   00000004              : _lock.obj (.bss)
                 [ 00010544 ]  000082a2          *   00000004              : exit.obj (.bss)
                 [ 0001054c ]  000082a6          *   00000002   ezdsp5535bsl.lib : ezdsp5535_i2s.obj (.bss)

vectors      0     00ffff00  [ 007fff80 ] 00000100          *   
                   00ffff00  [ 007fff80 ] 00000100          *   rts55x.lib : vectors.obj (vectors)


GLOBAL SYMBOLS: SORTED ALPHABETICALLY BY Name 

abs. value/
byte addr   word addr   name
---------   ---------   ----
00000002                $TI_capability$C5500$CallingConvention
00000002                $TI_capability$C5500$MemoryModel
00000001                $TI_capability_requires_rev3
            00008000    .bss
            00008000    .data
00000100                .text
00005f5e                C$$EXIT
00005560                C$$IO$$
00005f1e                I$$LMPY
00005ea3                I$$UDIV
00005eb8                I$$UMOD
00005325                _AIC3204_rget
00005370                _AIC3204_rset
000056ac                _EZDSP5535_I2C_init
00005712                _EZDSP5535_I2C_read
000056e1                _EZDSP5535_I2C_reset
000056ec                _EZDSP5535_I2C_write
00005150                _EZDSP5535_I2S_close
0000505b                _EZDSP5535_I2S_init
000050b4                _EZDSP5535_I2S_readLeft
00005113                _EZDSP5535_I2S_readRight
000050e6                _EZDSP5535_I2S_writeLeft
00005134                _EZDSP5535_I2S_writeRight
00005c3f                _EZDSP5535_init
00005bf9                _EZDSP5535_wait
00005c2d                _EZDSP5535_waitusec
000036e0                _HOSTclock
00003675                _HOSTclose
000035c0                _HOSTlseek
00003521                _HOSTopen
00003494                _HOSTread
000033e6                _HOSTrename
00003388                _HOSTtime
0000331e                _HOSTunlink
00003291                _HOSTwrite
0000174d                _I2C_config
00002118                _I2C_eventDisable
00001fe4                _I2C_eventEnable
000018b2                _I2C_getConfig
000022c4                _I2C_getEventId
000016a4                _I2C_init
00001dc6                _I2C_read
00002237                _I2C_setCallback
00001988                _I2C_setup
00001b82                _I2C_write
00002715                _I2S_close
000022e0                _I2S_open
000027c7                _I2S_read
00002bd7                _I2S_reset
00002427                _I2S_setup
00002c88                _I2S_transEnable
00002a81                _I2S_write
00ffff00                _Reset
00005b3b                _StopTest
            000081e9    _TestFail
            00003464    __CIOBUF_
            00003684    __STACK_END
00000200                __STACK_SIZE
00000400                __SYSMEM_SIZE
00000200                __SYSSTACK_SIZE
00000001                __TI_args_main
ffffffff                ___binit__
            00008000    ___bss__
ffffffff                ___c_args__
            00002fb4    ___cinit__
            00008000    ___data__
            00008000    ___edata__
            000082a8    ___end__
00005f67                ___etext__
00005ef0                ___isinf
ffffffff                ___pinit__
00000100                ___text__
00004968                __addd
00005cea                __args_main
000040e0                __cleanup
            000082a2    __cleanup_ptr
00004d54                __cmpd
            00003034    __ctypes_
00003bf3                __divd
00005d80                __divli
000046d6                __divlli
00005ea3                __divu
0000560b                __divul
000045e2                __divull
000053e9                __doflush
            000082a4    __dtors_ptr
00004d20                __eqld
00005e79                __fixdi
0000598d                __fixdli
00005ad4                __fltlid
00005832                __frcmpyd
000058a8                __frcmpyd_div
            00008118    __ft_end
            00008000    __ftable
00004cd6                __geqd
00004c8b                __gtrd
00004c3e                __leqd
            0000829e    __lock
00004bf6                __lssd
00004f0f                __mpyd
00005f1e                __mpyli
0000452a                __mpylli
00005f43                __negd
00004bc2                __neqd
00005f41                __nop
00001462                __printfi
000052c8                __rd_ok
00005f39                __register_lock
00005f31                __register_unlock
00005d35                __remli
000044fb                __remlli
00005eb8                __remu
0000591b                __remul
000044ad                __remull
            00003584    __stack
00005f0a                __subd
            00003262    __sys_memory
            00003684    __sysstack
            00008078    __tmpnams
            000082a0    __unlock
00005248                __wrt_ok
00005f5d                _abort
00003126                _add_device
0000470b                _aic3204_loop_linein
0000539a                _aic3204_test
0000423e                _aic3204_tone_headphone
00005b9d                _atoi
00005c9d                _auto_init
00005e45                _c_int00
00003bcd                _calloc
00003bc5                _chkheap
000030b3                _close
00005e07                _exit
000057b7                _fclose
00005452                _fflush
000030aa                _find_registered_device
00004203                _fopen
00005565                _fputc
00004dac                _fputs
0000373e                _free
00003b6f                _free_memory
0000413a                _freopen
            00008283    _fsError
00005a69                _fseek
            00008286    _gI2cObj
00003216                _getenv
            000082a6    _hI2s
            00008296    _i2cHandle
00003044                _lseek
0000573a                _ltoa
00005b3d                _main
0000386f                _malloc
00003b15                _max_free
00005ecd                _memccpy
00005dc8                _memcpy
0000380a                _minit
00002f85                _open
            00008284    _ouError
00005c4d                _printf
00005565                _putc
000055fc                _putchar
00004ee1                _puts
00002ed7                _read
000059fc                _readmsg
00003964                _realloc
00005f53                _remove
00002ea1                _remove_device
00002e48                _rename
00005162                _setvbuf
00002e15                _unlink
00002cd3                _write
000054ab                _writemsg
ffffffff                binit
            00002fb4    cinit
            00008000    edata
            000082a8    end
00005f67                etext
ffffffff                pinit


GLOBAL SYMBOLS: SORTED BY Symbol Address 

abs. value/
byte addr   word addr   name
---------   ---------   ----
00000001                $TI_capability_requires_rev3
00000001                __TI_args_main
00000002                $TI_capability$C5500$CallingConvention
00000002                $TI_capability$C5500$MemoryModel
00000100                .text
00000100                ___text__
00000200                __STACK_SIZE
00000200                __SYSSTACK_SIZE
00000400                __SYSMEM_SIZE
00001462                __printfi
000016a4                _I2C_init
0000174d                _I2C_config
000018b2                _I2C_getConfig
00001988                _I2C_setup
00001b82                _I2C_write
00001dc6                _I2C_read
00001fe4                _I2C_eventEnable
00002118                _I2C_eventDisable
00002237                _I2C_setCallback
000022c4                _I2C_getEventId
000022e0                _I2S_open
00002427                _I2S_setup
00002715                _I2S_close
000027c7                _I2S_read
00002a81                _I2S_write
00002bd7                _I2S_reset
00002c88                _I2S_transEnable
00002cd3                _write
00002e15                _unlink
00002e48                _rename
00002ea1                _remove_device
00002ed7                _read
00002f85                _open
00003044                _lseek
000030aa                _find_registered_device
000030b3                _close
00003126                _add_device
00003216                _getenv
00003291                _HOSTwrite
0000331e                _HOSTunlink
00003388                _HOSTtime
000033e6                _HOSTrename
00003494                _HOSTread
00003521                _HOSTopen
000035c0                _HOSTlseek
00003675                _HOSTclose
000036e0                _HOSTclock
0000373e                _free
0000380a                _minit
0000386f                _malloc
00003964                _realloc
00003b15                _max_free
00003b6f                _free_memory
00003bc5                _chkheap
00003bcd                _calloc
00003bf3                __divd
000040e0                __cleanup
0000413a                _freopen
00004203                _fopen
0000423e                _aic3204_tone_headphone
000044ad                __remull
000044fb                __remlli
0000452a                __mpylli
000045e2                __divull
000046d6                __divlli
0000470b                _aic3204_loop_linein
00004968                __addd
00004bc2                __neqd
00004bf6                __lssd
00004c3e                __leqd
00004c8b                __gtrd
00004cd6                __geqd
00004d20                __eqld
00004d54                __cmpd
00004dac                _fputs
00004ee1                _puts
00004f0f                __mpyd
0000505b                _EZDSP5535_I2S_init
000050b4                _EZDSP5535_I2S_readLeft
000050e6                _EZDSP5535_I2S_writeLeft
00005113                _EZDSP5535_I2S_readRight
00005134                _EZDSP5535_I2S_writeRight
00005150                _EZDSP5535_I2S_close
00005162                _setvbuf
00005248                __wrt_ok
000052c8                __rd_ok
00005325                _AIC3204_rget
00005370                _AIC3204_rset
0000539a                _aic3204_test
000053e9                __doflush
00005452                _fflush
000054ab                _writemsg
00005560                C$$IO$$
00005565                _fputc
00005565                _putc
000055fc                _putchar
0000560b                __divul
000056ac                _EZDSP5535_I2C_init
000056e1                _EZDSP5535_I2C_reset
000056ec                _EZDSP5535_I2C_write
00005712                _EZDSP5535_I2C_read
0000573a                _ltoa
000057b7                _fclose
00005832                __frcmpyd
000058a8                __frcmpyd_div
0000591b                __remul
0000598d                __fixdli
000059fc                _readmsg
00005a69                _fseek
00005ad4                __fltlid
00005b3b                _StopTest
00005b3d                _main
00005b9d                _atoi
00005bf9                _EZDSP5535_wait
00005c2d                _EZDSP5535_waitusec
00005c3f                _EZDSP5535_init
00005c4d                _printf
00005c9d                _auto_init
00005cea                __args_main
00005d35                __remli
00005d80                __divli
00005dc8                _memcpy
00005e07                _exit
00005e45                _c_int00
00005e79                __fixdi
00005ea3                I$$UDIV
00005ea3                __divu
00005eb8                I$$UMOD
00005eb8                __remu
00005ecd                _memccpy
00005ef0                ___isinf
00005f0a                __subd
00005f1e                I$$LMPY
00005f1e                __mpyli
00005f31                __register_unlock
00005f39                __register_lock
00005f41                __nop
00005f43                __negd
00005f53                _remove
00005f5d                _abort
00005f5e                C$$EXIT
00005f67                ___etext__
00005f67                etext
            00002fb4    ___cinit__
            00002fb4    cinit
            00003034    __ctypes_
            00003262    __sys_memory
            00003464    __CIOBUF_
            00003584    __stack
            00003684    __STACK_END
            00003684    __sysstack
            00008000    .bss
            00008000    .data
            00008000    ___bss__
            00008000    ___data__
            00008000    ___edata__
            00008000    __ftable
            00008000    edata
            00008078    __tmpnams
            00008118    __ft_end
            000081e9    _TestFail
            00008283    _fsError
            00008284    _ouError
            00008286    _gI2cObj
            00008296    _i2cHandle
            0000829e    __lock
            000082a0    __unlock
            000082a2    __cleanup_ptr
            000082a4    __dtors_ptr
            000082a6    _hI2s
            000082a8    ___end__
            000082a8    end
00ffff00                _Reset
ffffffff                ___binit__
ffffffff                ___c_args__
ffffffff                ___pinit__
ffffffff                binit
ffffffff                pinit

[178 symbols]
