******************************************************************************
              TMS320C55x Linker PC v4.4.1                      
******************************************************************************
>> Linked Mon Sep 03 21:22:21 2018

OUTPUT FILE NAME:   <boot_post.out>
ENTRY POINT SYMBOL: "_c_int00"  address: 00027a89


MEMORY CONFIGURATION

         name            origin    length      used     unused   attr    fill
                        (bytes)   (bytes)    (bytes)   (bytes)
----------------------  --------  ---------  --------  --------  ----  --------
PAGE 0:
  MMR                   00000000   000000c0  00000000  000000c0  RWIX
  DARAM0                000000c0   0000ff40  0000584a  0000a6f6  RWIX
  SARAM0                00010000   00010000  00000000  00010000  RWIX
  SARAM1                00020000   00020000  00007bab  00018455  RWIX
  SARAM2                00040000   0000fe00  00000350  0000fab0  RWIX
  VECS                  0004fe00   00000200  00000100  00000100  RWIX
  PDROM                 00ff8000   00008000  00000000  00008000  R IX

PAGE 2:
  IOPORT                00000000   00020000  00000000  00020000  RWI 


SECTION ALLOCATION MAP
(Addresses surrounded by []'s are displayed for convenience only!)

output                                                          attributes/
section   page  orgn(bytes) orgn(words) len(bytes) len(words)   input sections
--------  ----  ----------- ----------- ---------- ----------   --------------
.pinit       0   [ 00040000 ]  00020000          *   00000000   UNINITIALIZED

.stack       0   [ 000000c0 ]  00000060          *   00001000   UNINITIALIZED
                 [ 000000c0 ]  00000060          *   00001000   --HOLE--

.data        0   [ 000000c0 ]  00000060          *   00000000   UNINITIALIZED

.sysstack 
*            0   [ 000020c0 ]  00001060          *   00000800   UNINITIALIZED
                 [ 000020c0 ]  00001060          *   00000800   --HOLE--

.sysmem      0   [ 000030c0 ]  00001860          *   00001000   UNINITIALIZED
                 [ 000030c0 ]  00001860          *   00001000   --HOLE--

.bss.1       0   [ 000050c0 ]  00002860          *   00000285   UNINITIALIZED
                 [ 000050c0 ]  00002860          *   00000119   rts55x.lib : defs.obj (.bss)
                 [ 000052f2 ]  00002979          *   000000d0              : trgdrv.obj (.bss)
                 [ 00005492 ]  00002a49          *   00000001              : fopen.obj (.bss)
                 [ 00005494 ]  00002a4a          *   00000071              : lowlev.obj (.bss)
                 [ 00005576 ]  00002abb          *   0000002a   cslVC5505.lib : csl_i2s.obj (.bss)

.bss.2       0   [ 000055cc ]  00002ae6          *   0000002e   UNINITIALIZED
                 [ 000055cc ]  00002ae6          *   00000012   cslVC5505.lib : csl_i2c.obj (.bss)
                 [ 000055f0 ]  00002af8          *   00000008   ezdsp5535bsl.lib : ezdsp5535_sar.obj (.bss)
                 [ 00005600 ]  00002b00          *   00000006   rts55x.lib : memory.obj (.bss)
                 [ 0000560c ]  00002b06          *   00000004   ezdsp5535bsl.lib : ezdsp5535_gpio.obj (.bss)
                 [ 00005614 ]  00002b0a          *   00000004   rts55x.lib : _lock.obj (.bss)
                 [ 0000561c ]  00002b0e          *   00000004              : exit.obj (.bss)
                 [ 00005624 ]  00002b12          *   00000002   ezdsp5535bsl.lib : ezdsp5535_i2s.obj (.bss)

.const.1     0   [ 00005628 ]  00002b14          *   00000101   
                 [ 00005628 ]  00002b14          *   00000101   rts55x.lib : ctype.obj (.const:__ctypes_)

.const.2     0   [ 0000582c ]  00002c16          *   00000031   
                 [ 0000582c ]  00002c16          *   00000031   audio_processing.obj (.const:.string)

.const.3     0   [ 00005890 ]  00002c48          *   00000040   
                 [ 00005890 ]  00002c48          *   00000024   rts55x.lib : _printfi.obj (.const:.string)
                 [ 000058d8 ]  00002c6c          *   0000000c              : _printfi.obj (.const)
                 [ 000058f0 ]  00002c78          *   00000008              : divd.obj (.const:_initial_approx$1)
                 [ 00005900 ]  00002c80          *   00000004   main.obj (.const:_$P$T0$1)
                 [ 00005908 ]  00002c84          *   00000002   rts55x.lib : fputs.obj (.const:.string)
                 [ 0000590c ]  00002c86          *   00000002              : fltlid.obj (.const)

.text        0     00020000  [ 00010000 ] 00007bab          *   
                   00020000  [ 00010000 ] 000015a4          *   rts55x.lib : _printfi.obj (.text)
                   000215a4  [ 00010ad2 ] 00000c3c          *   cslVC5505.lib : csl_i2c.obj (.text)
                   000221e0  [ 000110f0 ] 00000b18          *                 : csl_sar.obj (.text)
                   00022cf8  [ 0001167c ] 000009f3          *                 : csl_i2s.obj (.text)
                   000236eb  [ 00011b75+] 0000068d          *                 : csl_gpio.obj (.text)
                   00023d78  [ 00011ebc ] 0000062b          *   oled_interface.obj (.text)
                   000243a3  [ 000121d1+] 00000543          *   rts55x.lib : lowlev.obj (.text)
                   000248e6  [ 00012473 ] 00000528          *              : trgdrv.obj (.text)
                   00024e0e  [ 00012707 ] 000004b5          *              : memory.obj (.text)
                   000252c3  [ 00012961+] 000003cc          *              : divd.obj (.text)
                   0002568f  [ 00012b47+] 000002ad          *   cslVC5505.lib : csl_pll.obj (.text)
                   0002593c  [ 00012c9e ] 000002ab          *   audio_processing.obj (.text)
                   00025be7  [ 00012df3+] 0000027f          *   rts55x.lib : fopen.obj (.text)
                   00025e66  [ 00012f33 ] 0000025e          *              : llmpy.obj (.text)
                   000260c4  [ 00013062 ] 0000025a          *              : addd.obj (.text)
                   0002631e  [ 0001318f ] 000001ea          *              : cmpd.obj (.text)
                   00026508  [ 00013284 ] 000001e7          *   ezdsp5535bsl.lib : ezdsp5535_led.obj (.text)
                   000266ef  [ 00013377+] 00000192          *                    : ezdsp5535_lcd.obj (.text)
                   00026881  [ 00013440+] 0000017a          *                    : ezdsp5535_sar.obj (.text)
                   000269fb  [ 000134fd+] 00000163          *   rts55x.lib : fputs.obj (.text)
                   00026b5e  [ 000135af ] 0000014c          *              : mpyd.obj (.text)
                   00026caa  [ 00013655 ] 00000107          *   ezdsp5535bsl.lib : ezdsp5535_i2s.obj (.text)
                   00026db1  [ 000136d8+] 000000e6          *   rts55x.lib : setvbuf.obj (.text)
                   00026e97  [ 0001374b+] 000000dd          *              : _io_perm.obj (.text)
                   00026f74  [ 000137ba ] 000000c2          *              : fflush.obj (.text)
                   00027036  [ 0001381b ] 000000ba          *              : trgmsg.obj (.text:CIO_breakpoint)
                   000270f0  [ 00013878 ] 000000a6          *              : fputc.obj (.text)
                   00027196  [ 000138cb ] 000000a1          *              : divul.obj (.text)
                   00027237  [ 0001391b+] 00000094          *   main.obj (.text)
                   000272cb  [ 00013965+] 0000008e          *   ezdsp5535bsl.lib : ezdsp5535_i2c.obj (.text)
                   00027359  [ 000139ac+] 00000087          *                    : ezdsp5535_gpio.obj (.text)
                   000273e0  [ 000139f0 ] 0000007d          *   rts55x.lib : ltoa.obj (.text)
                   0002745d  [ 00013a2e+] 0000007b          *              : fclose.obj (.text)
                   000274d8  [ 00013a6c ] 00000076          *              : frcmpyd.obj (.text)
                   0002754e  [ 00013aa7 ] 00000073          *              : frcmpyd_div.obj (.text)
                   000275c1  [ 00013ae0+] 00000072          *              : remul.obj (.text)
                   00027633  [ 00013b19+] 0000006f          *              : fixdli.obj (.text)
                   000276a2  [ 00013b51 ] 0000006d          *              : trgmsg.obj (.text)
                   0002770f  [ 00013b87+] 0000006b          *              : fseek.obj (.text)
                   0002777a  [ 00013bbd ] 00000067          *              : fltlid.obj (.text)
                   000277e1  [ 00013bf0+] 0000005c          *              : atoi.obj (.text)
                   0002783d  [ 00013c1e+] 00000054          *   ezdsp5535bsl.lib : ezdsp5535.obj (.text)
                   00027891  [ 00013c48+] 00000050          *   rts55x.lib : printf.obj (.text)
                   000278e1  [ 00013c70+] 0000004d          *              : autoinit.obj (.text)
                   0002792e  [ 00013c97 ] 0000004b          *              : args_main.obj (.text)
                   00027979  [ 00013cbc+] 0000004b          *              : remli.obj (.text)
                   000279c4  [ 00013ce2 ] 00000048          *              : divli.obj (.text)
                   00027a0c  [ 00013d06 ] 0000003f          *              : memcpy.obj (.text)
                   00027a4b  [ 00013d25+] 0000003e          *              : exit.obj (.text)
                   00027a89  [ 00013d44+] 00000034          *              : boot.obj (.text)
                   00027abd  [ 00013d5e+] 0000002a          *              : fixdi.obj (.text)
                   00027ae7  [ 00013d73+] 0000002a          *              : udiv.obj (.text)
                   00027b11  [ 00013d88+] 00000023          *              : memccpy.obj (.text)
                   00027b34  [ 00013d9a ] 0000001a          *              : isinf.obj (.text)
                   00027b4e  [ 00013da7 ] 00000014          *              : subd.obj (.text)
                   00027b62  [ 00013db1 ] 00000013          *              : lmpy.obj (.text)
                   00027b75  [ 00013dba+] 00000012          *              : _lock.obj (.text)
                   00027b87  [ 00013dc3+] 00000010          *              : negd.obj (.text)
                   00027b97  [ 00013dcb+] 0000000a          *              : remove.obj (.text)
                   00027ba1  [ 00013dd0+] 00000007          *              : exit.obj (.text:CIO_breakpoint)
                   00027ba8  [ 00013dd4 ] 00000002          *              : vectors.obj (.text)
                   00027baa  [ 00013dd5 ] 00000001          *   --HOLE-- [fill = 20]

.cio         0   [ 00040000 ]  00020000          *   00000120   UNINITIALIZED
                 [ 00040000 ]  00020000          *   00000120   rts55x.lib : trgmsg.obj (.cio)

.cinit       0   [ 00040240 ]  00020120          *   00000088   
                 [ 00040240 ]  00020120          *   0000002d   rts55x.lib : lowlev.obj (.cinit)
                 [ 0004029a ]  0002014d          *   0000002a              : defs.obj (.cinit)
                 [ 000402ee ]  00020177          *   0000000c   ezdsp5535bsl.lib : ezdsp5535_sar.obj (.cinit)
                 [ 00040306 ]  00020183          *   0000000a   rts55x.lib : _lock.obj (.cinit)
                 [ 0004031a ]  0002018d          *   0000000a              : exit.obj (.cinit)
                 [ 0004032e ]  00020197          *   00000008   cslVC5505.lib : csl_i2s.obj (.cinit)
                 [ 0004033e ]  0002019f          *   00000004   rts55x.lib : fopen.obj (.cinit)
                 [ 00040346 ]  000201a3          *   00000004              : memory.obj (.cinit)
                 [ 0004034e ]  000201a7          *   00000001   --HOLE-- [fill = 0]

vectors      0     0004fe00  [ 00027f00 ] 00000100          *   
                   0004fe00  [ 00027f00 ] 00000100          *   rts55x.lib : vectors.obj (vectors)


GLOBAL SYMBOLS: SORTED ALPHABETICALLY BY Name 

abs. value/
byte addr   word addr   name
---------   ---------   ----
00000002                $TI_capability$C5500$CallingConvention
00000002                $TI_capability$C5500$MemoryModel
00000001                $TI_capability_requires_rev3
ffffffff                .bss
ffffffff                .data
ffffffff                .text
00027ba2                C$$EXIT
000270eb                C$$IO$$
00027b62                I$$LMPY
00027ae7                I$$UDIV
00027afc                I$$UMOD
00025980                _AIC3204_rget
000259cb                _AIC3204_rset
000273c2                _EZDSP5535_GPIO_getInput
00027359                _EZDSP5535_GPIO_init
00027384                _EZDSP5535_GPIO_setDirection
000273a8                _EZDSP5535_GPIO_setOutput
000272cb                _EZDSP5535_I2C_init
00027331                _EZDSP5535_I2C_read
00027300                _EZDSP5535_I2C_reset
0002730b                _EZDSP5535_I2C_write
00026d9f                _EZDSP5535_I2S_close
00026caa                _EZDSP5535_I2S_init
00026d03                _EZDSP5535_I2S_readLeft
00026d62                _EZDSP5535_I2S_readRight
00026d35                _EZDSP5535_I2S_writeLeft
00026d83                _EZDSP5535_I2S_writeRight
0002653e                _EZDSP5535_LED_getall
00026508                _EZDSP5535_LED_init
00026633                _EZDSP5535_LED_off
000265fe                _EZDSP5535_LED_on
00026590                _EZDSP5535_LED_setall
00026666                _EZDSP5535_LED_toggle
00026762                _EZDSP5535_OSD9616_init
00026717                _EZDSP5535_OSD9616_multiSend
00026844                _EZDSP5535_OSD9616_printLetter
000266ef                _EZDSP5535_OSD9616_send
00026947                _EZDSP5535_SAR_getKey
00026881                _EZDSP5535_SAR_init
000266c1                _EZDSP5535_XF_get
000266b6                _EZDSP5535_XF_off
000266ab                _EZDSP5535_XF_on
000266d0                _EZDSP5535_XF_toggle
00027883                _EZDSP5535_init
0002783d                _EZDSP5535_wait
00027871                _EZDSP5535_waitusec
00023bd6                _GPIO_clearInt
0002372f                _GPIO_close
00023753                _GPIO_config
00023986                _GPIO_configBit
00023ace                _GPIO_disableInt
00023b4c                _GPIO_enableInt
000237d8                _GPIO_getConfig
000236eb                _GPIO_open
00023860                _GPIO_read
00023ce9                _GPIO_reset
00023c62                _GPIO_statusBit
000238e3                _GPIO_write
            00002b06    _GpioObj
00024db0                _HOSTclock
00024d45                _HOSTclose
00024c90                _HOSTlseek
00024bf1                _HOSTopen
00024b64                _HOSTread
00024ab6                _HOSTrename
00024a58                _HOSTtime
000249ee                _HOSTunlink
00024961                _HOSTwrite
0002164d                _I2C_config
00022018                _I2C_eventDisable
00021ee4                _I2C_eventEnable
000217b2                _I2C_getConfig
000221c4                _I2C_getEventId
000215a4                _I2C_init
00021cc6                _I2C_read
00022137                _I2C_setCallback
00021888                _I2C_setup
00021a82                _I2C_write
0002312d                _I2S_close
00022cf8                _I2S_open
000231df                _I2S_read
000235ef                _I2S_reset
00022e3f                _I2S_setup
000236a0                _I2S_transEnable
00023499                _I2S_write
00025881                _PLL_bypass
000256f1                _PLL_config
0002581a                _PLL_enable
000256b9                _PLL_init
000258d0                _PLL_reset
0004fe00                _Reset
00022763                _SAR_A2DMeasParamSet
00022bdd                _SAR_GPODirSet
000222da                _SAR_chanClose
0002235e                _SAR_chanConfig
0002265a                _SAR_chanCycSet
0002225d                _SAR_chanInit
00022278                _SAR_chanOpen
00022446                _SAR_chanSetup
0002223d                _SAR_deInit
000223d4                _SAR_getConfig
00022cb9                _SAR_getStatus
000221e0                _SAR_init
00022722                _SAR_readData
000226a9                _SAR_startConversion
000226db                _SAR_stopConversion
            00002afc    _SarHandle
            00002af8    _SarObj
            00020000    __CIOBUF_
            00001060    __STACK_END
00002000                __STACK_SIZE
00002000                __SYSMEM_SIZE
00001000                __SYSSTACK_SIZE
00000001                __TI_args_main
ffffffff                ___binit__
ffffffff                ___bss__
ffffffff                ___c_args__
            00020120    ___cinit__
ffffffff                ___data__
ffffffff                ___edata__
ffffffff                ___end__
ffffffff                ___etext__
00027b34                ___isinf
ffffffff                ___pinit__
ffffffff                ___text__
000260c4                __addd
0002792e                __args_main
00025d08                __cleanup
            00002b0e    __cleanup_ptr
000264b0                __cmpd
            00002b14    __ctypes_
000252c3                __divd
000279c4                __divli
0002608f                __divlli
00027ae7                __divu
00027196                __divul
00025f9b                __divull
00026f74                __doflush
            00002b10    __dtors_ptr
0002647c                __eqld
00027abd                __fixdi
00027633                __fixdli
0002777a                __fltlid
000274d8                __frcmpyd
0002754e                __frcmpyd_div
            00002978    __ft_end
            00002860    __ftable
00026432                __geqd
000263e7                __gtrd
0002639a                __leqd
            00002b0a    __lock
00026352                __lssd
00026b5e                __mpyd
00027b62                __mpyli
00025ee3                __mpylli
00027b87                __negd
0002631e                __neqd
00027b85                __nop
00021362                __printfi
00026f17                __rd_ok
00027b7d                __register_lock
00027b75                __register_unlock
00027979                __remli
00025eb4                __remlli
00027afc                __remu
000275c1                __remul
00025e66                __remull
            00000060    __stack
00027b4e                __subd
            00001860    __sys_memory
            00001060    __sysstack
            000028d8    __tmpnams
            00002b0c    __unlock
00026e97                __wrt_ok
00027ba1                _abort
000247f6                _add_device
00025bb4                _aic3204_close_and_reset
00025bc5                _aic3204_loop_linein
000259f5                _aic3204_loopback_config
000277e1                _atoi
0002593c                _audio_processing
000278e1                _auto_init
00027a89                _c_int00
0002529d                _calloc
00025295                _chkheap
00024783                _close
00027a4b                _exit
0002745d                _fclose
00026fdd                _fflush
0002477a                _find_registered_device
00025e2b                _fopen
000270f0                _fputc
000269fb                _fputs
00024e0e                _free
0002523f                _free_memory
00025d62                _freopen
            00002ae3    _fsError
0002770f                _fseek
            00002ae6    _gI2cObj
000248e6                _getenv
            00002b08    _hGpio
            00002b12    _hI2s
            00002af6    _i2cHandle
            00002afe    _keyCnt1
            00002aff    _keyCnt2
00024714                _lseek
000273e0                _ltoa
00027237                _main
00024f3f                _malloc
000251e5                _max_free
00027b11                _memccpy
00027a0c                _memcpy
00024eda                _minit
00023d78                _oled_test
00024655                _open
            00002ae4    _ouError
            00002afb    _preKey
00027891                _printf
000270f0                _putc
00027187                _putchar
00026b30                _puts
000245a7                _read
000276a2                _readmsg
00025034                _realloc
00027b97                _remove
00024571                _remove_device
00024518                _rename
00026db1                _setvbuf
00027256                _systemInit
000244e5                _unlink
000243a3                _write
00027036                _writemsg
ffffffff                binit
            00020120    cinit
ffffffff                edata
ffffffff                end
ffffffff                etext
ffffffff                pinit


GLOBAL SYMBOLS: SORTED BY Symbol Address 

abs. value/
byte addr   word addr   name
---------   ---------   ----
00000001                $TI_capability_requires_rev3
00000001                __TI_args_main
00000002                $TI_capability$C5500$CallingConvention
00000002                $TI_capability$C5500$MemoryModel
            00000060    __stack
00001000                __SYSSTACK_SIZE
00002000                __STACK_SIZE
00002000                __SYSMEM_SIZE
            00001060    __STACK_END
            00001060    __sysstack
            00001860    __sys_memory
            00002860    __ftable
            000028d8    __tmpnams
            00002978    __ft_end
            00002ae3    _fsError
            00002ae4    _ouError
            00002ae6    _gI2cObj
            00002af6    _i2cHandle
            00002af8    _SarObj
            00002afb    _preKey
            00002afc    _SarHandle
            00002afe    _keyCnt1
            00002aff    _keyCnt2
            00002b06    _GpioObj
            00002b08    _hGpio
            00002b0a    __lock
            00002b0c    __unlock
            00002b0e    __cleanup_ptr
            00002b10    __dtors_ptr
            00002b12    _hI2s
            00002b14    __ctypes_
00021362                __printfi
000215a4                _I2C_init
0002164d                _I2C_config
000217b2                _I2C_getConfig
00021888                _I2C_setup
00021a82                _I2C_write
00021cc6                _I2C_read
00021ee4                _I2C_eventEnable
00022018                _I2C_eventDisable
00022137                _I2C_setCallback
000221c4                _I2C_getEventId
000221e0                _SAR_init
0002223d                _SAR_deInit
0002225d                _SAR_chanInit
00022278                _SAR_chanOpen
000222da                _SAR_chanClose
0002235e                _SAR_chanConfig
000223d4                _SAR_getConfig
00022446                _SAR_chanSetup
0002265a                _SAR_chanCycSet
000226a9                _SAR_startConversion
000226db                _SAR_stopConversion
00022722                _SAR_readData
00022763                _SAR_A2DMeasParamSet
00022bdd                _SAR_GPODirSet
00022cb9                _SAR_getStatus
00022cf8                _I2S_open
00022e3f                _I2S_setup
0002312d                _I2S_close
000231df                _I2S_read
00023499                _I2S_write
000235ef                _I2S_reset
000236a0                _I2S_transEnable
000236eb                _GPIO_open
0002372f                _GPIO_close
00023753                _GPIO_config
000237d8                _GPIO_getConfig
00023860                _GPIO_read
000238e3                _GPIO_write
00023986                _GPIO_configBit
00023ace                _GPIO_disableInt
00023b4c                _GPIO_enableInt
00023bd6                _GPIO_clearInt
00023c62                _GPIO_statusBit
00023ce9                _GPIO_reset
00023d78                _oled_test
000243a3                _write
000244e5                _unlink
00024518                _rename
00024571                _remove_device
000245a7                _read
00024655                _open
00024714                _lseek
0002477a                _find_registered_device
00024783                _close
000247f6                _add_device
000248e6                _getenv
00024961                _HOSTwrite
000249ee                _HOSTunlink
00024a58                _HOSTtime
00024ab6                _HOSTrename
00024b64                _HOSTread
00024bf1                _HOSTopen
00024c90                _HOSTlseek
00024d45                _HOSTclose
00024db0                _HOSTclock
00024e0e                _free
00024eda                _minit
00024f3f                _malloc
00025034                _realloc
000251e5                _max_free
0002523f                _free_memory
00025295                _chkheap
0002529d                _calloc
000252c3                __divd
000256b9                _PLL_init
000256f1                _PLL_config
0002581a                _PLL_enable
00025881                _PLL_bypass
000258d0                _PLL_reset
0002593c                _audio_processing
00025980                _AIC3204_rget
000259cb                _AIC3204_rset
000259f5                _aic3204_loopback_config
00025bb4                _aic3204_close_and_reset
00025bc5                _aic3204_loop_linein
00025d08                __cleanup
00025d62                _freopen
00025e2b                _fopen
00025e66                __remull
00025eb4                __remlli
00025ee3                __mpylli
00025f9b                __divull
0002608f                __divlli
000260c4                __addd
0002631e                __neqd
00026352                __lssd
0002639a                __leqd
000263e7                __gtrd
00026432                __geqd
0002647c                __eqld
000264b0                __cmpd
00026508                _EZDSP5535_LED_init
0002653e                _EZDSP5535_LED_getall
00026590                _EZDSP5535_LED_setall
000265fe                _EZDSP5535_LED_on
00026633                _EZDSP5535_LED_off
00026666                _EZDSP5535_LED_toggle
000266ab                _EZDSP5535_XF_on
000266b6                _EZDSP5535_XF_off
000266c1                _EZDSP5535_XF_get
000266d0                _EZDSP5535_XF_toggle
000266ef                _EZDSP5535_OSD9616_send
00026717                _EZDSP5535_OSD9616_multiSend
00026762                _EZDSP5535_OSD9616_init
00026844                _EZDSP5535_OSD9616_printLetter
00026881                _EZDSP5535_SAR_init
00026947                _EZDSP5535_SAR_getKey
000269fb                _fputs
00026b30                _puts
00026b5e                __mpyd
00026caa                _EZDSP5535_I2S_init
00026d03                _EZDSP5535_I2S_readLeft
00026d35                _EZDSP5535_I2S_writeLeft
00026d62                _EZDSP5535_I2S_readRight
00026d83                _EZDSP5535_I2S_writeRight
00026d9f                _EZDSP5535_I2S_close
00026db1                _setvbuf
00026e97                __wrt_ok
00026f17                __rd_ok
00026f74                __doflush
00026fdd                _fflush
00027036                _writemsg
000270eb                C$$IO$$
000270f0                _fputc
000270f0                _putc
00027187                _putchar
00027196                __divul
00027237                _main
00027256                _systemInit
000272cb                _EZDSP5535_I2C_init
00027300                _EZDSP5535_I2C_reset
0002730b                _EZDSP5535_I2C_write
00027331                _EZDSP5535_I2C_read
00027359                _EZDSP5535_GPIO_init
00027384                _EZDSP5535_GPIO_setDirection
000273a8                _EZDSP5535_GPIO_setOutput
000273c2                _EZDSP5535_GPIO_getInput
000273e0                _ltoa
0002745d                _fclose
000274d8                __frcmpyd
0002754e                __frcmpyd_div
000275c1                __remul
00027633                __fixdli
000276a2                _readmsg
0002770f                _fseek
0002777a                __fltlid
000277e1                _atoi
0002783d                _EZDSP5535_wait
00027871                _EZDSP5535_waitusec
00027883                _EZDSP5535_init
00027891                _printf
000278e1                _auto_init
0002792e                __args_main
00027979                __remli
000279c4                __divli
00027a0c                _memcpy
00027a4b                _exit
00027a89                _c_int00
00027abd                __fixdi
00027ae7                I$$UDIV
00027ae7                __divu
00027afc                I$$UMOD
00027afc                __remu
00027b11                _memccpy
00027b34                ___isinf
00027b4e                __subd
00027b62                I$$LMPY
00027b62                __mpyli
00027b75                __register_unlock
00027b7d                __register_lock
00027b85                __nop
00027b87                __negd
00027b97                _remove
00027ba1                _abort
00027ba2                C$$EXIT
            00020000    __CIOBUF_
            00020120    ___cinit__
            00020120    cinit
0004fe00                _Reset
ffffffff                .bss
ffffffff                .data
ffffffff                .text
ffffffff                ___binit__
ffffffff                ___bss__
ffffffff                ___c_args__
ffffffff                ___data__
ffffffff                ___edata__
ffffffff                ___end__
ffffffff                ___etext__
ffffffff                ___pinit__
ffffffff                ___text__
ffffffff                binit
ffffffff                edata
ffffffff                end
ffffffff                etext
ffffffff                pinit

[238 symbols]
