<?xml version="1.0"?>
<link_info>
   <banner>TMS320C55x Linker PC v4.4.1</banner>
   <copyright>Copyright (c) 1996-2012 Texas Instruments Incorporated</copyright>
   <link_time>0x5b9aa998</link_time>
   <output_file>boot_post.out</output_file>
   <entry_point>
      <name>_c_int00</name>
      <address>0x2846f</address>
   </entry_point>
   <input_file_list>
      <input_file id="fl-2">
         <path>.\</path>
         <kind>object</kind>
         <file>audio_processing.obj</file>
         <name>audio_processing.obj</name>
      </input_file>
      <input_file id="fl-3">
         <path>.\</path>
         <kind>object</kind>
         <file>main.obj</file>
         <name>main.obj</name>
      </input_file>
      <input_file id="fl-4">
         <path>.\</path>
         <kind>object</kind>
         <file>oled_interface.obj</file>
         <name>oled_interface.obj</name>
      </input_file>
      <input_file id="fl-5">
         <path>.\src\</path>
         <kind>object</kind>
         <file>csl_spi.obj</file>
         <name>csl_spi.obj</name>
      </input_file>
      <input_file id="fl-6">
         <path>.\src\</path>
         <kind>object</kind>
         <file>csl_sysctrl.obj</file>
         <name>csl_sysctrl.obj</name>
      </input_file>
      <input_file id="fl-d">
         <path>..\lib\</path>
         <kind>archive</kind>
         <file>cslVC5505.lib</file>
         <name>csl_pll.obj</name>
      </input_file>
      <input_file id="fl-e">
         <path>..\lib\</path>
         <kind>archive</kind>
         <file>ezdsp5535bsl.lib</file>
         <name>ezdsp5535.obj</name>
      </input_file>
      <input_file id="fl-f">
         <path>..\lib\</path>
         <kind>archive</kind>
         <file>ezdsp5535bsl.lib</file>
         <name>ezdsp5535_i2c.obj</name>
      </input_file>
      <input_file id="fl-10">
         <path>..\lib\</path>
         <kind>archive</kind>
         <file>ezdsp5535bsl.lib</file>
         <name>ezdsp5535_i2s.obj</name>
      </input_file>
      <input_file id="fl-11">
         <path>..\lib\</path>
         <kind>archive</kind>
         <file>ezdsp5535bsl.lib</file>
         <name>ezdsp5535_lcd.obj</name>
      </input_file>
      <input_file id="fl-12">
         <path>..\lib\</path>
         <kind>archive</kind>
         <file>ezdsp5535bsl.lib</file>
         <name>ezdsp5535_led.obj</name>
      </input_file>
      <input_file id="fl-13">
         <path>..\lib\</path>
         <kind>archive</kind>
         <file>ezdsp5535bsl.lib</file>
         <name>ezdsp5535_sar.obj</name>
      </input_file>
      <input_file id="fl-14">
         <path>..\lib\</path>
         <kind>archive</kind>
         <file>ezdsp5535bsl.lib</file>
         <name>ezdsp5535_gpio.obj</name>
      </input_file>
      <input_file id="fl-15">
         <path>..\lib\</path>
         <kind>archive</kind>
         <file>cslVC5505.lib</file>
         <name>csl_sar.obj</name>
      </input_file>
      <input_file id="fl-16">
         <path>..\lib\</path>
         <kind>archive</kind>
         <file>cslVC5505.lib</file>
         <name>csl_i2s.obj</name>
      </input_file>
      <input_file id="fl-17">
         <path>..\lib\</path>
         <kind>archive</kind>
         <file>cslVC5505.lib</file>
         <name>csl_i2c.obj</name>
      </input_file>
      <input_file id="fl-18">
         <path>..\lib\</path>
         <kind>archive</kind>
         <file>cslVC5505.lib</file>
         <name>csl_gpio.obj</name>
      </input_file>
      <input_file id="fl-2d">
         <path>C:\ti\ccsv8\tools\compiler\c5500_4.4.1\lib\</path>
         <kind>archive</kind>
         <file>rts55x.lib</file>
         <name>boot.obj</name>
      </input_file>
      <input_file id="fl-2e">
         <path>C:\ti\ccsv8\tools\compiler\c5500_4.4.1\lib\</path>
         <kind>archive</kind>
         <file>rts55x.lib</file>
         <name>divul.obj</name>
      </input_file>
      <input_file id="fl-2f">
         <path>C:\ti\ccsv8\tools\compiler\c5500_4.4.1\lib\</path>
         <kind>archive</kind>
         <file>rts55x.lib</file>
         <name>exit.obj</name>
      </input_file>
      <input_file id="fl-30">
         <path>C:\ti\ccsv8\tools\compiler\c5500_4.4.1\lib\</path>
         <kind>archive</kind>
         <file>rts55x.lib</file>
         <name>lmpy.obj</name>
      </input_file>
      <input_file id="fl-31">
         <path>C:\ti\ccsv8\tools\compiler\c5500_4.4.1\lib\</path>
         <kind>archive</kind>
         <file>rts55x.lib</file>
         <name>printf.obj</name>
      </input_file>
      <input_file id="fl-32">
         <path>C:\ti\ccsv8\tools\compiler\c5500_4.4.1\lib\</path>
         <kind>archive</kind>
         <file>rts55x.lib</file>
         <name>remul.obj</name>
      </input_file>
      <input_file id="fl-33">
         <path>C:\ti\ccsv8\tools\compiler\c5500_4.4.1\lib\</path>
         <kind>archive</kind>
         <file>rts55x.lib</file>
         <name>vectors.obj</name>
      </input_file>
      <input_file id="fl-34">
         <path>C:\ti\ccsv8\tools\compiler\c5500_4.4.1\lib\</path>
         <kind>archive</kind>
         <file>rts55x.lib</file>
         <name>_lock.obj</name>
      </input_file>
      <input_file id="fl-35">
         <path>C:\ti\ccsv8\tools\compiler\c5500_4.4.1\lib\</path>
         <kind>archive</kind>
         <file>rts55x.lib</file>
         <name>_printfi.obj</name>
      </input_file>
      <input_file id="fl-36">
         <path>C:\ti\ccsv8\tools\compiler\c5500_4.4.1\lib\</path>
         <kind>archive</kind>
         <file>rts55x.lib</file>
         <name>args_main.obj</name>
      </input_file>
      <input_file id="fl-37">
         <path>C:\ti\ccsv8\tools\compiler\c5500_4.4.1\lib\</path>
         <kind>archive</kind>
         <file>rts55x.lib</file>
         <name>atoi.obj</name>
      </input_file>
      <input_file id="fl-38">
         <path>C:\ti\ccsv8\tools\compiler\c5500_4.4.1\lib\</path>
         <kind>archive</kind>
         <file>rts55x.lib</file>
         <name>autoinit.obj</name>
      </input_file>
      <input_file id="fl-39">
         <path>C:\ti\ccsv8\tools\compiler\c5500_4.4.1\lib\</path>
         <kind>archive</kind>
         <file>rts55x.lib</file>
         <name>cmpd.obj</name>
      </input_file>
      <input_file id="fl-3a">
         <path>C:\ti\ccsv8\tools\compiler\c5500_4.4.1\lib\</path>
         <kind>archive</kind>
         <file>rts55x.lib</file>
         <name>ctype.obj</name>
      </input_file>
      <input_file id="fl-3b">
         <path>C:\ti\ccsv8\tools\compiler\c5500_4.4.1\lib\</path>
         <kind>archive</kind>
         <file>rts55x.lib</file>
         <name>defs.obj</name>
      </input_file>
      <input_file id="fl-3c">
         <path>C:\ti\ccsv8\tools\compiler\c5500_4.4.1\lib\</path>
         <kind>archive</kind>
         <file>rts55x.lib</file>
         <name>divd.obj</name>
      </input_file>
      <input_file id="fl-3d">
         <path>C:\ti\ccsv8\tools\compiler\c5500_4.4.1\lib\</path>
         <kind>archive</kind>
         <file>rts55x.lib</file>
         <name>fixdi.obj</name>
      </input_file>
      <input_file id="fl-3e">
         <path>C:\ti\ccsv8\tools\compiler\c5500_4.4.1\lib\</path>
         <kind>archive</kind>
         <file>rts55x.lib</file>
         <name>fixdli.obj</name>
      </input_file>
      <input_file id="fl-3f">
         <path>C:\ti\ccsv8\tools\compiler\c5500_4.4.1\lib\</path>
         <kind>archive</kind>
         <file>rts55x.lib</file>
         <name>fltlid.obj</name>
      </input_file>
      <input_file id="fl-40">
         <path>C:\ti\ccsv8\tools\compiler\c5500_4.4.1\lib\</path>
         <kind>archive</kind>
         <file>rts55x.lib</file>
         <name>fputc.obj</name>
      </input_file>
      <input_file id="fl-41">
         <path>C:\ti\ccsv8\tools\compiler\c5500_4.4.1\lib\</path>
         <kind>archive</kind>
         <file>rts55x.lib</file>
         <name>fputs.obj</name>
      </input_file>
      <input_file id="fl-42">
         <path>C:\ti\ccsv8\tools\compiler\c5500_4.4.1\lib\</path>
         <kind>archive</kind>
         <file>rts55x.lib</file>
         <name>frcmpyd_div.obj</name>
      </input_file>
      <input_file id="fl-43">
         <path>C:\ti\ccsv8\tools\compiler\c5500_4.4.1\lib\</path>
         <kind>archive</kind>
         <file>rts55x.lib</file>
         <name>isinf.obj</name>
      </input_file>
      <input_file id="fl-44">
         <path>C:\ti\ccsv8\tools\compiler\c5500_4.4.1\lib\</path>
         <kind>archive</kind>
         <file>rts55x.lib</file>
         <name>llmpy.obj</name>
      </input_file>
      <input_file id="fl-45">
         <path>C:\ti\ccsv8\tools\compiler\c5500_4.4.1\lib\</path>
         <kind>archive</kind>
         <file>rts55x.lib</file>
         <name>lowlev.obj</name>
      </input_file>
      <input_file id="fl-46">
         <path>C:\ti\ccsv8\tools\compiler\c5500_4.4.1\lib\</path>
         <kind>archive</kind>
         <file>rts55x.lib</file>
         <name>ltoa.obj</name>
      </input_file>
      <input_file id="fl-47">
         <path>C:\ti\ccsv8\tools\compiler\c5500_4.4.1\lib\</path>
         <kind>archive</kind>
         <file>rts55x.lib</file>
         <name>memccpy.obj</name>
      </input_file>
      <input_file id="fl-48">
         <path>C:\ti\ccsv8\tools\compiler\c5500_4.4.1\lib\</path>
         <kind>archive</kind>
         <file>rts55x.lib</file>
         <name>memcpy.obj</name>
      </input_file>
      <input_file id="fl-49">
         <path>C:\ti\ccsv8\tools\compiler\c5500_4.4.1\lib\</path>
         <kind>archive</kind>
         <file>rts55x.lib</file>
         <name>mpyd.obj</name>
      </input_file>
      <input_file id="fl-4a">
         <path>C:\ti\ccsv8\tools\compiler\c5500_4.4.1\lib\</path>
         <kind>archive</kind>
         <file>rts55x.lib</file>
         <name>negd.obj</name>
      </input_file>
      <input_file id="fl-4b">
         <path>C:\ti\ccsv8\tools\compiler\c5500_4.4.1\lib\</path>
         <kind>archive</kind>
         <file>rts55x.lib</file>
         <name>remli.obj</name>
      </input_file>
      <input_file id="fl-4c">
         <path>C:\ti\ccsv8\tools\compiler\c5500_4.4.1\lib\</path>
         <kind>archive</kind>
         <file>rts55x.lib</file>
         <name>subd.obj</name>
      </input_file>
      <input_file id="fl-4d">
         <path>C:\ti\ccsv8\tools\compiler\c5500_4.4.1\lib\</path>
         <kind>archive</kind>
         <file>rts55x.lib</file>
         <name>trgdrv.obj</name>
      </input_file>
      <input_file id="fl-4e">
         <path>C:\ti\ccsv8\tools\compiler\c5500_4.4.1\lib\</path>
         <kind>archive</kind>
         <file>rts55x.lib</file>
         <name>trgmsg.obj</name>
      </input_file>
      <input_file id="fl-4f">
         <path>C:\ti\ccsv8\tools\compiler\c5500_4.4.1\lib\</path>
         <kind>archive</kind>
         <file>rts55x.lib</file>
         <name>udiv.obj</name>
      </input_file>
      <input_file id="fl-50">
         <path>C:\ti\ccsv8\tools\compiler\c5500_4.4.1\lib\</path>
         <kind>archive</kind>
         <file>rts55x.lib</file>
         <name>_io_perm.obj</name>
      </input_file>
      <input_file id="fl-51">
         <path>C:\ti\ccsv8\tools\compiler\c5500_4.4.1\lib\</path>
         <kind>archive</kind>
         <file>rts55x.lib</file>
         <name>addd.obj</name>
      </input_file>
      <input_file id="fl-52">
         <path>C:\ti\ccsv8\tools\compiler\c5500_4.4.1\lib\</path>
         <kind>archive</kind>
         <file>rts55x.lib</file>
         <name>divli.obj</name>
      </input_file>
      <input_file id="fl-53">
         <path>C:\ti\ccsv8\tools\compiler\c5500_4.4.1\lib\</path>
         <kind>archive</kind>
         <file>rts55x.lib</file>
         <name>fflush.obj</name>
      </input_file>
      <input_file id="fl-54">
         <path>C:\ti\ccsv8\tools\compiler\c5500_4.4.1\lib\</path>
         <kind>archive</kind>
         <file>rts55x.lib</file>
         <name>frcmpyd.obj</name>
      </input_file>
      <input_file id="fl-55">
         <path>C:\ti\ccsv8\tools\compiler\c5500_4.4.1\lib\</path>
         <kind>archive</kind>
         <file>rts55x.lib</file>
         <name>fseek.obj</name>
      </input_file>
      <input_file id="fl-56">
         <path>C:\ti\ccsv8\tools\compiler\c5500_4.4.1\lib\</path>
         <kind>archive</kind>
         <file>rts55x.lib</file>
         <name>setvbuf.obj</name>
      </input_file>
      <input_file id="fl-57">
         <path>C:\ti\ccsv8\tools\compiler\c5500_4.4.1\lib\</path>
         <kind>archive</kind>
         <file>rts55x.lib</file>
         <name>fopen.obj</name>
      </input_file>
      <input_file id="fl-58">
         <path>C:\ti\ccsv8\tools\compiler\c5500_4.4.1\lib\</path>
         <kind>archive</kind>
         <file>rts55x.lib</file>
         <name>memory.obj</name>
      </input_file>
      <input_file id="fl-59">
         <path>C:\ti\ccsv8\tools\compiler\c5500_4.4.1\lib\</path>
         <kind>archive</kind>
         <file>rts55x.lib</file>
         <name>fclose.obj</name>
      </input_file>
      <input_file id="fl-5a">
         <path>C:\ti\ccsv8\tools\compiler\c5500_4.4.1\lib\</path>
         <kind>archive</kind>
         <file>rts55x.lib</file>
         <name>remove.obj</name>
      </input_file>
   </input_file_list>
   <object_component_list>
      <object_component id="oc-98">
         <name>.text</name>
         <load_address>0x20000</load_address>
         <run_address>0x20000</run_address>
         <size>0x15a4</size>
         <input_file_ref idref="fl-35"/>
      </object_component>
      <object_component id="oc-68">
         <name>.text</name>
         <load_address>0x215a4</load_address>
         <run_address>0x215a4</run_address>
         <size>0xc3c</size>
         <input_file_ref idref="fl-17"/>
      </object_component>
      <object_component id="oc-5c">
         <name>.text</name>
         <load_address>0x221e0</load_address>
         <run_address>0x221e0</run_address>
         <size>0xb18</size>
         <input_file_ref idref="fl-15"/>
      </object_component>
      <object_component id="oc-61">
         <name>.text</name>
         <load_address>0x22cf8</load_address>
         <run_address>0x22cf8</run_address>
         <size>0x9f3</size>
         <input_file_ref idref="fl-16"/>
      </object_component>
      <object_component id="oc-6e">
         <name>.text</name>
         <load_address>0x236eb</load_address>
         <run_address>0x236eb</run_address>
         <size>0x68d</size>
         <input_file_ref idref="fl-18"/>
      </object_component>
      <object_component id="oc-1f">
         <name>.text</name>
         <load_address>0x23d78</load_address>
         <run_address>0x23d78</run_address>
         <size>0x62b</size>
         <input_file_ref idref="fl-4"/>
      </object_component>
      <object_component id="oc-da">
         <name>.text</name>
         <load_address>0x243a3</load_address>
         <run_address>0x243a3</run_address>
         <size>0x543</size>
         <input_file_ref idref="fl-45"/>
      </object_component>
      <object_component id="oc-fc">
         <name>.text</name>
         <load_address>0x248e6</load_address>
         <run_address>0x248e6</run_address>
         <size>0x528</size>
         <input_file_ref idref="fl-4d"/>
      </object_component>
      <object_component id="oc-24">
         <name>.text</name>
         <load_address>0x24e0e</load_address>
         <run_address>0x24e0e</run_address>
         <size>0x521</size>
         <input_file_ref idref="fl-5"/>
      </object_component>
      <object_component id="oc-12d">
         <name>.text</name>
         <load_address>0x2532f</load_address>
         <run_address>0x2532f</run_address>
         <size>0x4b5</size>
         <input_file_ref idref="fl-58"/>
      </object_component>
      <object_component id="oc-b4">
         <name>.text</name>
         <load_address>0x257e4</load_address>
         <run_address>0x257e4</run_address>
         <size>0x3cc</size>
         <input_file_ref idref="fl-3c"/>
      </object_component>
      <object_component id="oc-18">
         <name>.text</name>
         <load_address>0x25bb0</load_address>
         <run_address>0x25bb0</run_address>
         <size>0x2fb</size>
         <input_file_ref idref="fl-3"/>
      </object_component>
      <object_component id="oc-30">
         <name>.text</name>
         <load_address>0x25eab</load_address>
         <run_address>0x25eab</run_address>
         <size>0x2ad</size>
         <input_file_ref idref="fl-d"/>
      </object_component>
      <object_component id="oc-12">
         <name>.text</name>
         <load_address>0x26158</load_address>
         <run_address>0x26158</run_address>
         <size>0x2ab</size>
         <input_file_ref idref="fl-2"/>
      </object_component>
      <object_component id="oc-127">
         <name>.text</name>
         <load_address>0x26403</load_address>
         <run_address>0x26403</run_address>
         <size>0x27f</size>
         <input_file_ref idref="fl-57"/>
      </object_component>
      <object_component id="oc-2a">
         <name>.text</name>
         <load_address>0x26682</load_address>
         <run_address>0x26682</run_address>
         <size>0x25e</size>
         <input_file_ref idref="fl-6"/>
      </object_component>
      <object_component id="oc-d6">
         <name>.text</name>
         <load_address>0x268e0</load_address>
         <run_address>0x268e0</run_address>
         <size>0x25e</size>
         <input_file_ref idref="fl-44"/>
      </object_component>
      <object_component id="oc-10f">
         <name>.text</name>
         <load_address>0x26b3e</load_address>
         <run_address>0x26b3e</run_address>
         <size>0x25a</size>
         <input_file_ref idref="fl-51"/>
      </object_component>
      <object_component id="oc-aa">
         <name>.text</name>
         <load_address>0x26d98</load_address>
         <run_address>0x26d98</run_address>
         <size>0x1ea</size>
         <input_file_ref idref="fl-39"/>
      </object_component>
      <object_component id="oc-4a">
         <name>.text</name>
         <load_address>0x26f82</load_address>
         <run_address>0x26f82</run_address>
         <size>0x1e7</size>
         <input_file_ref idref="fl-12"/>
      </object_component>
      <object_component id="oc-45">
         <name>.text</name>
         <load_address>0x27169</load_address>
         <run_address>0x27169</run_address>
         <size>0x192</size>
         <input_file_ref idref="fl-11"/>
      </object_component>
      <object_component id="oc-4f">
         <name>.text</name>
         <load_address>0x272fb</load_address>
         <run_address>0x272fb</run_address>
         <size>0x17a</size>
         <input_file_ref idref="fl-13"/>
      </object_component>
      <object_component id="oc-c9">
         <name>.text</name>
         <load_address>0x27475</load_address>
         <run_address>0x27475</run_address>
         <size>0x163</size>
         <input_file_ref idref="fl-41"/>
      </object_component>
      <object_component id="oc-ec">
         <name>.text</name>
         <load_address>0x275d8</load_address>
         <run_address>0x275d8</run_address>
         <size>0x14c</size>
         <input_file_ref idref="fl-49"/>
      </object_component>
      <object_component id="oc-3f">
         <name>.text</name>
         <load_address>0x27724</load_address>
         <run_address>0x27724</run_address>
         <size>0x107</size>
         <input_file_ref idref="fl-10"/>
      </object_component>
      <object_component id="oc-123">
         <name>.text</name>
         <load_address>0x2782b</load_address>
         <run_address>0x2782b</run_address>
         <size>0xe6</size>
         <input_file_ref idref="fl-56"/>
      </object_component>
      <object_component id="oc-10b">
         <name>.text</name>
         <load_address>0x27911</load_address>
         <run_address>0x27911</run_address>
         <size>0xdd</size>
         <input_file_ref idref="fl-50"/>
      </object_component>
      <object_component id="oc-117">
         <name>.text</name>
         <load_address>0x279ee</load_address>
         <run_address>0x279ee</run_address>
         <size>0xc2</size>
         <input_file_ref idref="fl-53"/>
      </object_component>
      <object_component id="oc-104">
         <name>.text:CIO_breakpoint</name>
         <load_address>0x27ab0</load_address>
         <run_address>0x27ab0</run_address>
         <size>0xba</size>
         <input_file_ref idref="fl-4e"/>
      </object_component>
      <object_component id="oc-c5">
         <name>.text</name>
         <load_address>0x27b6a</load_address>
         <run_address>0x27b6a</run_address>
         <size>0xa6</size>
         <input_file_ref idref="fl-40"/>
      </object_component>
      <object_component id="oc-77">
         <name>.text</name>
         <load_address>0x27c10</load_address>
         <run_address>0x27c10</run_address>
         <size>0xa1</size>
         <input_file_ref idref="fl-2e"/>
      </object_component>
      <object_component id="oc-3a">
         <name>.text</name>
         <load_address>0x27cb1</load_address>
         <run_address>0x27cb1</run_address>
         <size>0x8e</size>
         <input_file_ref idref="fl-f"/>
      </object_component>
      <object_component id="oc-56">
         <name>.text</name>
         <load_address>0x27d3f</load_address>
         <run_address>0x27d3f</run_address>
         <size>0x87</size>
         <input_file_ref idref="fl-14"/>
      </object_component>
      <object_component id="oc-e0">
         <name>.text</name>
         <load_address>0x27dc6</load_address>
         <run_address>0x27dc6</run_address>
         <size>0x7d</size>
         <input_file_ref idref="fl-46"/>
      </object_component>
      <object_component id="oc-134">
         <name>.text</name>
         <load_address>0x27e43</load_address>
         <run_address>0x27e43</run_address>
         <size>0x7b</size>
         <input_file_ref idref="fl-59"/>
      </object_component>
      <object_component id="oc-11b">
         <name>.text</name>
         <load_address>0x27ebe</load_address>
         <run_address>0x27ebe</run_address>
         <size>0x76</size>
         <input_file_ref idref="fl-54"/>
      </object_component>
      <object_component id="oc-ce">
         <name>.text</name>
         <load_address>0x27f34</load_address>
         <run_address>0x27f34</run_address>
         <size>0x73</size>
         <input_file_ref idref="fl-42"/>
      </object_component>
      <object_component id="oc-8a">
         <name>.text</name>
         <load_address>0x27fa7</load_address>
         <run_address>0x27fa7</run_address>
         <size>0x72</size>
         <input_file_ref idref="fl-32"/>
      </object_component>
      <object_component id="oc-bc">
         <name>.text</name>
         <load_address>0x28019</load_address>
         <run_address>0x28019</run_address>
         <size>0x6f</size>
         <input_file_ref idref="fl-3e"/>
      </object_component>
      <object_component id="oc-101">
         <name>.text</name>
         <load_address>0x28088</load_address>
         <run_address>0x28088</run_address>
         <size>0x6d</size>
         <input_file_ref idref="fl-4e"/>
      </object_component>
      <object_component id="oc-11f">
         <name>.text</name>
         <load_address>0x280f5</load_address>
         <run_address>0x280f5</run_address>
         <size>0x6b</size>
         <input_file_ref idref="fl-55"/>
      </object_component>
      <object_component id="oc-c0">
         <name>.text</name>
         <load_address>0x28160</load_address>
         <run_address>0x28160</run_address>
         <size>0x67</size>
         <input_file_ref idref="fl-3f"/>
      </object_component>
      <object_component id="oc-a2">
         <name>.text</name>
         <load_address>0x281c7</load_address>
         <run_address>0x281c7</run_address>
         <size>0x5c</size>
         <input_file_ref idref="fl-37"/>
      </object_component>
      <object_component id="oc-35">
         <name>.text</name>
         <load_address>0x28223</load_address>
         <run_address>0x28223</run_address>
         <size>0x54</size>
         <input_file_ref idref="fl-e"/>
      </object_component>
      <object_component id="oc-86">
         <name>.text</name>
         <load_address>0x28277</load_address>
         <run_address>0x28277</run_address>
         <size>0x50</size>
         <input_file_ref idref="fl-31"/>
      </object_component>
      <object_component id="oc-a6">
         <name>.text</name>
         <load_address>0x282c7</load_address>
         <run_address>0x282c7</run_address>
         <size>0x4d</size>
         <input_file_ref idref="fl-38"/>
      </object_component>
      <object_component id="oc-9e">
         <name>.text</name>
         <load_address>0x28314</load_address>
         <run_address>0x28314</run_address>
         <size>0x4b</size>
         <input_file_ref idref="fl-36"/>
      </object_component>
      <object_component id="oc-f4">
         <name>.text</name>
         <load_address>0x2835f</load_address>
         <run_address>0x2835f</run_address>
         <size>0x4b</size>
         <input_file_ref idref="fl-4b"/>
      </object_component>
      <object_component id="oc-113">
         <name>.text</name>
         <load_address>0x283aa</load_address>
         <run_address>0x283aa</run_address>
         <size>0x48</size>
         <input_file_ref idref="fl-52"/>
      </object_component>
      <object_component id="oc-e8">
         <name>.text</name>
         <load_address>0x283f2</load_address>
         <run_address>0x283f2</run_address>
         <size>0x3f</size>
         <input_file_ref idref="fl-48"/>
      </object_component>
      <object_component id="oc-7b">
         <name>.text</name>
         <load_address>0x28431</load_address>
         <run_address>0x28431</run_address>
         <size>0x3e</size>
         <input_file_ref idref="fl-2f"/>
      </object_component>
      <object_component id="oc-10">
         <name>.text</name>
         <load_address>0x2846f</load_address>
         <run_address>0x2846f</run_address>
         <size>0x34</size>
         <input_file_ref idref="fl-2d"/>
      </object_component>
      <object_component id="oc-b8">
         <name>.text</name>
         <load_address>0x284a3</load_address>
         <run_address>0x284a3</run_address>
         <size>0x2a</size>
         <input_file_ref idref="fl-3d"/>
      </object_component>
      <object_component id="oc-107">
         <name>.text</name>
         <load_address>0x284cd</load_address>
         <run_address>0x284cd</run_address>
         <size>0x2a</size>
         <input_file_ref idref="fl-4f"/>
      </object_component>
      <object_component id="oc-e4">
         <name>.text</name>
         <load_address>0x284f7</load_address>
         <run_address>0x284f7</run_address>
         <size>0x23</size>
         <input_file_ref idref="fl-47"/>
      </object_component>
      <object_component id="oc-d2">
         <name>.text</name>
         <load_address>0x2851a</load_address>
         <run_address>0x2851a</run_address>
         <size>0x1a</size>
         <input_file_ref idref="fl-43"/>
      </object_component>
      <object_component id="oc-f8">
         <name>.text</name>
         <load_address>0x28534</load_address>
         <run_address>0x28534</run_address>
         <size>0x14</size>
         <input_file_ref idref="fl-4c"/>
      </object_component>
      <object_component id="oc-82">
         <name>.text</name>
         <load_address>0x28548</load_address>
         <run_address>0x28548</run_address>
         <size>0x13</size>
         <input_file_ref idref="fl-30"/>
      </object_component>
      <object_component id="oc-92">
         <name>.text</name>
         <load_address>0x2855b</load_address>
         <run_address>0x2855b</run_address>
         <size>0x12</size>
         <input_file_ref idref="fl-34"/>
      </object_component>
      <object_component id="oc-f0">
         <name>.text</name>
         <load_address>0x2856d</load_address>
         <run_address>0x2856d</run_address>
         <size>0x10</size>
         <input_file_ref idref="fl-4a"/>
      </object_component>
      <object_component id="oc-138">
         <name>.text</name>
         <load_address>0x2857d</load_address>
         <run_address>0x2857d</run_address>
         <size>0xa</size>
         <input_file_ref idref="fl-5a"/>
      </object_component>
      <object_component id="oc-7f">
         <name>.text:CIO_breakpoint</name>
         <load_address>0x28587</load_address>
         <run_address>0x28587</run_address>
         <size>0x7</size>
         <input_file_ref idref="fl-2f"/>
      </object_component>
      <object_component id="oc-8e">
         <name>.text</name>
         <load_address>0x2858e</load_address>
         <run_address>0x2858e</run_address>
         <size>0x2</size>
         <input_file_ref idref="fl-33"/>
      </object_component>
      <object_component id="oc-73">
         <name>.stack</name>
         <uninitialized>true</uninitialized>
         <run_address>0xc0</run_address>
         <size>0x0</size>
         <input_file_ref idref="fl-2d"/>
      </object_component>
      <object_component id="oc-158">
         <name>.stack</name>
         <uninitialized>true</uninitialized>
         <run_address>0xc0</run_address>
         <size>0x0</size>
      </object_component>
      <object_component id="oc-13c">
         <name>.sysstack</name>
         <uninitialized>true</uninitialized>
         <run_address>0x20c0</run_address>
         <size>0x0</size>
         <input_file_ref idref="fl-2d"/>
      </object_component>
      <object_component id="oc-15a">
         <name>.sysstack</name>
         <uninitialized>true</uninitialized>
         <run_address>0x20c0</run_address>
         <size>0x0</size>
      </object_component>
      <object_component id="oc-b0">
         <name>.bss</name>
         <uninitialized>true</uninitialized>
         <run_address>0x50c0</run_address>
         <size>0x232</size>
         <input_file_ref idref="fl-3b"/>
      </object_component>
      <object_component id="oc-fd">
         <name>.bss</name>
         <uninitialized>true</uninitialized>
         <run_address>0x52f2</run_address>
         <size>0x1a0</size>
         <input_file_ref idref="fl-4d"/>
      </object_component>
      <object_component id="oc-19">
         <name>.bss</name>
         <uninitialized>true</uninitialized>
         <run_address>0x5492</run_address>
         <size>0x100</size>
         <input_file_ref idref="fl-3"/>
      </object_component>
      <object_component id="oc-128">
         <name>.bss</name>
         <uninitialized>true</uninitialized>
         <run_address>0x5592</run_address>
         <size>0x2</size>
         <input_file_ref idref="fl-57"/>
      </object_component>
      <object_component id="oc-db">
         <name>.bss</name>
         <uninitialized>true</uninitialized>
         <run_address>0x5594</run_address>
         <size>0xe2</size>
         <input_file_ref idref="fl-45"/>
      </object_component>
      <object_component id="oc-62">
         <name>.bss</name>
         <uninitialized>true</uninitialized>
         <run_address>0x5676</run_address>
         <size>0x54</size>
         <input_file_ref idref="fl-16"/>
      </object_component>
      <object_component id="oc-69">
         <name>.bss</name>
         <uninitialized>true</uninitialized>
         <run_address>0x56cc</run_address>
         <size>0x24</size>
         <input_file_ref idref="fl-17"/>
      </object_component>
      <object_component id="oc-50">
         <name>.bss</name>
         <uninitialized>true</uninitialized>
         <run_address>0x56f0</run_address>
         <size>0x10</size>
         <input_file_ref idref="fl-13"/>
      </object_component>
      <object_component id="oc-12e">
         <name>.bss</name>
         <uninitialized>true</uninitialized>
         <run_address>0x5700</run_address>
         <size>0xc</size>
         <input_file_ref idref="fl-58"/>
      </object_component>
      <object_component id="oc-57">
         <name>.bss</name>
         <uninitialized>true</uninitialized>
         <run_address>0x570c</run_address>
         <size>0x8</size>
         <input_file_ref idref="fl-14"/>
      </object_component>
      <object_component id="oc-93">
         <name>.bss</name>
         <uninitialized>true</uninitialized>
         <run_address>0x5714</run_address>
         <size>0x8</size>
         <input_file_ref idref="fl-34"/>
      </object_component>
      <object_component id="oc-7c">
         <name>.bss</name>
         <uninitialized>true</uninitialized>
         <run_address>0x571c</run_address>
         <size>0x8</size>
         <input_file_ref idref="fl-2f"/>
      </object_component>
      <object_component id="oc-25">
         <name>.bss</name>
         <uninitialized>true</uninitialized>
         <run_address>0x5724</run_address>
         <size>0x6</size>
         <input_file_ref idref="fl-5"/>
      </object_component>
      <object_component id="oc-2b">
         <name>.bss</name>
         <uninitialized>true</uninitialized>
         <run_address>0x572a</run_address>
         <size>0x6</size>
         <input_file_ref idref="fl-6"/>
      </object_component>
      <object_component id="oc-40">
         <name>.bss</name>
         <uninitialized>true</uninitialized>
         <run_address>0x5730</run_address>
         <size>0x4</size>
         <input_file_ref idref="fl-10"/>
      </object_component>
      <object_component id="oc-1b">
         <name>.const:.string</name>
         <load_address>0x5734</load_address>
         <run_address>0x5734</run_address>
         <size>0x39a</size>
         <input_file_ref idref="fl-3"/>
      </object_component>
      <object_component id="oc-13f">
         <name>.const:__ctypes_</name>
         <load_address>0x5ace</load_address>
         <run_address>0x5ace</run_address>
         <size>0x202</size>
         <input_file_ref idref="fl-3a"/>
      </object_component>
      <object_component id="oc-14">
         <name>.const:.string</name>
         <load_address>0x5cd0</load_address>
         <run_address>0x5cd0</run_address>
         <size>0x62</size>
         <input_file_ref idref="fl-2"/>
      </object_component>
      <object_component id="oc-9b">
         <name>.const:.string</name>
         <load_address>0x5d34</load_address>
         <run_address>0x5d34</run_address>
         <size>0x48</size>
         <input_file_ref idref="fl-35"/>
      </object_component>
      <object_component id="oc-9a">
         <name>.const</name>
         <load_address>0x5d7c</load_address>
         <run_address>0x5d7c</run_address>
         <size>0x18</size>
         <input_file_ref idref="fl-35"/>
      </object_component>
      <object_component id="oc-140">
         <name>.const:_initial_approx$1</name>
         <load_address>0x5d94</load_address>
         <run_address>0x5d94</run_address>
         <size>0x10</size>
         <input_file_ref idref="fl-3c"/>
      </object_component>
      <object_component id="oc-13d">
         <name>.const:_$P$T0$1</name>
         <load_address>0x5da4</load_address>
         <run_address>0x5da4</run_address>
         <size>0x8</size>
         <input_file_ref idref="fl-3"/>
      </object_component>
      <object_component id="oc-cb">
         <name>.const:.string</name>
         <load_address>0x5dac</load_address>
         <run_address>0x5dac</run_address>
         <size>0x4</size>
         <input_file_ref idref="fl-41"/>
      </object_component>
      <object_component id="oc-c2">
         <name>.const</name>
         <load_address>0x5db0</load_address>
         <run_address>0x5db0</run_address>
         <size>0x4</size>
         <input_file_ref idref="fl-3f"/>
      </object_component>
      <object_component id="oc-131">
         <name>.sysmem</name>
         <uninitialized>true</uninitialized>
         <run_address>0x30c0</run_address>
         <size>0x0</size>
         <input_file_ref idref="fl-58"/>
      </object_component>
      <object_component id="oc-159">
         <name>.sysmem</name>
         <uninitialized>true</uninitialized>
         <run_address>0x30c0</run_address>
         <size>0x0</size>
      </object_component>
      <object_component id="oc-13e">
         <name>.switch:_SYS_setEBSR</name>
         <load_address>0x40350</load_address>
         <run_address>0x40350</run_address>
         <size>0x24</size>
         <input_file_ref idref="fl-6"/>
      </object_component>
      <object_component id="oc-dd">
         <name>.cinit</name>
         <load_address>0x40240</load_address>
         <run_address>0x40240</run_address>
         <size>0x5a</size>
         <input_file_ref idref="fl-45"/>
      </object_component>
      <object_component id="oc-b2">
         <name>.cinit</name>
         <load_address>0x4029a</load_address>
         <run_address>0x4029a</run_address>
         <size>0x54</size>
         <input_file_ref idref="fl-3b"/>
      </object_component>
      <object_component id="oc-52">
         <name>.cinit</name>
         <load_address>0x402ee</load_address>
         <run_address>0x402ee</run_address>
         <size>0x18</size>
         <input_file_ref idref="fl-13"/>
      </object_component>
      <object_component id="oc-95">
         <name>.cinit</name>
         <load_address>0x40306</load_address>
         <run_address>0x40306</run_address>
         <size>0x14</size>
         <input_file_ref idref="fl-34"/>
      </object_component>
      <object_component id="oc-7e">
         <name>.cinit</name>
         <load_address>0x4031a</load_address>
         <run_address>0x4031a</run_address>
         <size>0x14</size>
         <input_file_ref idref="fl-2f"/>
      </object_component>
      <object_component id="oc-64">
         <name>.cinit</name>
         <load_address>0x4032e</load_address>
         <run_address>0x4032e</run_address>
         <size>0x10</size>
         <input_file_ref idref="fl-16"/>
      </object_component>
      <object_component id="oc-12a">
         <name>.cinit</name>
         <load_address>0x4033e</load_address>
         <run_address>0x4033e</run_address>
         <size>0x8</size>
         <input_file_ref idref="fl-57"/>
      </object_component>
      <object_component id="oc-130">
         <name>.cinit</name>
         <load_address>0x40346</load_address>
         <run_address>0x40346</run_address>
         <size>0x8</size>
         <input_file_ref idref="fl-58"/>
      </object_component>
      <object_component id="oc-103">
         <name>.cio</name>
         <uninitialized>true</uninitialized>
         <run_address>0x40000</run_address>
         <size>0x240</size>
         <input_file_ref idref="fl-4e"/>
      </object_component>
      <object_component id="oc-11">
         <name>vectors</name>
         <load_address>0x4fe00</load_address>
         <run_address>0x4fe00</run_address>
         <size>0x100</size>
         <input_file_ref idref="fl-33"/>
      </object_component>
      <object_component id="oc-13">
         <name>.debug_info</name>
         <load_address>0x0</load_address>
         <run_address>0x0</run_address>
         <size>0x1194</size>
         <input_file_ref idref="fl-2"/>
      </object_component>
      <object_component id="oc-1a">
         <name>.debug_info</name>
         <load_address>0x1194</load_address>
         <run_address>0x1194</run_address>
         <size>0x1e6c</size>
         <input_file_ref idref="fl-3"/>
      </object_component>
      <object_component id="oc-20">
         <name>.debug_info</name>
         <load_address>0x3000</load_address>
         <run_address>0x3000</run_address>
         <size>0x1536</size>
         <input_file_ref idref="fl-4"/>
      </object_component>
      <object_component id="oc-26">
         <name>.debug_info</name>
         <load_address>0x4536</load_address>
         <run_address>0x4536</run_address>
         <size>0x1d3d</size>
         <input_file_ref idref="fl-5"/>
      </object_component>
      <object_component id="oc-2c">
         <name>.debug_info</name>
         <load_address>0x6273</load_address>
         <run_address>0x6273</run_address>
         <size>0xf25</size>
         <input_file_ref idref="fl-6"/>
      </object_component>
      <object_component id="oc-31">
         <name>.debug_info</name>
         <load_address>0x7198</load_address>
         <run_address>0x7198</run_address>
         <size>0x62b5</size>
         <input_file_ref idref="fl-d"/>
      </object_component>
      <object_component id="oc-36">
         <name>.debug_info</name>
         <load_address>0xd44d</load_address>
         <run_address>0xd44d</run_address>
         <size>0xc88</size>
         <input_file_ref idref="fl-e"/>
      </object_component>
      <object_component id="oc-3b">
         <name>.debug_info</name>
         <load_address>0xe0d5</load_address>
         <run_address>0xe0d5</run_address>
         <size>0xa3d</size>
         <input_file_ref idref="fl-f"/>
      </object_component>
      <object_component id="oc-41">
         <name>.debug_info</name>
         <load_address>0xeb12</load_address>
         <run_address>0xeb12</run_address>
         <size>0x1522</size>
         <input_file_ref idref="fl-10"/>
      </object_component>
      <object_component id="oc-46">
         <name>.debug_info</name>
         <load_address>0x10034</load_address>
         <run_address>0x10034</run_address>
         <size>0xd76</size>
         <input_file_ref idref="fl-11"/>
      </object_component>
      <object_component id="oc-4b">
         <name>.debug_info</name>
         <load_address>0x10daa</load_address>
         <run_address>0x10daa</run_address>
         <size>0x107c</size>
         <input_file_ref idref="fl-12"/>
      </object_component>
      <object_component id="oc-51">
         <name>.debug_info</name>
         <load_address>0x11e26</load_address>
         <run_address>0x11e26</run_address>
         <size>0x1489</size>
         <input_file_ref idref="fl-13"/>
      </object_component>
      <object_component id="oc-58">
         <name>.debug_info</name>
         <load_address>0x132af</load_address>
         <run_address>0x132af</run_address>
         <size>0x14c3</size>
         <input_file_ref idref="fl-14"/>
      </object_component>
      <object_component id="oc-5d">
         <name>.debug_info</name>
         <load_address>0x14772</load_address>
         <run_address>0x14772</run_address>
         <size>0x6ebb</size>
         <input_file_ref idref="fl-15"/>
      </object_component>
      <object_component id="oc-63">
         <name>.debug_info</name>
         <load_address>0x1b62d</load_address>
         <run_address>0x1b62d</run_address>
         <size>0x710f</size>
         <input_file_ref idref="fl-16"/>
      </object_component>
      <object_component id="oc-6a">
         <name>.debug_info</name>
         <load_address>0x2273c</load_address>
         <run_address>0x2273c</run_address>
         <size>0x7424</size>
         <input_file_ref idref="fl-17"/>
      </object_component>
      <object_component id="oc-6f">
         <name>.debug_info</name>
         <load_address>0x29b60</load_address>
         <run_address>0x29b60</run_address>
         <size>0x6ced</size>
         <input_file_ref idref="fl-18"/>
      </object_component>
      <object_component id="oc-74">
         <name>.debug_info</name>
         <load_address>0x3084d</load_address>
         <run_address>0x3084d</run_address>
         <size>0xe8</size>
         <input_file_ref idref="fl-2d"/>
      </object_component>
      <object_component id="oc-78">
         <name>.debug_info</name>
         <load_address>0x30935</load_address>
         <run_address>0x30935</run_address>
         <size>0x534</size>
         <input_file_ref idref="fl-2e"/>
      </object_component>
      <object_component id="oc-7d">
         <name>.debug_info</name>
         <load_address>0x30e69</load_address>
         <run_address>0x30e69</run_address>
         <size>0x5fb</size>
         <input_file_ref idref="fl-2f"/>
      </object_component>
      <object_component id="oc-83">
         <name>.debug_info</name>
         <load_address>0x31464</load_address>
         <run_address>0x31464</run_address>
         <size>0xbd</size>
         <input_file_ref idref="fl-30"/>
      </object_component>
      <object_component id="oc-87">
         <name>.debug_info</name>
         <load_address>0x31521</load_address>
         <run_address>0x31521</run_address>
         <size>0x76c</size>
         <input_file_ref idref="fl-31"/>
      </object_component>
      <object_component id="oc-8b">
         <name>.debug_info</name>
         <load_address>0x31c8d</load_address>
         <run_address>0x31c8d</run_address>
         <size>0x534</size>
         <input_file_ref idref="fl-32"/>
      </object_component>
      <object_component id="oc-8f">
         <name>.debug_info</name>
         <load_address>0x321c1</load_address>
         <run_address>0x321c1</run_address>
         <size>0xbc</size>
         <input_file_ref idref="fl-33"/>
      </object_component>
      <object_component id="oc-94">
         <name>.debug_info</name>
         <load_address>0x3227d</load_address>
         <run_address>0x3227d</run_address>
         <size>0x5bc</size>
         <input_file_ref idref="fl-34"/>
      </object_component>
      <object_component id="oc-99">
         <name>.debug_info</name>
         <load_address>0x32839</load_address>
         <run_address>0x32839</run_address>
         <size>0x27bd</size>
         <input_file_ref idref="fl-35"/>
      </object_component>
      <object_component id="oc-9f">
         <name>.debug_info</name>
         <load_address>0x34ff6</load_address>
         <run_address>0x34ff6</run_address>
         <size>0x586</size>
         <input_file_ref idref="fl-36"/>
      </object_component>
      <object_component id="oc-a3">
         <name>.debug_info</name>
         <load_address>0x3557c</load_address>
         <run_address>0x3557c</run_address>
         <size>0x5a4</size>
         <input_file_ref idref="fl-37"/>
      </object_component>
      <object_component id="oc-a7">
         <name>.debug_info</name>
         <load_address>0x35b20</load_address>
         <run_address>0x35b20</run_address>
         <size>0xcd</size>
         <input_file_ref idref="fl-38"/>
      </object_component>
      <object_component id="oc-ab">
         <name>.debug_info</name>
         <load_address>0x35bed</load_address>
         <run_address>0x35bed</run_address>
         <size>0x81f</size>
         <input_file_ref idref="fl-39"/>
      </object_component>
      <object_component id="oc-ae">
         <name>.debug_info</name>
         <load_address>0x3640c</load_address>
         <run_address>0x3640c</run_address>
         <size>0x498</size>
         <input_file_ref idref="fl-3a"/>
      </object_component>
      <object_component id="oc-b1">
         <name>.debug_info</name>
         <load_address>0x368a4</load_address>
         <run_address>0x368a4</run_address>
         <size>0x57e</size>
         <input_file_ref idref="fl-3b"/>
      </object_component>
      <object_component id="oc-b5">
         <name>.debug_info</name>
         <load_address>0x36e22</load_address>
         <run_address>0x36e22</run_address>
         <size>0x7e8</size>
         <input_file_ref idref="fl-3c"/>
      </object_component>
      <object_component id="oc-b9">
         <name>.debug_info</name>
         <load_address>0x3760a</load_address>
         <run_address>0x3760a</run_address>
         <size>0x4cf</size>
         <input_file_ref idref="fl-3d"/>
      </object_component>
      <object_component id="oc-bd">
         <name>.debug_info</name>
         <load_address>0x37ad9</load_address>
         <run_address>0x37ad9</run_address>
         <size>0x534</size>
         <input_file_ref idref="fl-3e"/>
      </object_component>
      <object_component id="oc-c1">
         <name>.debug_info</name>
         <load_address>0x3800d</load_address>
         <run_address>0x3800d</run_address>
         <size>0x549</size>
         <input_file_ref idref="fl-3f"/>
      </object_component>
      <object_component id="oc-c6">
         <name>.debug_info</name>
         <load_address>0x38556</load_address>
         <run_address>0x38556</run_address>
         <size>0x6aa</size>
         <input_file_ref idref="fl-40"/>
      </object_component>
      <object_component id="oc-ca">
         <name>.debug_info</name>
         <load_address>0x38c00</load_address>
         <run_address>0x38c00</run_address>
         <size>0x942</size>
         <input_file_ref idref="fl-41"/>
      </object_component>
      <object_component id="oc-cf">
         <name>.debug_info</name>
         <load_address>0x39542</load_address>
         <run_address>0x39542</run_address>
         <size>0x53e</size>
         <input_file_ref idref="fl-42"/>
      </object_component>
      <object_component id="oc-d3">
         <name>.debug_info</name>
         <load_address>0x39a80</load_address>
         <run_address>0x39a80</run_address>
         <size>0x680</size>
         <input_file_ref idref="fl-43"/>
      </object_component>
      <object_component id="oc-d7">
         <name>.debug_info</name>
         <load_address>0x3a100</load_address>
         <run_address>0x3a100</run_address>
         <size>0x7d4</size>
         <input_file_ref idref="fl-44"/>
      </object_component>
      <object_component id="oc-dc">
         <name>.debug_info</name>
         <load_address>0x3a8d4</load_address>
         <run_address>0x3a8d4</run_address>
         <size>0x144b</size>
         <input_file_ref idref="fl-45"/>
      </object_component>
      <object_component id="oc-e1">
         <name>.debug_info</name>
         <load_address>0x3bd1f</load_address>
         <run_address>0x3bd1f</run_address>
         <size>0x5ad</size>
         <input_file_ref idref="fl-46"/>
      </object_component>
      <object_component id="oc-e5">
         <name>.debug_info</name>
         <load_address>0x3c2cc</load_address>
         <run_address>0x3c2cc</run_address>
         <size>0x574</size>
         <input_file_ref idref="fl-47"/>
      </object_component>
      <object_component id="oc-e9">
         <name>.debug_info</name>
         <load_address>0x3c840</load_address>
         <run_address>0x3c840</run_address>
         <size>0xd1</size>
         <input_file_ref idref="fl-48"/>
      </object_component>
      <object_component id="oc-ed">
         <name>.debug_info</name>
         <load_address>0x3c911</load_address>
         <run_address>0x3c911</run_address>
         <size>0x55b</size>
         <input_file_ref idref="fl-49"/>
      </object_component>
      <object_component id="oc-f1">
         <name>.debug_info</name>
         <load_address>0x3ce6c</load_address>
         <run_address>0x3ce6c</run_address>
         <size>0x4b7</size>
         <input_file_ref idref="fl-4a"/>
      </object_component>
      <object_component id="oc-f5">
         <name>.debug_info</name>
         <load_address>0x3d323</load_address>
         <run_address>0x3d323</run_address>
         <size>0x4f2</size>
         <input_file_ref idref="fl-4b"/>
      </object_component>
      <object_component id="oc-f9">
         <name>.debug_info</name>
         <load_address>0x3d815</load_address>
         <run_address>0x3d815</run_address>
         <size>0x4de</size>
         <input_file_ref idref="fl-4c"/>
      </object_component>
      <object_component id="oc-fe">
         <name>.debug_info</name>
         <load_address>0x3dcf3</load_address>
         <run_address>0x3dcf3</run_address>
         <size>0xed4</size>
         <input_file_ref idref="fl-4d"/>
      </object_component>
      <object_component id="oc-102">
         <name>.debug_info</name>
         <load_address>0x3ebc7</load_address>
         <run_address>0x3ebc7</run_address>
         <size>0x744</size>
         <input_file_ref idref="fl-4e"/>
      </object_component>
      <object_component id="oc-108">
         <name>.debug_info</name>
         <load_address>0x3f30b</load_address>
         <run_address>0x3f30b</run_address>
         <size>0xef</size>
         <input_file_ref idref="fl-4f"/>
      </object_component>
      <object_component id="oc-10c">
         <name>.debug_info</name>
         <load_address>0x3f3fa</load_address>
         <run_address>0x3f3fa</run_address>
         <size>0x662</size>
         <input_file_ref idref="fl-50"/>
      </object_component>
      <object_component id="oc-110">
         <name>.debug_info</name>
         <load_address>0x3fa5c</load_address>
         <run_address>0x3fa5c</run_address>
         <size>0x5ab</size>
         <input_file_ref idref="fl-51"/>
      </object_component>
      <object_component id="oc-114">
         <name>.debug_info</name>
         <load_address>0x40007</load_address>
         <run_address>0x40007</run_address>
         <size>0x4f2</size>
         <input_file_ref idref="fl-52"/>
      </object_component>
      <object_component id="oc-118">
         <name>.debug_info</name>
         <load_address>0x404f9</load_address>
         <run_address>0x404f9</run_address>
         <size>0x706</size>
         <input_file_ref idref="fl-53"/>
      </object_component>
      <object_component id="oc-11c">
         <name>.debug_info</name>
         <load_address>0x40bff</load_address>
         <run_address>0x40bff</run_address>
         <size>0x4d2</size>
         <input_file_ref idref="fl-54"/>
      </object_component>
      <object_component id="oc-120">
         <name>.debug_info</name>
         <load_address>0x410d1</load_address>
         <run_address>0x410d1</run_address>
         <size>0x5f7</size>
         <input_file_ref idref="fl-55"/>
      </object_component>
      <object_component id="oc-124">
         <name>.debug_info</name>
         <load_address>0x416c8</load_address>
         <run_address>0x416c8</run_address>
         <size>0x64a</size>
         <input_file_ref idref="fl-56"/>
      </object_component>
      <object_component id="oc-129">
         <name>.debug_info</name>
         <load_address>0x41d12</load_address>
         <run_address>0x41d12</run_address>
         <size>0xa1c</size>
         <input_file_ref idref="fl-57"/>
      </object_component>
      <object_component id="oc-12f">
         <name>.debug_info</name>
         <load_address>0x4272e</load_address>
         <run_address>0x4272e</run_address>
         <size>0xb97</size>
         <input_file_ref idref="fl-58"/>
      </object_component>
      <object_component id="oc-135">
         <name>.debug_info</name>
         <load_address>0x432c5</load_address>
         <run_address>0x432c5</run_address>
         <size>0x64f</size>
         <input_file_ref idref="fl-59"/>
      </object_component>
      <object_component id="oc-139">
         <name>.debug_info</name>
         <load_address>0x43914</load_address>
         <run_address>0x43914</run_address>
         <size>0x510</size>
         <input_file_ref idref="fl-5a"/>
      </object_component>
      <object_component id="oc-161">
         <name>.debug_info</name>
         <load_address>0x43e24</load_address>
         <run_address>0x43e24</run_address>
         <size>0x6e</size>
      </object_component>
      <object_component id="oc-15">
         <name>.debug_frame</name>
         <load_address>0x0</load_address>
         <run_address>0x0</run_address>
         <size>0x174</size>
         <input_file_ref idref="fl-2"/>
      </object_component>
      <object_component id="oc-1c">
         <name>.debug_frame</name>
         <load_address>0x174</load_address>
         <run_address>0x174</run_address>
         <size>0x15b</size>
         <input_file_ref idref="fl-3"/>
      </object_component>
      <object_component id="oc-21">
         <name>.debug_frame</name>
         <load_address>0x2cf</load_address>
         <run_address>0x2cf</run_address>
         <size>0xe6</size>
         <input_file_ref idref="fl-4"/>
      </object_component>
      <object_component id="oc-27">
         <name>.debug_frame</name>
         <load_address>0x3b5</load_address>
         <run_address>0x3b5</run_address>
         <size>0x1ad</size>
         <input_file_ref idref="fl-5"/>
      </object_component>
      <object_component id="oc-2d">
         <name>.debug_frame</name>
         <load_address>0x562</load_address>
         <run_address>0x562</run_address>
         <size>0x11f</size>
         <input_file_ref idref="fl-6"/>
      </object_component>
      <object_component id="oc-32">
         <name>.debug_frame</name>
         <load_address>0x681</load_address>
         <run_address>0x681</run_address>
         <size>0x175</size>
         <input_file_ref idref="fl-d"/>
      </object_component>
      <object_component id="oc-37">
         <name>.debug_frame</name>
         <load_address>0x7f6</load_address>
         <run_address>0x7f6</run_address>
         <size>0x116</size>
         <input_file_ref idref="fl-e"/>
      </object_component>
      <object_component id="oc-3c">
         <name>.debug_frame</name>
         <load_address>0x90c</load_address>
         <run_address>0x90c</run_address>
         <size>0x138</size>
         <input_file_ref idref="fl-f"/>
      </object_component>
      <object_component id="oc-42">
         <name>.debug_frame</name>
         <load_address>0xa44</load_address>
         <run_address>0xa44</run_address>
         <size>0x171</size>
         <input_file_ref idref="fl-10"/>
      </object_component>
      <object_component id="oc-47">
         <name>.debug_frame</name>
         <load_address>0xbb5</load_address>
         <run_address>0xbb5</run_address>
         <size>0x13a</size>
         <input_file_ref idref="fl-11"/>
      </object_component>
      <object_component id="oc-4c">
         <name>.debug_frame</name>
         <load_address>0xcef</load_address>
         <run_address>0xcef</run_address>
         <size>0x1e3</size>
         <input_file_ref idref="fl-12"/>
      </object_component>
      <object_component id="oc-53">
         <name>.debug_frame</name>
         <load_address>0xed2</load_address>
         <run_address>0xed2</run_address>
         <size>0x102</size>
         <input_file_ref idref="fl-13"/>
      </object_component>
      <object_component id="oc-59">
         <name>.debug_frame</name>
         <load_address>0xfd4</load_address>
         <run_address>0xfd4</run_address>
         <size>0x138</size>
         <input_file_ref idref="fl-14"/>
      </object_component>
      <object_component id="oc-5e">
         <name>.debug_frame</name>
         <load_address>0x110c</load_address>
         <run_address>0x110c</run_address>
         <size>0x272</size>
         <input_file_ref idref="fl-15"/>
      </object_component>
      <object_component id="oc-65">
         <name>.debug_frame</name>
         <load_address>0x137e</load_address>
         <run_address>0x137e</run_address>
         <size>0x197</size>
         <input_file_ref idref="fl-16"/>
      </object_component>
      <object_component id="oc-6b">
         <name>.debug_frame</name>
         <load_address>0x1515</load_address>
         <run_address>0x1515</run_address>
         <size>0x1ef</size>
         <input_file_ref idref="fl-17"/>
      </object_component>
      <object_component id="oc-70">
         <name>.debug_frame</name>
         <load_address>0x1704</load_address>
         <run_address>0x1704</run_address>
         <size>0x224</size>
         <input_file_ref idref="fl-18"/>
      </object_component>
      <object_component id="oc-16">
         <name>.debug_line</name>
         <load_address>0x0</load_address>
         <run_address>0x0</run_address>
         <size>0x121</size>
         <input_file_ref idref="fl-2"/>
      </object_component>
      <object_component id="oc-1d">
         <name>.debug_line</name>
         <load_address>0x121</load_address>
         <run_address>0x121</run_address>
         <size>0x13e</size>
         <input_file_ref idref="fl-3"/>
      </object_component>
      <object_component id="oc-22">
         <name>.debug_line</name>
         <load_address>0x25f</load_address>
         <run_address>0x25f</run_address>
         <size>0x291</size>
         <input_file_ref idref="fl-4"/>
      </object_component>
      <object_component id="oc-28">
         <name>.debug_line</name>
         <load_address>0x4f0</load_address>
         <run_address>0x4f0</run_address>
         <size>0x2fe</size>
         <input_file_ref idref="fl-5"/>
      </object_component>
      <object_component id="oc-2e">
         <name>.debug_line</name>
         <load_address>0x7ee</load_address>
         <run_address>0x7ee</run_address>
         <size>0x199</size>
         <input_file_ref idref="fl-6"/>
      </object_component>
      <object_component id="oc-33">
         <name>.debug_line</name>
         <load_address>0x987</load_address>
         <run_address>0x987</run_address>
         <size>0x6ff</size>
         <input_file_ref idref="fl-d"/>
      </object_component>
      <object_component id="oc-38">
         <name>.debug_line</name>
         <load_address>0x1086</load_address>
         <run_address>0x1086</run_address>
         <size>0x85</size>
         <input_file_ref idref="fl-e"/>
      </object_component>
      <object_component id="oc-3d">
         <name>.debug_line</name>
         <load_address>0x110b</load_address>
         <run_address>0x110b</run_address>
         <size>0xaa</size>
         <input_file_ref idref="fl-f"/>
      </object_component>
      <object_component id="oc-43">
         <name>.debug_line</name>
         <load_address>0x11b5</load_address>
         <run_address>0x11b5</run_address>
         <size>0xe9</size>
         <input_file_ref idref="fl-10"/>
      </object_component>
      <object_component id="oc-48">
         <name>.debug_line</name>
         <load_address>0x129e</load_address>
         <run_address>0x129e</run_address>
         <size>0xd9</size>
         <input_file_ref idref="fl-11"/>
      </object_component>
      <object_component id="oc-4d">
         <name>.debug_line</name>
         <load_address>0x1377</load_address>
         <run_address>0x1377</run_address>
         <size>0x192</size>
         <input_file_ref idref="fl-12"/>
      </object_component>
      <object_component id="oc-54">
         <name>.debug_line</name>
         <load_address>0x1509</load_address>
         <run_address>0x1509</run_address>
         <size>0xc3</size>
         <input_file_ref idref="fl-13"/>
      </object_component>
      <object_component id="oc-5a">
         <name>.debug_line</name>
         <load_address>0x15cc</load_address>
         <run_address>0x15cc</run_address>
         <size>0xa3</size>
         <input_file_ref idref="fl-14"/>
      </object_component>
      <object_component id="oc-5f">
         <name>.debug_line</name>
         <load_address>0x166f</load_address>
         <run_address>0x166f</run_address>
         <size>0x94b</size>
         <input_file_ref idref="fl-15"/>
      </object_component>
      <object_component id="oc-66">
         <name>.debug_line</name>
         <load_address>0x1fba</load_address>
         <run_address>0x1fba</run_address>
         <size>0x94c</size>
         <input_file_ref idref="fl-16"/>
      </object_component>
      <object_component id="oc-6c">
         <name>.debug_line</name>
         <load_address>0x2906</load_address>
         <run_address>0x2906</run_address>
         <size>0x96d</size>
         <input_file_ref idref="fl-17"/>
      </object_component>
      <object_component id="oc-71">
         <name>.debug_line</name>
         <load_address>0x3273</load_address>
         <run_address>0x3273</run_address>
         <size>0x7c8</size>
         <input_file_ref idref="fl-18"/>
      </object_component>
      <object_component id="oc-75">
         <name>.debug_line</name>
         <load_address>0x3a3b</load_address>
         <run_address>0x3a3b</run_address>
         <size>0x54</size>
         <input_file_ref idref="fl-2d"/>
      </object_component>
      <object_component id="oc-79">
         <name>.debug_line</name>
         <load_address>0x3a8f</load_address>
         <run_address>0x3a8f</run_address>
         <size>0x44</size>
         <input_file_ref idref="fl-2e"/>
      </object_component>
      <object_component id="oc-80">
         <name>.debug_line</name>
         <load_address>0x3ad3</load_address>
         <run_address>0x3ad3</run_address>
         <size>0x51</size>
         <input_file_ref idref="fl-2f"/>
      </object_component>
      <object_component id="oc-84">
         <name>.debug_line</name>
         <load_address>0x3b24</load_address>
         <run_address>0x3b24</run_address>
         <size>0x3c</size>
         <input_file_ref idref="fl-30"/>
      </object_component>
      <object_component id="oc-88">
         <name>.debug_line</name>
         <load_address>0x3b60</load_address>
         <run_address>0x3b60</run_address>
         <size>0x69</size>
         <input_file_ref idref="fl-31"/>
      </object_component>
      <object_component id="oc-8c">
         <name>.debug_line</name>
         <load_address>0x3bc9</load_address>
         <run_address>0x3bc9</run_address>
         <size>0x44</size>
         <input_file_ref idref="fl-32"/>
      </object_component>
      <object_component id="oc-90">
         <name>.debug_line</name>
         <load_address>0x3c0d</load_address>
         <run_address>0x3c0d</run_address>
         <size>0x37</size>
         <input_file_ref idref="fl-33"/>
      </object_component>
      <object_component id="oc-96">
         <name>.debug_line</name>
         <load_address>0x3c44</load_address>
         <run_address>0x3c44</run_address>
         <size>0x57</size>
         <input_file_ref idref="fl-34"/>
      </object_component>
      <object_component id="oc-9c">
         <name>.debug_line</name>
         <load_address>0x3c9b</load_address>
         <run_address>0x3c9b</run_address>
         <size>0x328</size>
         <input_file_ref idref="fl-35"/>
      </object_component>
      <object_component id="oc-a0">
         <name>.debug_line</name>
         <load_address>0x3fc3</load_address>
         <run_address>0x3fc3</run_address>
         <size>0x41</size>
         <input_file_ref idref="fl-36"/>
      </object_component>
      <object_component id="oc-a4">
         <name>.debug_line</name>
         <load_address>0x4004</load_address>
         <run_address>0x4004</run_address>
         <size>0x46</size>
         <input_file_ref idref="fl-37"/>
      </object_component>
      <object_component id="oc-a8">
         <name>.debug_line</name>
         <load_address>0x404a</load_address>
         <run_address>0x404a</run_address>
         <size>0x55</size>
         <input_file_ref idref="fl-38"/>
      </object_component>
      <object_component id="oc-ac">
         <name>.debug_line</name>
         <load_address>0x409f</load_address>
         <run_address>0x409f</run_address>
         <size>0xad</size>
         <input_file_ref idref="fl-39"/>
      </object_component>
      <object_component id="oc-b6">
         <name>.debug_line</name>
         <load_address>0x414c</load_address>
         <run_address>0x414c</run_address>
         <size>0x5b</size>
         <input_file_ref idref="fl-3c"/>
      </object_component>
      <object_component id="oc-ba">
         <name>.debug_line</name>
         <load_address>0x41a7</load_address>
         <run_address>0x41a7</run_address>
         <size>0x3d</size>
         <input_file_ref idref="fl-3d"/>
      </object_component>
      <object_component id="oc-be">
         <name>.debug_line</name>
         <load_address>0x41e4</load_address>
         <run_address>0x41e4</run_address>
         <size>0x3d</size>
         <input_file_ref idref="fl-3e"/>
      </object_component>
      <object_component id="oc-c3">
         <name>.debug_line</name>
         <load_address>0x4221</load_address>
         <run_address>0x4221</run_address>
         <size>0x44</size>
         <input_file_ref idref="fl-3f"/>
      </object_component>
      <object_component id="oc-c7">
         <name>.debug_line</name>
         <load_address>0x4265</load_address>
         <run_address>0x4265</run_address>
         <size>0x56</size>
         <input_file_ref idref="fl-40"/>
      </object_component>
      <object_component id="oc-cc">
         <name>.debug_line</name>
         <load_address>0x42bb</load_address>
         <run_address>0x42bb</run_address>
         <size>0xa8</size>
         <input_file_ref idref="fl-41"/>
      </object_component>
      <object_component id="oc-d0">
         <name>.debug_line</name>
         <load_address>0x4363</load_address>
         <run_address>0x4363</run_address>
         <size>0x40</size>
         <input_file_ref idref="fl-42"/>
      </object_component>
      <object_component id="oc-d4">
         <name>.debug_line</name>
         <load_address>0x43a3</load_address>
         <run_address>0x43a3</run_address>
         <size>0x38</size>
         <input_file_ref idref="fl-43"/>
      </object_component>
      <object_component id="oc-d8">
         <name>.debug_line</name>
         <load_address>0x43db</load_address>
         <run_address>0x43db</run_address>
         <size>0xa8</size>
         <input_file_ref idref="fl-44"/>
      </object_component>
      <object_component id="oc-de">
         <name>.debug_line</name>
         <load_address>0x4483</load_address>
         <run_address>0x4483</run_address>
         <size>0x1b0</size>
         <input_file_ref idref="fl-45"/>
      </object_component>
      <object_component id="oc-e2">
         <name>.debug_line</name>
         <load_address>0x4633</load_address>
         <run_address>0x4633</run_address>
         <size>0x40</size>
         <input_file_ref idref="fl-46"/>
      </object_component>
      <object_component id="oc-e6">
         <name>.debug_line</name>
         <load_address>0x4673</load_address>
         <run_address>0x4673</run_address>
         <size>0x3c</size>
         <input_file_ref idref="fl-47"/>
      </object_component>
      <object_component id="oc-ea">
         <name>.debug_line</name>
         <load_address>0x46af</load_address>
         <run_address>0x46af</run_address>
         <size>0x4d</size>
         <input_file_ref idref="fl-48"/>
      </object_component>
      <object_component id="oc-ee">
         <name>.debug_line</name>
         <load_address>0x46fc</load_address>
         <run_address>0x46fc</run_address>
         <size>0x3c</size>
         <input_file_ref idref="fl-49"/>
      </object_component>
      <object_component id="oc-f2">
         <name>.debug_line</name>
         <load_address>0x4738</load_address>
         <run_address>0x4738</run_address>
         <size>0x37</size>
         <input_file_ref idref="fl-4a"/>
      </object_component>
      <object_component id="oc-f6">
         <name>.debug_line</name>
         <load_address>0x476f</load_address>
         <run_address>0x476f</run_address>
         <size>0x3c</size>
         <input_file_ref idref="fl-4b"/>
      </object_component>
      <object_component id="oc-fa">
         <name>.debug_line</name>
         <load_address>0x47ab</load_address>
         <run_address>0x47ab</run_address>
         <size>0x37</size>
         <input_file_ref idref="fl-4c"/>
      </object_component>
      <object_component id="oc-ff">
         <name>.debug_line</name>
         <load_address>0x47e2</load_address>
         <run_address>0x47e2</run_address>
         <size>0x15d</size>
         <input_file_ref idref="fl-4d"/>
      </object_component>
      <object_component id="oc-105">
         <name>.debug_line</name>
         <load_address>0x493f</load_address>
         <run_address>0x493f</run_address>
         <size>0x6a</size>
         <input_file_ref idref="fl-4e"/>
      </object_component>
      <object_component id="oc-109">
         <name>.debug_line</name>
         <load_address>0x49a9</load_address>
         <run_address>0x49a9</run_address>
         <size>0x58</size>
         <input_file_ref idref="fl-4f"/>
      </object_component>
      <object_component id="oc-10d">
         <name>.debug_line</name>
         <load_address>0x4a01</load_address>
         <run_address>0x4a01</run_address>
         <size>0x57</size>
         <input_file_ref idref="fl-50"/>
      </object_component>
      <object_component id="oc-111">
         <name>.debug_line</name>
         <load_address>0x4a58</load_address>
         <run_address>0x4a58</run_address>
         <size>0x5c</size>
         <input_file_ref idref="fl-51"/>
      </object_component>
      <object_component id="oc-115">
         <name>.debug_line</name>
         <load_address>0x4ab4</load_address>
         <run_address>0x4ab4</run_address>
         <size>0x3c</size>
         <input_file_ref idref="fl-52"/>
      </object_component>
      <object_component id="oc-119">
         <name>.debug_line</name>
         <load_address>0x4af0</load_address>
         <run_address>0x4af0</run_address>
         <size>0x5b</size>
         <input_file_ref idref="fl-53"/>
      </object_component>
      <object_component id="oc-11d">
         <name>.debug_line</name>
         <load_address>0x4b4b</load_address>
         <run_address>0x4b4b</run_address>
         <size>0x3a</size>
         <input_file_ref idref="fl-54"/>
      </object_component>
      <object_component id="oc-121">
         <name>.debug_line</name>
         <load_address>0x4b85</load_address>
         <run_address>0x4b85</run_address>
         <size>0x3c</size>
         <input_file_ref idref="fl-55"/>
      </object_component>
      <object_component id="oc-125">
         <name>.debug_line</name>
         <load_address>0x4bc1</load_address>
         <run_address>0x4bc1</run_address>
         <size>0x3f</size>
         <input_file_ref idref="fl-56"/>
      </object_component>
      <object_component id="oc-12b">
         <name>.debug_line</name>
         <load_address>0x4c00</load_address>
         <run_address>0x4c00</run_address>
         <size>0xd7</size>
         <input_file_ref idref="fl-57"/>
      </object_component>
      <object_component id="oc-132">
         <name>.debug_line</name>
         <load_address>0x4cd7</load_address>
         <run_address>0x4cd7</run_address>
         <size>0x112</size>
         <input_file_ref idref="fl-58"/>
      </object_component>
      <object_component id="oc-136">
         <name>.debug_line</name>
         <load_address>0x4de9</load_address>
         <run_address>0x4de9</run_address>
         <size>0x3d</size>
         <input_file_ref idref="fl-59"/>
      </object_component>
      <object_component id="oc-13a">
         <name>.debug_line</name>
         <load_address>0x4e26</load_address>
         <run_address>0x4e26</run_address>
         <size>0x39</size>
         <input_file_ref idref="fl-5a"/>
      </object_component>
      <object_component id="oc-17">
         <name>.debug_abbrev</name>
         <load_address>0x0</load_address>
         <run_address>0x0</run_address>
         <size>0x147</size>
         <input_file_ref idref="fl-2"/>
      </object_component>
      <object_component id="oc-1e">
         <name>.debug_abbrev</name>
         <load_address>0x147</load_address>
         <run_address>0x147</run_address>
         <size>0x192</size>
         <input_file_ref idref="fl-3"/>
      </object_component>
      <object_component id="oc-23">
         <name>.debug_abbrev</name>
         <load_address>0x2d9</load_address>
         <run_address>0x2d9</run_address>
         <size>0xe4</size>
         <input_file_ref idref="fl-4"/>
      </object_component>
      <object_component id="oc-29">
         <name>.debug_abbrev</name>
         <load_address>0x3bd</load_address>
         <run_address>0x3bd</run_address>
         <size>0x15f</size>
         <input_file_ref idref="fl-5"/>
      </object_component>
      <object_component id="oc-2f">
         <name>.debug_abbrev</name>
         <load_address>0x51c</load_address>
         <run_address>0x51c</run_address>
         <size>0x122</size>
         <input_file_ref idref="fl-6"/>
      </object_component>
      <object_component id="oc-34">
         <name>.debug_abbrev</name>
         <load_address>0x63e</load_address>
         <run_address>0x63e</run_address>
         <size>0x23e</size>
         <input_file_ref idref="fl-d"/>
      </object_component>
      <object_component id="oc-39">
         <name>.debug_abbrev</name>
         <load_address>0x87c</load_address>
         <run_address>0x87c</run_address>
         <size>0x12d</size>
         <input_file_ref idref="fl-e"/>
      </object_component>
      <object_component id="oc-3e">
         <name>.debug_abbrev</name>
         <load_address>0x9a9</load_address>
         <run_address>0x9a9</run_address>
         <size>0xd9</size>
         <input_file_ref idref="fl-f"/>
      </object_component>
      <object_component id="oc-44">
         <name>.debug_abbrev</name>
         <load_address>0xa82</load_address>
         <run_address>0xa82</run_address>
         <size>0x164</size>
         <input_file_ref idref="fl-10"/>
      </object_component>
      <object_component id="oc-49">
         <name>.debug_abbrev</name>
         <load_address>0xbe6</load_address>
         <run_address>0xbe6</run_address>
         <size>0x10d</size>
         <input_file_ref idref="fl-11"/>
      </object_component>
      <object_component id="oc-4e">
         <name>.debug_abbrev</name>
         <load_address>0xcf3</load_address>
         <run_address>0xcf3</run_address>
         <size>0x130</size>
         <input_file_ref idref="fl-12"/>
      </object_component>
      <object_component id="oc-55">
         <name>.debug_abbrev</name>
[...]
      <symbol id="sm-3d1">
         <name>_I2C_write</name>
         <value>0x21a82</value>
         <object_component_ref idref="oc-68"/>
      </symbol>
      <symbol id="sm-3d2">
         <name>_I2C_read</name>
         <value>0x21cc6</value>
         <object_component_ref idref="oc-68"/>
      </symbol>
      <symbol id="sm-3d3">
         <name>_I2C_eventDisable</name>
         <value>0x22018</value>
         <object_component_ref idref="oc-68"/>
      </symbol>
      <symbol id="sm-3d4">
         <name>_I2C_getEventId</name>
         <value>0x221c4</value>
         <object_component_ref idref="oc-68"/>
      </symbol>
      <symbol id="sm-3d5">
         <name>_i2cHandle</name>
         <value>0x56ec</value>
         <object_component_ref idref="oc-69"/>
      </symbol>
      <symbol id="sm-41a">
         <name>_GPIO_write</name>
         <value>0x238e3</value>
         <object_component_ref idref="oc-6e"/>
      </symbol>
      <symbol id="sm-41b">
         <name>_GPIO_read</name>
         <value>0x23860</value>
         <object_component_ref idref="oc-6e"/>
      </symbol>
      <symbol id="sm-41c">
         <name>_GPIO_close</name>
         <value>0x2372f</value>
         <object_component_ref idref="oc-6e"/>
      </symbol>
      <symbol id="sm-41d">
         <name>_GPIO_enableInt</name>
         <value>0x23b4c</value>
         <object_component_ref idref="oc-6e"/>
      </symbol>
      <symbol id="sm-41e">
         <name>_GPIO_clearInt</name>
         <value>0x23bd6</value>
         <object_component_ref idref="oc-6e"/>
      </symbol>
      <symbol id="sm-41f">
         <name>_GPIO_statusBit</name>
         <value>0x23c62</value>
         <object_component_ref idref="oc-6e"/>
      </symbol>
      <symbol id="sm-420">
         <name>_GPIO_configBit</name>
         <value>0x23986</value>
         <object_component_ref idref="oc-6e"/>
      </symbol>
      <symbol id="sm-421">
         <name>_GPIO_reset</name>
         <value>0x23ce9</value>
         <object_component_ref idref="oc-6e"/>
      </symbol>
      <symbol id="sm-422">
         <name>_GPIO_getConfig</name>
         <value>0x237d8</value>
         <object_component_ref idref="oc-6e"/>
      </symbol>
      <symbol id="sm-423">
         <name>_GPIO_disableInt</name>
         <value>0x23ace</value>
         <object_component_ref idref="oc-6e"/>
      </symbol>
      <symbol id="sm-424">
         <name>_GPIO_config</name>
         <value>0x23753</value>
         <object_component_ref idref="oc-6e"/>
      </symbol>
      <symbol id="sm-425">
         <name>_GPIO_open</name>
         <value>0x236eb</value>
         <object_component_ref idref="oc-6e"/>
      </symbol>
      <symbol id="sm-431">
         <name>__sysstack</name>
         <value>0x20c0</value>
         <object_component_ref idref="oc-13c"/>
      </symbol>
      <symbol id="sm-432">
         <name>_c_int00</name>
         <value>0x2846f</value>
         <object_component_ref idref="oc-10"/>
      </symbol>
      <symbol id="sm-433">
         <name>__stack</name>
         <value>0xc0</value>
         <object_component_ref idref="oc-73"/>
      </symbol>
      <symbol id="sm-43e">
         <name>__divul</name>
         <value>0x27c10</value>
         <object_component_ref idref="oc-77"/>
      </symbol>
      <symbol id="sm-44e">
         <name>C$$EXIT</name>
         <value>0x28588</value>
         <object_component_ref idref="oc-7f"/>
      </symbol>
      <symbol id="sm-44f">
         <name>_exit</name>
         <value>0x28431</value>
         <object_component_ref idref="oc-7b"/>
      </symbol>
      <symbol id="sm-450">
         <name>_abort</name>
         <value>0x28587</value>
         <object_component_ref idref="oc-7f"/>
      </symbol>
      <symbol id="sm-451">
         <name>__cleanup_ptr</name>
         <value>0x571c</value>
         <object_component_ref idref="oc-7c"/>
      </symbol>
      <symbol id="sm-452">
         <name>__dtors_ptr</name>
         <value>0x5720</value>
         <object_component_ref idref="oc-7c"/>
      </symbol>
      <symbol id="sm-45a">
         <name>__mpyli</name>
         <value>0x28548</value>
         <object_component_ref idref="oc-82"/>
      </symbol>
      <symbol id="sm-45b">
         <name>I$$LMPY</name>
         <value>0x28548</value>
         <object_component_ref idref="oc-82"/>
      </symbol>
      <symbol id="sm-465">
         <name>_printf</name>
         <value>0x28277</value>
         <object_component_ref idref="oc-86"/>
      </symbol>
      <symbol id="sm-470">
         <name>__remul</name>
         <value>0x27fa7</value>
         <object_component_ref idref="oc-8a"/>
      </symbol>
      <symbol id="sm-47a">
         <name>_Reset</name>
         <value>0x4fe00</value>
         <object_component_ref idref="oc-11"/>
      </symbol>
      <symbol id="sm-488">
         <name>__unlock</name>
         <value>0x5718</value>
         <object_component_ref idref="oc-93"/>
      </symbol>
      <symbol id="sm-489">
         <name>__lock</name>
         <value>0x5714</value>
         <object_component_ref idref="oc-93"/>
      </symbol>
      <symbol id="sm-48a">
         <name>__register_lock</name>
         <value>0x28563</value>
         <object_component_ref idref="oc-92"/>
      </symbol>
      <symbol id="sm-48b">
         <name>__nop</name>
         <value>0x2856b</value>
         <object_component_ref idref="oc-92"/>
      </symbol>
      <symbol id="sm-48c">
         <name>__register_unlock</name>
         <value>0x2855b</value>
         <object_component_ref idref="oc-92"/>
      </symbol>
      <symbol id="sm-49e">
         <name>__printfi</name>
         <value>0x21362</value>
         <object_component_ref idref="oc-98"/>
      </symbol>
      <symbol id="sm-4a8">
         <name>__args_main</name>
         <value>0x28314</value>
         <object_component_ref idref="oc-9e"/>
      </symbol>
      <symbol id="sm-4a9">
         <name>__TI_args_main</name>
         <value>0x1</value>
      </symbol>
      <symbol id="sm-4b3">
         <name>_atoi</name>
         <value>0x281c7</value>
         <object_component_ref idref="oc-a2"/>
      </symbol>
      <symbol id="sm-4bb">
         <name>_auto_init</name>
         <value>0x282c7</value>
         <object_component_ref idref="oc-a6"/>
      </symbol>
      <symbol id="sm-4c5">
         <name>__eqld</name>
         <value>0x26ef6</value>
         <object_component_ref idref="oc-aa"/>
      </symbol>
      <symbol id="sm-4c6">
         <name>__cmpd</name>
         <value>0x26f2a</value>
         <object_component_ref idref="oc-aa"/>
      </symbol>
      <symbol id="sm-4c7">
         <name>__neqd</name>
         <value>0x26d98</value>
         <object_component_ref idref="oc-aa"/>
      </symbol>
      <symbol id="sm-4c8">
         <name>__gtrd</name>
         <value>0x26e61</value>
         <object_component_ref idref="oc-aa"/>
      </symbol>
      <symbol id="sm-4c9">
         <name>__geqd</name>
         <value>0x26eac</value>
         <object_component_ref idref="oc-aa"/>
      </symbol>
      <symbol id="sm-4ca">
         <name>__leqd</name>
         <value>0x26e14</value>
         <object_component_ref idref="oc-aa"/>
      </symbol>
      <symbol id="sm-4cb">
         <name>__lssd</name>
         <value>0x26dcc</value>
         <object_component_ref idref="oc-aa"/>
      </symbol>
      <symbol id="sm-4d3">
         <name>__ctypes_</name>
         <value>0x5ace</value>
         <object_component_ref idref="oc-13f"/>
      </symbol>
      <symbol id="sm-4dd">
         <name>__tmpnams</name>
         <value>0x51b0</value>
         <object_component_ref idref="oc-b0"/>
      </symbol>
      <symbol id="sm-4de">
         <name>__ft_end</name>
         <value>0x52f0</value>
         <object_component_ref idref="oc-b0"/>
      </symbol>
      <symbol id="sm-4df">
         <name>__ftable</name>
         <value>0x50c0</value>
         <object_component_ref idref="oc-b0"/>
      </symbol>
      <symbol id="sm-4eb">
         <name>__divd</name>
         <value>0x257e4</value>
         <object_component_ref idref="oc-b4"/>
      </symbol>
      <symbol id="sm-4f5">
         <name>__fixdi</name>
         <value>0x284a3</value>
         <object_component_ref idref="oc-b8"/>
      </symbol>
      <symbol id="sm-4ff">
         <name>__fixdli</name>
         <value>0x28019</value>
         <object_component_ref idref="oc-bc"/>
      </symbol>
      <symbol id="sm-50b">
         <name>__fltlid</name>
         <value>0x28160</value>
         <object_component_ref idref="oc-c0"/>
      </symbol>
      <symbol id="sm-515">
         <name>_putchar</name>
         <value>0x27c01</value>
         <object_component_ref idref="oc-c5"/>
      </symbol>
      <symbol id="sm-516">
         <name>_putc</name>
         <value>0x27b6a</value>
         <object_component_ref idref="oc-c5"/>
      </symbol>
      <symbol id="sm-517">
         <name>_fputc</name>
         <value>0x27b6a</value>
         <object_component_ref idref="oc-c5"/>
      </symbol>
      <symbol id="sm-525">
         <name>_puts</name>
         <value>0x275aa</value>
         <object_component_ref idref="oc-c9"/>
      </symbol>
      <symbol id="sm-526">
         <name>_fputs</name>
         <value>0x27475</value>
         <object_component_ref idref="oc-c9"/>
      </symbol>
      <symbol id="sm-530">
         <name>__frcmpyd_div</name>
         <value>0x27f34</value>
         <object_component_ref idref="oc-ce"/>
      </symbol>
      <symbol id="sm-53a">
         <name>___isinf</name>
         <value>0x2851a</value>
         <object_component_ref idref="oc-d2"/>
      </symbol>
      <symbol id="sm-544">
         <name>__divull</name>
         <value>0x26a15</value>
         <object_component_ref idref="oc-d6"/>
      </symbol>
      <symbol id="sm-545">
         <name>__mpylli</name>
         <value>0x2695d</value>
         <object_component_ref idref="oc-d6"/>
      </symbol>
      <symbol id="sm-546">
         <name>__remlli</name>
         <value>0x2692e</value>
         <object_component_ref idref="oc-d6"/>
      </symbol>
      <symbol id="sm-547">
         <name>__divlli</name>
         <value>0x26b09</value>
         <object_component_ref idref="oc-d6"/>
      </symbol>
      <symbol id="sm-548">
         <name>__remull</name>
         <value>0x268e0</value>
         <object_component_ref idref="oc-d6"/>
      </symbol>
      <symbol id="sm-55a">
         <name>_add_device</name>
         <value>0x247f6</value>
         <object_component_ref idref="oc-da"/>
      </symbol>
      <symbol id="sm-55b">
         <name>_rename</name>
         <value>0x24518</value>
         <object_component_ref idref="oc-da"/>
      </symbol>
      <symbol id="sm-55c">
         <name>_read</name>
         <value>0x245a7</value>
         <object_component_ref idref="oc-da"/>
      </symbol>
      <symbol id="sm-55d">
         <name>_unlink</name>
         <value>0x244e5</value>
         <object_component_ref idref="oc-da"/>
      </symbol>
      <symbol id="sm-55e">
         <name>_remove_device</name>
         <value>0x24571</value>
         <object_component_ref idref="oc-da"/>
      </symbol>
      <symbol id="sm-55f">
         <name>_open</name>
         <value>0x24655</value>
         <object_component_ref idref="oc-da"/>
      </symbol>
      <symbol id="sm-560">
         <name>_find_registered_device</name>
         <value>0x2477a</value>
         <object_component_ref idref="oc-da"/>
      </symbol>
      <symbol id="sm-561">
         <name>_lseek</name>
         <value>0x24714</value>
         <object_component_ref idref="oc-da"/>
      </symbol>
      <symbol id="sm-562">
         <name>_close</name>
         <value>0x24783</value>
         <object_component_ref idref="oc-da"/>
      </symbol>
      <symbol id="sm-563">
         <name>_write</name>
         <value>0x243a3</value>
         <object_component_ref idref="oc-da"/>
      </symbol>
      <symbol id="sm-56d">
         <name>_ltoa</name>
         <value>0x27dc6</value>
         <object_component_ref idref="oc-e0"/>
      </symbol>
      <symbol id="sm-578">
         <name>_memccpy</name>
         <value>0x284f7</value>
         <object_component_ref idref="oc-e4"/>
      </symbol>
      <symbol id="sm-580">
         <name>_memcpy</name>
         <value>0x283f2</value>
         <object_component_ref idref="oc-e8"/>
      </symbol>
      <symbol id="sm-58a">
         <name>__mpyd</name>
         <value>0x275d8</value>
         <object_component_ref idref="oc-ec"/>
      </symbol>
      <symbol id="sm-594">
         <name>__negd</name>
         <value>0x2856d</value>
         <object_component_ref idref="oc-f0"/>
      </symbol>
      <symbol id="sm-59e">
         <name>__remli</name>
         <value>0x2835f</value>
         <object_component_ref idref="oc-f4"/>
      </symbol>
      <symbol id="sm-5a8">
         <name>__subd</name>
         <value>0x28534</value>
         <object_component_ref idref="oc-f8"/>
      </symbol>
      <symbol id="sm-5b4">
         <name>_HOSTopen</name>
         <value>0x24bf1</value>
         <object_component_ref idref="oc-fc"/>
      </symbol>
      <symbol id="sm-5b5">
         <name>_HOSTread</name>
         <value>0x24b64</value>
         <object_component_ref idref="oc-fc"/>
      </symbol>
      <symbol id="sm-5b6">
         <name>_HOSTtime</name>
         <value>0x24a58</value>
         <object_component_ref idref="oc-fc"/>
      </symbol>
      <symbol id="sm-5b7">
         <name>_getenv</name>
         <value>0x248e6</value>
         <object_component_ref idref="oc-fc"/>
      </symbol>
      <symbol id="sm-5b8">
         <name>_HOSTrename</name>
         <value>0x24ab6</value>
         <object_component_ref idref="oc-fc"/>
      </symbol>
      <symbol id="sm-5b9">
         <name>_HOSTclock</name>
         <value>0x24db0</value>
         <object_component_ref idref="oc-fc"/>
      </symbol>
      <symbol id="sm-5ba">
         <name>_HOSTwrite</name>
         <value>0x24961</value>
         <object_component_ref idref="oc-fc"/>
      </symbol>
      <symbol id="sm-5bb">
         <name>_HOSTlseek</name>
         <value>0x24c90</value>
         <object_component_ref idref="oc-fc"/>
      </symbol>
      <symbol id="sm-5bc">
         <name>_HOSTunlink</name>
         <value>0x249ee</value>
         <object_component_ref idref="oc-fc"/>
      </symbol>
      <symbol id="sm-5bd">
         <name>_HOSTclose</name>
         <value>0x24d45</value>
         <object_component_ref idref="oc-fc"/>
      </symbol>
      <symbol id="sm-5cf">
         <name>C$$IO$$</name>
         <value>0x27b65</value>
         <object_component_ref idref="oc-104"/>
      </symbol>
      <symbol id="sm-5d0">
         <name>__CIOBUF_</name>
         <value>0x40000</value>
         <object_component_ref idref="oc-103"/>
      </symbol>
      <symbol id="sm-5d1">
         <name>_readmsg</name>
         <value>0x28088</value>
         <object_component_ref idref="oc-101"/>
      </symbol>
      <symbol id="sm-5d2">
         <name>_writemsg</name>
         <value>0x27ab0</value>
         <object_component_ref idref="oc-104"/>
      </symbol>
      <symbol id="sm-5da">
         <name>__remu</name>
         <value>0x284e2</value>
         <object_component_ref idref="oc-107"/>
      </symbol>
      <symbol id="sm-5db">
         <name>__divu</name>
         <value>0x284cd</value>
         <object_component_ref idref="oc-107"/>
      </symbol>
      <symbol id="sm-5dc">
         <name>I$$UMOD</name>
         <value>0x284e2</value>
         <object_component_ref idref="oc-107"/>
      </symbol>
      <symbol id="sm-5dd">
         <name>I$$UDIV</name>
         <value>0x284cd</value>
         <object_component_ref idref="oc-107"/>
      </symbol>
      <symbol id="sm-5e7">
         <name>__rd_ok</name>
         <value>0x27991</value>
         <object_component_ref idref="oc-10b"/>
      </symbol>
      <symbol id="sm-5e8">
         <name>__wrt_ok</name>
         <value>0x27911</value>
         <object_component_ref idref="oc-10b"/>
      </symbol>
      <symbol id="sm-5f2">
         <name>__addd</name>
         <value>0x26b3e</value>
         <object_component_ref idref="oc-10f"/>
      </symbol>
      <symbol id="sm-5fc">
         <name>__divli</name>
         <value>0x283aa</value>
         <object_component_ref idref="oc-113"/>
      </symbol>
      <symbol id="sm-606">
         <name>__doflush</name>
         <value>0x279ee</value>
         <object_component_ref idref="oc-117"/>
      </symbol>
      <symbol id="sm-607">
         <name>_fflush</name>
         <value>0x27a57</value>
         <object_component_ref idref="oc-117"/>
      </symbol>
      <symbol id="sm-611">
         <name>__frcmpyd</name>
         <value>0x27ebe</value>
         <object_component_ref idref="oc-11b"/>
      </symbol>
      <symbol id="sm-61b">
         <name>_fseek</name>
         <value>0x280f5</value>
         <object_component_ref idref="oc-11f"/>
      </symbol>
      <symbol id="sm-625">
         <name>_setvbuf</name>
         <value>0x2782b</value>
         <object_component_ref idref="oc-123"/>
      </symbol>
      <symbol id="sm-634">
         <name>__cleanup</name>
         <value>0x26524</value>
         <object_component_ref idref="oc-127"/>
      </symbol>
      <symbol id="sm-635">
         <name>_fopen</name>
         <value>0x26647</value>
         <object_component_ref idref="oc-127"/>
      </symbol>
      <symbol id="sm-636">
         <name>_freopen</name>
         <value>0x2657e</value>
         <object_component_ref idref="oc-127"/>
      </symbol>
      <symbol id="sm-646">
         <name>__sys_memory</name>
         <value>0x30c0</value>
         <object_component_ref idref="oc-131"/>
      </symbol>
      <symbol id="sm-647">
         <name>_chkheap</name>
         <value>0x257b6</value>
         <object_component_ref idref="oc-12d"/>
      </symbol>
      <symbol id="sm-648">
         <name>_realloc</name>
         <value>0x25555</value>
         <object_component_ref idref="oc-12d"/>
      </symbol>
      <symbol id="sm-649">
         <name>_free_memory</name>
         <value>0x25760</value>
         <object_component_ref idref="oc-12d"/>
      </symbol>
      <symbol id="sm-64a">
         <name>_max_free</name>
         <value>0x25706</value>
         <object_component_ref idref="oc-12d"/>
      </symbol>
      <symbol id="sm-64b">
         <name>_free</name>
         <value>0x2532f</value>
         <object_component_ref idref="oc-12d"/>
      </symbol>
      <symbol id="sm-64c">
         <name>_calloc</name>
         <value>0x257be</value>
         <object_component_ref idref="oc-12d"/>
      </symbol>
      <symbol id="sm-64d">
         <name>_malloc</name>
         <value>0x25460</value>
         <object_component_ref idref="oc-12d"/>
      </symbol>
      <symbol id="sm-64e">
         <name>_minit</name>
         <value>0x253fb</value>
         <object_component_ref idref="oc-12d"/>
      </symbol>
      <symbol id="sm-658">
         <name>_fclose</name>
         <value>0x27e43</value>
         <object_component_ref idref="oc-134"/>
      </symbol>
      <symbol id="sm-662">
         <name>_remove</name>
         <value>0x2857d</value>
         <object_component_ref idref="oc-138"/>
      </symbol>
   </symbol_table>
</link_info>
